Archive member included because of file (symbol)

contiki-sky.a(contiki-sky-pla)
                              obj_sky/contiki-sky-main.o (init_platform)
contiki-sky.a(button-sensor.o)
                              contiki-sky.a(contiki-sky-pla) (button_sensor)
contiki-sky.a(ds2411.o)       obj_sky/contiki-sky-main.o (ds2411_init)
contiki-sky.a(xmem.o)         obj_sky/contiki-sky-main.o (xmem_init)
contiki-sky.a(node-id.o)      obj_sky/contiki-sky-main.o (node_id_restore)
contiki-sky.a(sensors.o)      contiki-sky.a(button-sensor.o) (sensors_changed)
contiki-sky.a(cc2420.o)       obj_sky/contiki-sky-main.o (cc2420_set_pan_addr)
contiki-sky.a(cc2420-arch.o)  contiki-sky.a(cc2420.o) (cc2420_arch_init)
contiki-sky.a(uart1.o)        obj_sky/contiki-sky-main.o (uart1_active)
contiki-sky.a(uart1-putchar.o)
                              obj_sky/contiki-sky-main.o (putchar)
contiki-sky.a(msp430.o)       contiki-sky.a(uart1.o) (msp430_add_lpm_req)
contiki-sky.a(clock.o)        obj_sky/contiki-sky-main.o (clock_init)
contiki-sky.a(leds.o)         obj_sky/contiki-sky-main.o (leds_init)
contiki-sky.a(leds-arch.o)    contiki-sky.a(leds.o) (leds_arch_init)
contiki-sky.a(watchdog.o)     obj_sky/contiki-sky-main.o (watchdog_start)
contiki-sky.a(rtimer-arch.o)  obj_sky/contiki-sky-main.o (rtimer_arch_now)
contiki-sky.a(autostart.o)    obj_sky/contiki-sky-main.o (autostart_start)
contiki-sky.a(energest.o)     obj_sky/contiki-sky-main.o (energest_init)
contiki-sky.a(etimer.o)       contiki-sky.a(clock.o) (etimer_request_poll)
contiki-sky.a(ctimer.o)       obj_sky/contiki-sky-main.o (ctimer_init)
contiki-sky.a(process.o)      contiki-sky.a(etimer.o) (process_current)
contiki-sky.a(rtimer.o)       obj_sky/contiki-sky-main.o (rtimer_init)
contiki-sky.a(timer.o)        obj_sky/contiki-sky-main.o (timer_set)
contiki-sky.a(serial-line.o)  obj_sky/contiki-sky-main.o (serial_line_input_byte)
contiki-sky.a(list.o)         obj_sky/DGHS_neighbor_discovery.o (list_init)
contiki-sky.a(memb.o)         obj_sky/DGHS_neighbor_discovery.o (memb_init)
contiki-sky.a(random.o)       obj_sky/contiki-sky-main.o (random_init)
contiki-sky.a(ringbuf.o)      contiki-sky.a(serial-line.o) (ringbuf_init)
contiki-sky.a(rime.o)         obj_sky/contiki-sky-main.o (rime_driver)
contiki-sky.a(broadcast-annou)
                              contiki-sky.a(rime.o) (broadcast_announcement_init)
contiki-sky.a(announcement.o)
                              contiki-sky.a(rime.o) (announcement_init)
contiki-sky.a(runicast.o)     obj_sky/DGHS_neighbor_discovery.o (runicast_open)
contiki-sky.a(stunicast.o)    contiki-sky.a(runicast.o) (stunicast_open)
contiki-sky.a(chameleon.o)    contiki-sky.a(rime.o) (chameleon_init)
contiki-sky.a(broadcast.o)    obj_sky/DGHS_neighbor_discovery.o (broadcast_open)
contiki-sky.a(abc.o)          contiki-sky.a(broadcast.o) (abc_open)
contiki-sky.a(unicast.o)      contiki-sky.a(stunicast.o) (unicast_open)
contiki-sky.a(csma.o)         obj_sky/contiki-sky-main.o (csma_driver)
contiki-sky.a(queuebuf.o)     contiki-sky.a(rime.o) (queuebuf_init)
contiki-sky.a(packetbuf.o)    contiki-sky.a(cc2420.o) (packetbuf_set_datalen)
contiki-sky.a(linkaddr.o)     obj_sky/DGHS_neighbor_discovery.o (linkaddr_copy)
contiki-sky.a(contikimac.o)   obj_sky/contiki-sky-main.o (contikimac_driver)
contiki-sky.a(contikimac-fram)
                              contiki-sky.a(contikimac.o) (contikimac_framer)
contiki-sky.a(nullsec.o)      obj_sky/contiki-sky-main.o (nullsec_driver)
contiki-sky.a(spi.o)          contiki-sky.a(xmem.o) (spi_init)
contiki-sky.a(compower.o)     contiki-sky.a(contikimac.o) (compower_accumulate)
contiki-sky.a(chameleon-bitop)
                              contiki-sky.a(chameleon.o) (chameleon_bitopt)
contiki-sky.a(channel.o)      contiki-sky.a(chameleon.o) (channel_init)
contiki-sky.a(mac-sequence.o)
                              contiki-sky.a(contikimac.o) (mac_sequence_is_duplicate)
contiki-sky.a(mac.o)          contiki-sky.a(csma.o) (mac_call_sent_callback)
contiki-sky.a(framer-802154.o)
                              contiki-sky.a(contikimac-fram) (framer_802154)
contiki-sky.a(frame802154.o)  contiki-sky.a(framer-802154.o) (frame802154_get_pan_id)
/usr/lib/gcc/msp430/4.6.3/mmpy-16/libgcc.a(_mulsi3.o)
                              contiki-sky.a(csma.o) (__mulsi3)
/usr/lib/gcc/msp430/4.6.3/mmpy-16/libgcc.a(_udivmod16.o)
                              obj_sky/DGHS_neighbor_discovery.o (__umodhi3)
/usr/lib/gcc/msp430/4.6.3/mmpy-16/libgcc.a(_udivmod32.o)
                              obj_sky/contiki-sky-main.o (__udivsi3)
/usr/lib/gcc/msp430/4.6.3/../../../../msp430/lib/mmpy-16/libc.a(strncmp.o)
                              contiki-sky.a(sensors.o) (strncmp)
/usr/lib/gcc/msp430/4.6.3/../../../../msp430/lib/mmpy-16/libc.a(memcmp.o)
                              contiki-sky.a(linkaddr.o) (memcmp)
/usr/lib/gcc/msp430/4.6.3/../../../../msp430/lib/mmpy-16/libc.a(memcpy.o)
                              obj_sky/DGHS_neighbor_discovery.o (memcpy)
[...]
Memory Configuration

Name             Origin             Length             Attributes
sfr              0x0000000000000000 0x0000000000000010
peripheral_8bit  0x0000000000000010 0x00000000000000f0
peripheral_16bit 0x0000000000000100 0x0000000000000100
ram_mirror       0x0000000000000200 0x0000000000000800 xw
infomem          0x0000000000001000 0x0000000000000100
infob            0x0000000000001000 0x0000000000000080
infoa            0x0000000000001080 0x0000000000000080
ram              0x0000000000001100 0x0000000000002800 xw
rom              0x0000000000004000 0x000000000000bfe0 xr
vectors          0x000000000000ffe0 0x0000000000000020
bsl              0x0000000000000000 0x0000000000000000
infoc            0x0000000000000000 0x0000000000000000
infod            0x0000000000000000 0x0000000000000000
ram2             0x0000000000000000 0x0000000000000000 xw
usbram           0x0000000000000000 0x0000000000000000 xw
far_rom          0x0000000000000000 0x0000000000000000
*default*        0x0000000000000000 0xffffffffffffffff

Linker script and memory map

LOAD /usr/lib/gcc/msp430/4.6.3/mmpy-16/crt0ivtbl16.o
LOAD example-DGHS.co
LOAD obj_sky/neighbor_discovery.o
LOAD obj_sky/DGHS_neighbor_discovery.o
LOAD obj_sky/Gallager_Humblet_Spira.o
LOAD obj_sky/DGHS_Gallager_Humblet_Spira.o
LOAD obj_sky/contiki-sky-main.o
LOAD contiki-sky.a
LOAD /usr/lib/gcc/msp430/4.6.3/mmpy-16/libgcc.a
LOAD /usr/lib/gcc/msp430/4.6.3/../../../../msp430/lib/mmpy-16/libc.a
LOAD /usr/lib/gcc/msp430/4.6.3/mmpy-16/libgcc.a
LOAD /usr/lib/gcc/msp430/4.6.3/mmpy-16/libcrt0.a
                0x0000000000000080                PROVIDE (__info_segment_size, 0x80)
                0x0000000000001000                PROVIDE (__infob, 0x1000)
                0x0000000000001080                PROVIDE (__infoa, 0x1080)
                0x0000000000000000                __IE1 = 0x0
                0x0000000000000002                __IFG1 = 0x2
                0x0000000000000004                __ME1 = 0x4
                0x0000000000000001                __IE2 = 0x1
                0x0000000000000003                __IFG2 = 0x3
                0x0000000000000005                __ME2 = 0x5
                0x0000000000000120                __WDTCTL = 0x120
                0x0000000000000130                __MPY = 0x130
                0x0000000000000132                __MPYS = 0x132
                0x0000000000000134                __MAC = 0x134
                0x0000000000000136                __MACS = 0x136
                0x0000000000000138                __OP2 = 0x138
                0x000000000000013a                __RESLO = 0x13a
                0x000000000000013c                __RESHI = 0x13c
                0x000000000000013e                __SUMEXT = 0x13e
                0x0000000000000020                __P1IN = 0x20
                0x0000000000000021                __P1OUT = 0x21
                0x0000000000000022                __P1DIR = 0x22
                0x0000000000000023                __P1IFG = 0x23
                0x0000000000000024                __P1IES = 0x24
                0x0000000000000025                __P1IE = 0x25
                0x0000000000000026                __P1SEL = 0x26
                0x0000000000000028                __P2IN = 0x28
                0x0000000000000029                __P2OUT = 0x29
                0x000000000000002a                __P2DIR = 0x2a
                0x000000000000002b                __P2IFG = 0x2b
                0x000000000000002c                __P2IES = 0x2c
                0x000000000000002d                __P2IE = 0x2d
                0x000000000000002e                __P2SEL = 0x2e
                0x0000000000000018                __P3IN = 0x18
                0x0000000000000019                __P3OUT = 0x19
                0x000000000000001a                __P3DIR = 0x1a
                0x000000000000001b                __P3SEL = 0x1b
                0x000000000000001c                __P4IN = 0x1c
                0x000000000000001d                __P4OUT = 0x1d
                0x000000000000001e                __P4DIR = 0x1e
                0x000000000000001f                __P4SEL = 0x1f
                0x0000000000000030                __P5IN = 0x30
                0x0000000000000031                __P5OUT = 0x31
                0x0000000000000032                __P5DIR = 0x32
                0x0000000000000033                __P5SEL = 0x33
                0x0000000000000034                __P6IN = 0x34
                0x0000000000000035                __P6OUT = 0x35
                0x0000000000000036                __P6DIR = 0x36
                0x0000000000000037                __P6SEL = 0x37
                0x0000000000000070                __U0CTL = 0x70
                0x0000000000000071                __U0TCTL = 0x71
                0x0000000000000072                __U0RCTL = 0x72
                0x0000000000000073                __U0MCTL = 0x73
                0x0000000000000074                __U0BR0 = 0x74
                0x0000000000000075                __U0BR1 = 0x75
                0x0000000000000076                __U0RXBUF = 0x76
                0x0000000000000077                __U0TXBUF = 0x77
                0x0000000000000078                __U1CTL = 0x78
                0x0000000000000079                __U1TCTL = 0x79
                0x000000000000007a                __U1RCTL = 0x7a
                0x000000000000007b                __U1MCTL = 0x7b
                0x000000000000007c                __U1BR0 = 0x7c
                0x000000000000007d                __U1BR1 = 0x7d
                0x000000000000007e                __U1RXBUF = 0x7e
                0x000000000000007f                __U1TXBUF = 0x7f
                0x0000000000000050                __I2CIE = 0x50
                0x0000000000000051                __I2CIFG = 0x51
                0x0000000000000052                __I2CNDAT = 0x52
                0x0000000000000071                __I2CTCTL = 0x71
                0x0000000000000072                __I2CDCTL = 0x72
                0x0000000000000073                __I2CPSC = 0x73
                0x0000000000000074                __I2CSCLH = 0x74
                0x0000000000000075                __I2CSCLL = 0x75
                0x0000000000000076                __I2CDRB = 0x76
                0x0000000000000076                __I2CDRW = 0x76
                0x0000000000000118                __I2COA = 0x118
                0x000000000000011a                __I2CSA = 0x11a
                0x000000000000011c                __I2CIV = 0x11c
                0x000000000000012e                __TAIV = 0x12e
                0x0000000000000160                __TACTL = 0x160
                0x0000000000000162                __TACCTL0 = 0x162
                0x0000000000000164                __TACCTL1 = 0x164
                0x0000000000000166                __TACCTL2 = 0x166
                0x0000000000000170                __TAR = 0x170
                0x0000000000000172                __TACCR0 = 0x172
                0x0000000000000174                __TACCR1 = 0x174
                0x0000000000000176                __TACCR2 = 0x176
                0x000000000000011e                __TBIV = 0x11e
                0x0000000000000180                __TBCTL = 0x180
                0x0000000000000182                __TBCCTL0 = 0x182
                0x0000000000000184                __TBCCTL1 = 0x184
                0x0000000000000186                __TBCCTL2 = 0x186
                0x0000000000000188                __TBCCTL3 = 0x188
                0x000000000000018a                __TBCCTL4 = 0x18a
                0x000000000000018c                __TBCCTL5 = 0x18c
                0x000000000000018e                __TBCCTL6 = 0x18e
                0x0000000000000190                __TBR = 0x190
                0x0000000000000192                __TBCCR0 = 0x192
                0x0000000000000194                __TBCCR1 = 0x194
                0x0000000000000196                __TBCCR2 = 0x196
                0x0000000000000198                __TBCCR3 = 0x198
                0x000000000000019a                __TBCCR4 = 0x19a
                0x000000000000019c                __TBCCR5 = 0x19c
                0x000000000000019e                __TBCCR6 = 0x19e
                0x0000000000000056                __DCOCTL = 0x56
                0x0000000000000057                __BCSCTL1 = 0x57
                0x0000000000000058                __BCSCTL2 = 0x58
                0x0000000000000055                __SVSCTL = 0x55
                0x0000000000000128                __FCTL1 = 0x128
                0x000000000000012a                __FCTL2 = 0x12a
                0x000000000000012c                __FCTL3 = 0x12c
                0x0000000000000059                __CACTL1 = 0x59
                0x000000000000005a                __CACTL2 = 0x5a
                0x000000000000005b                __CAPD = 0x5b
                0x00000000000001a0                __ADC12CTL0 = 0x1a0
                0x00000000000001a2                __ADC12CTL1 = 0x1a2
                0x00000000000001a4                __ADC12IFG = 0x1a4
                0x00000000000001a6                __ADC12IE = 0x1a6
                0x00000000000001a8                __ADC12IV = 0x1a8
                0x0000000000000140                __ADC12MEM0 = 0x140
                0x0000000000000142                __ADC12MEM1 = 0x142
                0x0000000000000144                __ADC12MEM2 = 0x144
                0x0000000000000146                __ADC12MEM3 = 0x146
                0x0000000000000148                __ADC12MEM4 = 0x148
                0x000000000000014a                __ADC12MEM5 = 0x14a
                0x000000000000014c                __ADC12MEM6 = 0x14c
                0x000000000000014e                __ADC12MEM7 = 0x14e
                0x0000000000000150                __ADC12MEM8 = 0x150
                0x0000000000000152                __ADC12MEM9 = 0x152
                0x0000000000000154                __ADC12MEM10 = 0x154
                0x0000000000000156                __ADC12MEM11 = 0x156
                0x0000000000000158                __ADC12MEM12 = 0x158
                0x000000000000015a                __ADC12MEM13 = 0x15a
                0x000000000000015c                __ADC12MEM14 = 0x15c
                0x000000000000015e                __ADC12MEM15 = 0x15e
                0x0000000000000080                __ADC12MCTL0 = 0x80
                0x0000000000000081                __ADC12MCTL1 = 0x81
                0x0000000000000082                __ADC12MCTL2 = 0x82
                0x0000000000000083                __ADC12MCTL3 = 0x83
                0x0000000000000084                __ADC12MCTL4 = 0x84
                0x0000000000000085                __ADC12MCTL5 = 0x85
                0x0000000000000086                __ADC12MCTL6 = 0x86
                0x0000000000000087                __ADC12MCTL7 = 0x87
                0x0000000000000088                __ADC12MCTL8 = 0x88
                0x0000000000000089                __ADC12MCTL9 = 0x89
                0x000000000000008a                __ADC12MCTL10 = 0x8a
                0x000000000000008b                __ADC12MCTL11 = 0x8b
                0x000000000000008c                __ADC12MCTL12 = 0x8c
                0x000000000000008d                __ADC12MCTL13 = 0x8d
                0x000000000000008e                __ADC12MCTL14 = 0x8e
                0x000000000000008f                __ADC12MCTL15 = 0x8f
                0x00000000000001c0                __DAC12_0CTL = 0x1c0
                0x00000000000001c2                __DAC12_1CTL = 0x1c2
                0x00000000000001c8                __DAC12_0DAT = 0x1c8
                0x00000000000001ca                __DAC12_1DAT = 0x1ca
                0x0000000000000122                __DMACTL0 = 0x122
                0x0000000000000124                __DMACTL1 = 0x124
                0x00000000000001e0                __DMA0CTL = 0x1e0
                0x00000000000001e8                __DMA1CTL = 0x1e8
                0x00000000000001f0                __DMA2CTL = 0x1f0
                0x00000000000001e2                __DMA0SA = 0x1e2
                0x00000000000001e4                __DMA0DA = 0x1e4
                0x00000000000001e6                __DMA0SZ = 0x1e6
                0x00000000000001ea                __DMA1SA = 0x1ea
                0x00000000000001ec                __DMA1DA = 0x1ec
                0x00000000000001ee                __DMA1SZ = 0x1ee
                0x00000000000001f2                __DMA2SA = 0x1f2
                0x00000000000001f4                __DMA2DA = 0x1f4
                0x00000000000001f6                __DMA2SZ = 0x1f6

.hash
 *(.hash)

.dynsym
 *(.dynsym)

.dynstr
 *(.dynstr)

.gnu.version
 *(.gnu.version)

.gnu.version_d
 *(.gnu.version_d)

.gnu.version_r
 *(.gnu.version_r)

.rel.init
 *(.rel.init)

.rela.init
 *(.rela.init)

.rel.fini
 *(.rel.fini)

.rela.fini
 *(.rela.fini)

.rel.text
 *(.rel.text .rel.text.* .rel.gnu.linkonce.t.*)

.rela.text
 *(.rela.text .rela.text.* .rela.gnu.linkonce.t.*)

.rel.rodata
 *(.rel.rodata .rel.rodata.* .rel.gnu.linkonce.r.*)

.rela.rodata
 *(.rela.rodata .rela.rodata.* .rela.gnu.linkonce.r.*)

.rel.data
 *(.rel.data .rel.data.* .rel.gnu.linkonce.d.*)

.rela.data
 *(.rela.data .rela.data.* .rela.gnu.linkonce.d.*)

.rel.bss
 *(.rel.bss .rel.bss.* .rel.gnu.linkonce.b.*)

.rela.bss
 *(.rela.bss .rela.bss.* .rela.gnu.linkonce.b.*)

.rel.ctors
 *(.rel.ctors)

.rela.ctors
 *(.rela.ctors)

.rel.dtors
 *(.rel.dtors)

.rela.dtors
 *(.rela.dtors)

.rel.got
 *(.rel.got)

.rela.got
 *(.rela.got)

.rel.plt
 *(.rel.plt)

.rela.plt
 *(.rela.plt)

.text           0x0000000000004000     0x758e
                0x0000000000004000                . = ALIGN (0x2)
 *(.init .init.*)
 *(.init0)
 .init0         0x0000000000004000        0x0 /usr/lib/gcc/msp430/4.6.3/mmpy-16/libcrt0.a(_reset_vector__.o)
                0x0000000000004000                _reset_vector__
 *(.init1)
 .init1         0x0000000000004000        0xc /usr/lib/gcc/msp430/4.6.3/mmpy-16/libcrt0.a(__watchdog_support.o)
                0x0000000000004000                __watchdog_support
 *(.init2)
 .init2         0x000000000000400c        0x4 /usr/lib/gcc/msp430/4.6.3/mmpy-16/libcrt0.a(__init_stack.o)
                0x000000000000400c                __init_stack
 *(.init3)
 .init3         0x0000000000004010        0x0 /usr/lib/gcc/msp430/4.6.3/mmpy-16/libcrt0.a(__low_level_init.o)
                0x0000000000004010                __low_level_init
 *(.init4)
 .init4         0x0000000000004010       0x18 /usr/lib/gcc/msp430/4.6.3/mmpy-16/libcrt0.a(_copy_data.o)
                0x0000000000004010                __do_copy_data
 .init4         0x0000000000004028       0x16 /usr/lib/gcc/msp430/4.6.3/mmpy-16/libcrt0.a(_clear_bss.o)
                0x0000000000004028                __do_clear_bss
 *(.init5)
 *(.init6)
 *(.init7)
 *(.init8)
 *(.init9)
 .init9         0x000000000000403e      0x2da obj_sky/contiki-sky-main.o
                0x000000000000403e                main
 *(.fini9)
 .fini9         0x0000000000004318        0x0 /usr/lib/gcc/msp430/4.6.3/mmpy-16/libcrt0.a(__stop_progExec__.o)
                0x0000000000004318                __stop_progExec__
 *(.fini8)
 *(.fini7)
 *(.fini6)
 *(.fini5)
 *(.fini4)
 *(.fini3)
 *(.fini2)
 *(.fini1)
 *(.fini0)
 .fini0         0x0000000000004318        0x6 /usr/lib/gcc/msp430/4.6.3/mmpy-16/libcrt0.a(_endless_loop__.o)
                0x0000000000004318                _endless_loop__
 *(.fini .fini.*)
                0x000000000000431e                . = ALIGN (0x2)
                0x000000000000431e                __ctors_start = .
 *(.ctors)
                0x000000000000431e                __ctors_end = .
                0x000000000000431e                __dtors_start = .
 *(.dtors)
                0x000000000000431e                __dtors_end = .
                0x000000000000431e                . = ALIGN (0x2)
 *(.text .text.* .gnu.linkonce.t.*)
 .text          0x000000000000431e        0x4 /usr/lib/gcc/msp430/4.6.3/mmpy-16/crt0ivtbl16.o
                0x000000000000431e                __isr_14
                0x000000000000431e                __isr_11
                0x000000000000431e                __isr_2
                0x000000000000431e                __isr_7
                0x000000000000431e                __isr_0
                0x000000000000431e                __isr_8
                0x000000000000431e                __isr_3
                0x000000000000431e                __isr_12
                0x000000000000431e                __isr_13
                0x000000000000431e                __isr_9
 .text.process_thread_master_DGHS
                0x0000000000004322       0x90 example-DGHS.co
 .text.DGHS_interface_control_flags
                0x00000000000043b2        0x6 example-DGHS.co
                0x00000000000043b2                DGHS_interface_control_flags
 .text.fill_broadcast_msg
                0x00000000000043b8        0xa obj_sky/neighbor_discovery.o
                0x00000000000043b8                fill_broadcast_msg
 .text.fill_runicast_msg
                0x00000000000043c2        0xe obj_sky/neighbor_discovery.o
                0x00000000000043c2                fill_runicast_msg
 .text.every_neighbor_agrees
                0x00000000000043d0       0x38 obj_sky/neighbor_discovery.o
                0x00000000000043d0                every_neighbor_agrees
 .text.print_neighbor_list
                0x0000000000004408       0xaa obj_sky/neighbor_discovery.o
                0x0000000000004408                print_neighbor_list
 .text.process_thread_analyze_agreement
                0x00000000000044b2       0xb2 obj_sky/DGHS_neighbor_discovery.o
 .text.process_thread_runicast_control
                0x0000000000004564       0xc2 obj_sky/DGHS_neighbor_discovery.o
 .text.process_thread_broadcast_control
                0x0000000000004626      0x11a obj_sky/DGHS_neighbor_discovery.o
 .text.process_thread_send_neighbor_discovery
                0x0000000000004740       0xe2 obj_sky/DGHS_neighbor_discovery.o
 .text.timedout_runicast
                0x0000000000004822       0x1a obj_sky/DGHS_neighbor_discovery.o
 .text.sent_runicast
                0x000000000000483c       0x1a obj_sky/DGHS_neighbor_discovery.o
 .text.recv_runicast
                0x0000000000004856       0xf2 obj_sky/DGHS_neighbor_discovery.o
 .text.broadcast_recv
                0x0000000000004948      0x13e obj_sky/DGHS_neighbor_discovery.o
 .text.process_thread_master_neighbor_discovery
                0x0000000000004a86      0x110 obj_sky/DGHS_neighbor_discovery.o
 .text.fill_connect_msg
                0x0000000000004b96       0x26 obj_sky/Gallager_Humblet_Spira.o
                0x0000000000004b96                fill_connect_msg
 .text.fill_initiate_msg
                0x0000000000004bbc       0x44 obj_sky/Gallager_Humblet_Spira.o
                0x0000000000004bbc                fill_initiate_msg
 .text.fill_test_msg
                0x0000000000004c00       0x3e obj_sky/Gallager_Humblet_Spira.o
                0x0000000000004c00                fill_test_msg
 .text.fill_report_msg
                0x0000000000004c3e       0x28 obj_sky/Gallager_Humblet_Spira.o
                0x0000000000004c3e                fill_report_msg
 .text.fill_accept_msg
                0x0000000000004c66       0x1c obj_sky/Gallager_Humblet_Spira.o
                0x0000000000004c66                fill_accept_msg
 .text.fill_reject_msg
                0x0000000000004c82       0x1c obj_sky/Gallager_Humblet_Spira.o
                0x0000000000004c82                fill_reject_msg
 .text.fill_change_root_msg
                0x0000000000004c9e       0x1c obj_sky/Gallager_Humblet_Spira.o
                0x0000000000004c9e                fill_change_root_msg
 .text.fill_fragment_name
                0x0000000000004cba       0x3e obj_sky/Gallager_Humblet_Spira.o
                0x0000000000004cba                fill_fragment_name
 .text.different_fragments
                0x0000000000004cf8       0x5e obj_sky/Gallager_Humblet_Spira.o
                0x0000000000004cf8                different_fragments
 .text.is_basic
                0x0000000000004d56       0x42 obj_sky/Gallager_Humblet_Spira.o
                0x0000000000004d56                is_basic
 .text.is_branch
                0x0000000000004d98       0x42 obj_sky/Gallager_Humblet_Spira.o
                0x0000000000004d98                is_branch
 .text.weight   0x0000000000004dda       0x44 obj_sky/Gallager_Humblet_Spira.o
                0x0000000000004dda                weight
 .text.become_branch
                0x0000000000004e1e       0x54 obj_sky/Gallager_Humblet_Spira.o
                0x0000000000004e1e                become_branch
 .text.become_rejected
                0x0000000000004e72       0x54 obj_sky/Gallager_Humblet_Spira.o
                0x0000000000004e72                become_rejected
 .text.init_SE  0x0000000000004ec6       0x1c obj_sky/Gallager_Humblet_Spira.o
                0x0000000000004ec6                init_SE
 .text.change_positions
                0x0000000000004ee2       0x52 obj_sky/Gallager_Humblet_Spira.o
                0x0000000000004ee2                change_positions
 .text.sort_neighbor_list
                0x0000000000004f34       0x68 obj_sky/Gallager_Humblet_Spira.o
                0x0000000000004f34                sort_neighbor_list
 .text.process_thread_response_to_change_root
                0x0000000000004f9c       0x3a obj_sky/DGHS_Gallager_Humblet_Spira.o
 .text.process_thread_procedure_change_root
                0x0000000000004fd6       0xdc obj_sky/DGHS_Gallager_Humblet_Spira.o
 .text.process_thread_response_to_report
                0x00000000000050b2      0x126 obj_sky/DGHS_Gallager_Humblet_Spira.o
 .text.process_thread_response_to_reject
                0x00000000000051d8       0x5c obj_sky/DGHS_Gallager_Humblet_Spira.o
 .text.process_thread_response_to_accept
                0x0000000000005234       0x8a obj_sky/DGHS_Gallager_Humblet_Spira.o
 .text.timedout_runicast
                0x00000000000052be       0x1a obj_sky/DGHS_Gallager_Humblet_Spira.o
 .text.sent_runicast
                0x00000000000052d8       0x1a obj_sky/DGHS_Gallager_Humblet_Spira.o
 .text.process_thread_response_to_test
                0x00000000000052f2      0x19c obj_sky/DGHS_Gallager_Humblet_Spira.o
 .text.process_thread_procedure_report
                0x000000000000548e       0xa4 obj_sky/DGHS_Gallager_Humblet_Spira.o
 .text.process_thread_procedure_test
                0x0000000000005532       0xe8 obj_sky/DGHS_Gallager_Humblet_Spira.o
 .text.process_thread_response_to_initiate
                0x000000000000561a      0x178 obj_sky/DGHS_Gallager_Humblet_Spira.o
 .text.process_thread_response_to_connect
                0x0000000000005792      0x1dc obj_sky/DGHS_Gallager_Humblet_Spira.o
 .text.process_thread_in_union_evaluation
                0x000000000000596e      0x118 obj_sky/DGHS_Gallager_Humblet_Spira.o
 .text.process_thread_out_union_evaluation
                0x0000000000005a86      0x10c obj_sky/DGHS_Gallager_Humblet_Spira.o
 .text.process_thread_send_Gallager_Humblet_Spira
                0x0000000000005b92      0x3ce obj_sky/DGHS_Gallager_Humblet_Spira.o
 .text.recv_runicast
                0x0000000000005f60      0x402 obj_sky/DGHS_Gallager_Humblet_Spira.o
 .text.process_thread_procedure_wakeup
                0x0000000000006362      0x10c obj_sky/DGHS_Gallager_Humblet_Spira.o
 .text.init_platform
                0x000000000000646e        0xc contiki-sky.a(contiki-sky-pla)
                0x000000000000646e                init_platform
 .text.status   0x000000000000647a       0x16 contiki-sky.a(button-sensor.o)
 .text.configure
                0x0000000000006490       0x52 contiki-sky.a(button-sensor.o)
 .text.value    0x00000000000064e2       0x22 contiki-sky.a(button-sensor.o)
 .text.irq_p2   0x0000000000006504       0x8a contiki-sky.a(button-sensor.o)
                0x0000000000006504                irq_p2
                0x0000000000006504                __isr_1
 .text.owreadb  0x000000000000658e       0x52 contiki-sky.a(ds2411.o)
 .text.ds2411_init
                0x00000000000065e0      0x122 contiki-sky.a(ds2411.o)
                0x00000000000065e0                ds2411_init
 .text.wait_ready
                0x0000000000006702       0x50 contiki-sky.a(xmem.o)
 .text.xmem_init
                0x0000000000006752       0x3e contiki-sky.a(xmem.o)
                0x0000000000006752                xmem_init
 .text.xmem_pread
                0x0000000000006790       0xea contiki-sky.a(xmem.o)
                0x0000000000006790                xmem_pread
 .text.node_id_restore
                0x000000000000687a       0x38 contiki-sky.a(node-id.o)
                0x000000000000687a                node_id_restore
 .text.process_thread_sensors_process
                0x00000000000068b2       0xbe contiki-sky.a(sensors.o)
 .text.sensors_changed
                0x0000000000006970       0x2a contiki-sky.a(sensors.o)
                0x0000000000006970                sensors_changed
 .text.get_object
                0x000000000000699a        0x4 contiki-sky.a(cc2420.o)
 .text.set_object
                0x000000000000699e        0x4 contiki-sky.a(cc2420.o)
 .text.strobe   0x00000000000069a2       0x20 contiki-sky.a(cc2420.o)
 .text.getreg   0x00000000000069c2       0x54 contiki-sky.a(cc2420.o)
 .text.setreg   0x0000000000006a16       0x52 contiki-sky.a(cc2420.o)
 .text.write_ram
                0x0000000000006a68       0x80 contiki-sky.a(cc2420.o)
 .text.write_fifo_buf
                0x0000000000006ae8       0x40 contiki-sky.a(cc2420.o)
 .text.get_status
                0x0000000000006b28       0x24 contiki-sky.a(cc2420.o)
 .text.set_txpower
                0x0000000000006b4c       0x26 contiki-sky.a(cc2420.o)
 .text.cc2420_receiving_packet
                0x0000000000006b72        0xe contiki-sky.a(cc2420.o)
 .text.pending_packet
                0x0000000000006b80        0x8 contiki-sky.a(cc2420.o)
 .text.on       0x0000000000006b88       0x26 contiki-sky.a(cc2420.o)
 .text.wait_for_transmission
                0x0000000000006bae       0x22 contiki-sky.a(cc2420.o)
 .text.wait_for_status
                0x0000000000006bd0       0x2a contiki-sky.a(cc2420.o)
 .text.getrxdata
                0x0000000000006bfa       0x56 contiki-sky.a(cc2420.o)
 .text.flushrx  0x0000000000006c50       0x1a contiki-sky.a(cc2420.o)
 .text.off      0x0000000000006c6a       0x62 contiki-sky.a(cc2420.o)
 .text.RELEASE_LOCK
                0x0000000000006ccc       0x28 contiki-sky.a(cc2420.o)
 .text.set_key  0x0000000000006cf4       0x18 contiki-sky.a(cc2420.o)
 .text.set_frame_filtering
                0x0000000000006d0c       0x30 contiki-sky.a(cc2420.o)
 .text.set_auto_ack
                0x0000000000006d3c       0x30 contiki-sky.a(cc2420.o)
 .text.set_poll_mode
                0x0000000000006d6c       0x36 contiki-sky.a(cc2420.o)
 .text.cc2420_prepare
                0x0000000000006da2       0x3c contiki-sky.a(cc2420.o)
 .text.cc2420_on
                0x0000000000006dde       0x22 contiki-sky.a(cc2420.o)
                0x0000000000006dde                cc2420_on
 .text.cc2420_off
                0x0000000000006e00       0x30 contiki-sky.a(cc2420.o)
                0x0000000000006e00                cc2420_off
 .text.cc2420_cca
                0x0000000000006e30       0x5e contiki-sky.a(cc2420.o)
 .text.cc2420_read
                0x0000000000006e8e       0xc0 contiki-sky.a(cc2420.o)
 .text.process_thread_cc2420_process
                0x0000000000006f4e       0x58 contiki-sky.a(cc2420.o)
 .text.encrypt  0x0000000000006fa6       0x8e contiki-sky.a(cc2420.o)
 .text.cc2420_set_channel
                0x0000000000007034       0x3c contiki-sky.a(cc2420.o)
                0x0000000000007034                cc2420_set_channel
 .text.cc2420_set_pan_addr
                0x0000000000007070       0x4c contiki-sky.a(cc2420.o)
                0x0000000000007070                cc2420_set_pan_addr
 .text.cc2420_interrupt
                0x00000000000070bc       0x18 contiki-sky.a(cc2420.o)
                0x00000000000070bc                cc2420_interrupt
 .text.cc2420_set_txpower
                0x00000000000070d4        0xe contiki-sky.a(cc2420.o)
                0x00000000000070d4                cc2420_set_txpower
 .text.cc2420_get_txpower
                0x00000000000070e2       0x1e contiki-sky.a(cc2420.o)
                0x00000000000070e2                cc2420_get_txpower
 .text.cc2420_transmit
                0x0000000000007100      0x134 contiki-sky.a(cc2420.o)
 .text.cc2420_send
                0x0000000000007234       0x12 contiki-sky.a(cc2420.o)
 .text.cc2420_rssi
                0x0000000000007246       0x4c contiki-sky.a(cc2420.o)
                0x0000000000007246                cc2420_rssi
 .text.get_value
                0x0000000000007292      0x108 contiki-sky.a(cc2420.o)
 .text.cc2420_set_cca_threshold
                0x000000000000739a       0x16 contiki-sky.a(cc2420.o)
                0x000000000000739a                cc2420_set_cca_threshold
 .text.set_value
                0x00000000000073b0       0xba contiki-sky.a(cc2420.o)
 .text.cc2420_init
                0x000000000000746a       0xf0 contiki-sky.a(cc2420.o)
                0x000000000000746a                cc2420_init
 .text.cc2420_port1_interrupt
                0x000000000000755a       0x62 contiki-sky.a(cc2420-arch.o)
                0x000000000000755a                __isr_4
                0x000000000000755a                cc2420_port1_interrupt
 .text.cc2420_arch_init
                0x00000000000075bc       0x1a contiki-sky.a(cc2420-arch.o)
                0x00000000000075bc                cc2420_arch_init
 .text.handle_rxdma_timer
                0x00000000000075d6       0x3a contiki-sky.a(uart1.o)
 .text.uart1_active
                0x0000000000007610       0x1a contiki-sky.a(uart1.o)
                0x0000000000007610                uart1_active
 .text.uart1_set_input
                0x000000000000762a       0x20 contiki-sky.a(uart1.o)
                0x000000000000762a                uart1_set_input
 .text.uart1_writeb
                0x000000000000764a       0x1a contiki-sky.a(uart1.o)
                0x000000000000764a                uart1_writeb
 .text.uart1_init
                0x0000000000007664       0xf6 contiki-sky.a(uart1.o)
                0x0000000000007664                uart1_init
 .text.putchar  0x000000000000775a       0x10 contiki-sky.a(uart1-putchar.o)
                0x000000000000775a                putchar
 .text.msp430_init_dco
                0x000000000000776a       0x84 contiki-sky.a(msp430.o)
                0x000000000000776a                msp430_init_dco
 .text.msp430_add_lpm_req
                0x00000000000077ee        0xc contiki-sky.a(msp430.o)
                0x00000000000077ee                msp430_add_lpm_req
 .text.msp430_cpu_init
                0x00000000000077fa       0x2a contiki-sky.a(msp430.o)
                0x00000000000077fa                msp430_cpu_init
 .text.splhigh_
                0x0000000000007824        0x8 contiki-sky.a(msp430.o)
                0x0000000000007824                splhigh_
 .text.msp430_sync_dco
                0x000000000000782c       0x68 contiki-sky.a(msp430.o)
                0x000000000000782c                msp430_sync_dco
 .text.timera1  0x0000000000007894      0x11e contiki-sky.a(clock.o)
                0x0000000000007894                __isr_5
                0x0000000000007894                timera1
 .text.clock_time
                0x00000000000079b2       0x1a contiki-sky.a(clock.o)
                0x00000000000079b2                clock_time
 .text.clock_init
                0x00000000000079cc       0x28 contiki-sky.a(clock.o)
                0x00000000000079cc                clock_init
 .text.clock_delay
                0x00000000000079f4        0xc contiki-sky.a(clock.o)
                0x00000000000079f4                clock_delay
 .text.show_leds
                0x0000000000007a00       0xf6 contiki-sky.a(leds.o)
 .text.leds_init
                0x0000000000007af6        0xa contiki-sky.a(leds.o)
                0x0000000000007af6                leds_init
 .text.leds_on  0x0000000000007b00        0xa contiki-sky.a(leds.o)
                0x0000000000007b00                leds_on
 .text.leds_off
                0x0000000000007b0a        0xe contiki-sky.a(leds.o)
                0x0000000000007b0a                leds_off
 .text.leds_arch_init
                0x0000000000007b18        0xe contiki-sky.a(leds-arch.o)
                0x0000000000007b18                leds_arch_init
 .text.leds_arch_set
                0x0000000000007b26       0x3a contiki-sky.a(leds-arch.o)
                0x0000000000007b26                leds_arch_set
 .text.watchdog_interrupt
                0x0000000000007b60        0x6 contiki-sky.a(watchdog.o)
                0x0000000000007b60                __isr_10
                0x0000000000007b60                watchdog_interrupt
 .text.watchdog_start
                0x0000000000007b66       0x14 contiki-sky.a(watchdog.o)
                0x0000000000007b66                watchdog_start
 .text.watchdog_periodic
                0x0000000000007b7a       0x12 contiki-sky.a(watchdog.o)
                0x0000000000007b7a                watchdog_periodic
 .text.watchdog_stop
                0x0000000000007b8c       0x16 contiki-sky.a(watchdog.o)
                0x0000000000007b8c                watchdog_stop
 .text.watchdog_init
                0x0000000000007ba2       0x14 contiki-sky.a(watchdog.o)
                0x0000000000007ba2                watchdog_init
 .text.rtimer_arch_init
                0x0000000000007bb6        0xe contiki-sky.a(rtimer-arch.o)
                0x0000000000007bb6                rtimer_arch_init
 .text.rtimer_arch_now
                0x0000000000007bc4        0xe contiki-sky.a(rtimer-arch.o)
                0x0000000000007bc4                rtimer_arch_now
 .text.timera0  0x0000000000007bd2       0x70 contiki-sky.a(rtimer-arch.o)
                0x0000000000007bd2                __isr_6
                0x0000000000007bd2                timera0
 .text.rtimer_arch_schedule
                0x0000000000007c42        0x6 contiki-sky.a(rtimer-arch.o)
                0x0000000000007c42                rtimer_arch_schedule
 .text.autostart_start
                0x0000000000007c48       0x16 contiki-sky.a(autostart.o)
                0x0000000000007c48                autostart_start
 .text.energest_init
                0x0000000000007c5e       0x28 contiki-sky.a(energest.o)
                0x0000000000007c5e                energest_init
 .text.energest_type_time
                0x0000000000007c86       0x46 contiki-sky.a(energest.o)
                0x0000000000007c86                energest_type_time
 .text.energest_type_set
                0x0000000000007ccc        0xe contiki-sky.a(energest.o)
                0x0000000000007ccc                energest_type_set
 .text.energest_flush
                0x0000000000007cda       0x48 contiki-sky.a(energest.o)
                0x0000000000007cda                energest_flush
 .text.update_time
                0x0000000000007d22       0x78 contiki-sky.a(etimer.o)
 .text.etimer_request_poll
                0x0000000000007d9a        0xa contiki-sky.a(etimer.o)
                0x0000000000007d9a                etimer_request_poll
 .text.process_thread_etimer_process
                0x0000000000007da4       0xc8 contiki-sky.a(etimer.o)
 .text.add_timer
                0x0000000000007e6c       0x40 contiki-sky.a(etimer.o)
 .text.etimer_set
                0x0000000000007eac       0x12 contiki-sky.a(etimer.o)
                0x0000000000007eac                etimer_set
 .text.etimer_reset
                0x0000000000007ebe       0x12 contiki-sky.a(etimer.o)
                0x0000000000007ebe                etimer_reset
 .text.etimer_restart
                0x0000000000007ed0       0x12 contiki-sky.a(etimer.o)
                0x0000000000007ed0                etimer_restart
 .text.etimer_expired
                0x0000000000007ee2        0xe contiki-sky.a(etimer.o)
                0x0000000000007ee2                etimer_expired
 .text.etimer_pending
                0x0000000000007ef0        0xc contiki-sky.a(etimer.o)
                0x0000000000007ef0                etimer_pending
 .text.etimer_next_expiration_time
                0x0000000000007efc       0x16 contiki-sky.a(etimer.o)
                0x0000000000007efc                etimer_next_expiration_time
 .text.etimer_stop
                0x0000000000007f12       0x3c contiki-sky.a(etimer.o)
                0x0000000000007f12                etimer_stop
 .text.process_thread_ctimer_process
                0x0000000000007f4e       0xa4 contiki-sky.a(ctimer.o)
 .text.ctimer_init
                0x0000000000007ff2       0x18 contiki-sky.a(ctimer.o)
                0x0000000000007ff2                ctimer_init
 .text.ctimer_set_with_process
                0x000000000000800a       0x4e contiki-sky.a(ctimer.o)
                0x000000000000800a                ctimer_set_with_process
 .text.ctimer_set
                0x0000000000008058       0x10 contiki-sky.a(ctimer.o)
                0x0000000000008058                ctimer_set
 .text.ctimer_reset
                0x0000000000008068       0x30 contiki-sky.a(ctimer.o)
                0x0000000000008068                ctimer_reset
 .text.ctimer_restart
                0x0000000000008098       0x30 contiki-sky.a(ctimer.o)
                0x0000000000008098                ctimer_restart
 .text.ctimer_stop
                0x00000000000080c8       0x28 contiki-sky.a(ctimer.o)
                0x00000000000080c8                ctimer_stop
 .text.call_process
                0x00000000000080f0       0x4a contiki-sky.a(process.o)
 .text.exit_process
                0x000000000000813a       0x96 contiki-sky.a(process.o)
 .text.do_poll  0x00000000000081d0       0x30 contiki-sky.a(process.o)
 .text.process_alloc_event
                0x0000000000008200        0xe contiki-sky.a(process.o)
                0x0000000000008200                process_alloc_event
 .text.process_exit
                0x000000000000820e        0xa contiki-sky.a(process.o)
                0x000000000000820e                process_exit
 .text.process_init
                0x0000000000008218       0x1c contiki-sky.a(process.o)
                0x0000000000008218                process_init
 .text.process_run
                0x0000000000008234       0x92 contiki-sky.a(process.o)
                0x0000000000008234                process_run
 .text.process_nevents
                0x00000000000082c6        0xe contiki-sky.a(process.o)
                0x00000000000082c6                process_nevents
 .text.process_post
                0x00000000000082d4       0x4e contiki-sky.a(process.o)
                0x00000000000082d4                process_post
 .text.process_post_synch
                0x0000000000008322       0x12 contiki-sky.a(process.o)
                0x0000000000008322                process_post_synch
 .text.process_start
                0x0000000000008334       0x32 contiki-sky.a(process.o)
                0x0000000000008334                process_start
 .text.process_poll
                0x0000000000008366       0x18 contiki-sky.a(process.o)
                0x0000000000008366                process_poll
 .text.rtimer_init
                0x000000000000837e        0x6 contiki-sky.a(rtimer.o)
                0x000000000000837e                rtimer_init
 .text.rtimer_set
                0x0000000000008384       0x24 contiki-sky.a(rtimer.o)
                0x0000000000008384                rtimer_set
 .text.rtimer_run_next
                0x00000000000083a8       0x26 contiki-sky.a(rtimer.o)
                0x00000000000083a8                rtimer_run_next
 .text.timer_set
                0x00000000000083ce       0x1c contiki-sky.a(timer.o)
                0x00000000000083ce                timer_set
 .text.timer_reset
                0x00000000000083ea        0xe contiki-sky.a(timer.o)
                0x00000000000083ea                timer_reset
 .text.timer_restart
                0x00000000000083f8       0x14 contiki-sky.a(timer.o)
                0x00000000000083f8                timer_restart
 .text.timer_expired
                0x000000000000840c       0x2a contiki-sky.a(timer.o)
                0x000000000000840c                timer_expired
 .text.process_thread_serial_line_process
                0x0000000000008436       0x9c contiki-sky.a(serial-line.o)
 .text.serial_line_input_byte
                0x00000000000084d2       0x4a contiki-sky.a(serial-line.o)
                0x00000000000084d2                serial_line_input_byte
 .text.serial_line_init
                0x000000000000851c       0x1c contiki-sky.a(serial-line.o)
                0x000000000000851c                serial_line_init
 .text.list_init
                0x0000000000008538        0x6 contiki-sky.a(list.o)
                0x0000000000008538                list_init
 .text.list_head
                0x000000000000853e        0x4 contiki-sky.a(list.o)
                0x000000000000853e                list_head
 .text.list_tail
                0x0000000000008542       0x12 contiki-sky.a(list.o)
                0x0000000000008542                list_tail
 .text.list_chop
                0x0000000000008554       0x24 contiki-sky.a(list.o)
                0x0000000000008554                list_chop
 .text.list_remove
                0x0000000000008578       0x34 contiki-sky.a(list.o)
                0x0000000000008578                list_remove
 .text.list_push
                0x00000000000085ac       0x1a contiki-sky.a(list.o)
                0x00000000000085ac                list_push
 .text.list_add
                0x00000000000085c6       0x2a contiki-sky.a(list.o)
                0x00000000000085c6                list_add
 .text.list_length
                0x00000000000085f0       0x10 contiki-sky.a(list.o)
                0x00000000000085f0                list_length
 .text.list_item_next
                0x0000000000008600        0xc contiki-sky.a(list.o)
                0x0000000000008600                list_item_next
 .text.memb_init
                0x000000000000860c       0x36 contiki-sky.a(memb.o)
                0x000000000000860c                memb_init
 .text.memb_alloc
                0x0000000000008642       0x3e contiki-sky.a(memb.o)
                0x0000000000008642                memb_alloc
 .text.memb_free
                0x0000000000008680       0x3a contiki-sky.a(memb.o)
                0x0000000000008680                memb_free
 .text.memb_inmemb
                0x00000000000086ba       0x2e contiki-sky.a(memb.o)
                0x00000000000086ba                memb_inmemb
 .text.random_init
                0x00000000000086e8        0x6 contiki-sky.a(random.o)
                0x00000000000086e8                random_init
 .text.random_rand
                0x00000000000086ee        0x6 contiki-sky.a(random.o)
                0x00000000000086ee                random_rand
 .text.ringbuf_init
                0x00000000000086f4       0x14 contiki-sky.a(ringbuf.o)
                0x00000000000086f4                ringbuf_init
 .text.ringbuf_put
                0x0000000000008708       0x38 contiki-sky.a(ringbuf.o)
                0x0000000000008708                ringbuf_put
 .text.ringbuf_get
                0x0000000000008740       0x34 contiki-sky.a(ringbuf.o)
                0x0000000000008740                ringbuf_get
 .text.input    0x0000000000008774       0x3a contiki-sky.a(rime.o)
 .text.init     0x00000000000087ae       0x2e contiki-sky.a(rime.o)
 .text.packet_sent
                0x00000000000087dc       0x44 contiki-sky.a(rime.o)
 .text.rime_output
                0x0000000000008820       0x24 contiki-sky.a(rime.o)
                0x0000000000008820                rime_output
 .text.adv_packet_sent
                0x0000000000008844        0x2 contiki-sky.a(broadcast-annou)
 .text.adv_packet_received
                0x0000000000008846       0x66 contiki-sky.a(broadcast-annou)
 .text.set_timers
                0x00000000000088ac       0x4a contiki-sky.a(broadcast-annou)
 .text.send_timer
                0x00000000000088f6       0x36 contiki-sky.a(broadcast-annou)
 .text.new_announcement
                0x000000000000892c       0x18 contiki-sky.a(broadcast-annou)
 .text.send_adv
                0x0000000000008944       0x66 contiki-sky.a(broadcast-annou)
 .text.broadcast_announcement_init
                0x00000000000089aa       0x48 contiki-sky.a(broadcast-annou)
                0x00000000000089aa                broadcast_announcement_init
 .text.announcement_init
                0x00000000000089f2        0xa contiki-sky.a(announcement.o)
                0x00000000000089f2                announcement_init
 .text.announcement_register_observer_callback
                0x00000000000089fc        0x6 contiki-sky.a(announcement.o)
                0x00000000000089fc                announcement_register_observer_callback
 .text.announcement_list
                0x0000000000008a02        0xa contiki-sky.a(announcement.o)
                0x0000000000008a02                announcement_list
 .text.announcement_heard
                0x0000000000008a0c       0x42 contiki-sky.a(announcement.o)
                0x0000000000008a0c                announcement_heard
 .text.sent_by_stunicast
                0x0000000000008a4e       0x5e contiki-sky.a(runicast.o)
 .text.recv_from_stunicast
                0x0000000000008aac       0x9e contiki-sky.a(runicast.o)
 .text.runicast_open
                0x0000000000008b4a       0x36 contiki-sky.a(runicast.o)
                0x0000000000008b4a                runicast_open
 .text.runicast_close
                0x0000000000008b80        0x6 contiki-sky.a(runicast.o)
                0x0000000000008b80                runicast_close
 .text.runicast_is_transmitting
                0x0000000000008b86        0x6 contiki-sky.a(runicast.o)
                0x0000000000008b86                runicast_is_transmitting
 .text.runicast_send
                0x0000000000008b8c       0x48 contiki-sky.a(runicast.o)
                0x0000000000008b8c                runicast_send
 .text.recv_from_uc
                0x0000000000008bd4        0xe contiki-sky.a(stunicast.o)
 .text.sent_by_uc
                0x0000000000008be2       0x10 contiki-sky.a(stunicast.o)
 .text.send     0x0000000000008bf2       0x2a contiki-sky.a(stunicast.o)
 .text.stunicast_open
                0x0000000000008c1c       0x1a contiki-sky.a(stunicast.o)
                0x0000000000008c1c                stunicast_open
 .text.stunicast_receiver
                0x0000000000008c36        0x6 contiki-sky.a(stunicast.o)
                0x0000000000008c36                stunicast_receiver
 .text.stunicast_send_stubborn
                0x0000000000008c3c       0x68 contiki-sky.a(stunicast.o)
                0x0000000000008c3c                stunicast_send_stubborn
 .text.stunicast_send
                0x0000000000008ca4        0x6 contiki-sky.a(stunicast.o)
                0x0000000000008ca4                stunicast_send
 .text.stunicast_cancel
                0x0000000000008caa       0x20 contiki-sky.a(stunicast.o)
                0x0000000000008caa                stunicast_cancel
 .text.stunicast_close
                0x0000000000008cca       0x12 contiki-sky.a(stunicast.o)
                0x0000000000008cca                stunicast_close
 .text.chameleon_init
                0x0000000000008cdc        0x6 contiki-sky.a(chameleon.o)
                0x0000000000008cdc                chameleon_init
 .text.chameleon_parse
                0x0000000000008ce2       0x10 contiki-sky.a(chameleon.o)
                0x0000000000008ce2                chameleon_parse
 .text.chameleon_create
                0x0000000000008cf2       0x1c contiki-sky.a(chameleon.o)
                0x0000000000008cf2                chameleon_create
 .text.chameleon_hdrsize
                0x0000000000008d0e        0x6 contiki-sky.a(chameleon.o)
                0x0000000000008d0e                chameleon_hdrsize
 .text.sent_by_abc
                0x0000000000008d14       0x10 contiki-sky.a(broadcast.o)
 .text.recv_from_abc
                0x0000000000008d24       0x26 contiki-sky.a(broadcast.o)
 .text.broadcast_open
                0x0000000000008d4a       0x2a contiki-sky.a(broadcast.o)
                0x0000000000008d4a                broadcast_open
 .text.broadcast_close
                0x0000000000008d74        0x6 contiki-sky.a(broadcast.o)
                0x0000000000008d74                broadcast_close
 .text.broadcast_send
                0x0000000000008d7a       0x1a contiki-sky.a(broadcast.o)
                0x0000000000008d7a                broadcast_send
 .text.abc_open
                0x0000000000008d94       0x26 contiki-sky.a(abc.o)
                0x0000000000008d94                abc_open
 .text.abc_close
                0x0000000000008dba        0x6 contiki-sky.a(abc.o)
                0x0000000000008dba                abc_close
 .text.abc_send
                0x0000000000008dc0        0x6 contiki-sky.a(abc.o)
                0x0000000000008dc0                abc_send
 .text.abc_input
                0x0000000000008dc6        0xe contiki-sky.a(abc.o)
                0x0000000000008dc6                abc_input
 .text.abc_sent
                0x0000000000008dd4       0x10 contiki-sky.a(abc.o)
                0x0000000000008dd4                abc_sent
 .text.sent_by_broadcast
                0x0000000000008de4       0x10 contiki-sky.a(unicast.o)
 .text.recv_from_broadcast
                0x0000000000008df4       0x2e contiki-sky.a(unicast.o)
 .text.unicast_open
                0x0000000000008e22       0x2a contiki-sky.a(unicast.o)
                0x0000000000008e22                unicast_open
 .text.unicast_close
                0x0000000000008e4c        0x6 contiki-sky.a(unicast.o)
                0x0000000000008e4c                unicast_close
 .text.unicast_send
                0x0000000000008e52       0x16 contiki-sky.a(unicast.o)
                0x0000000000008e52                unicast_send
 .text.input_packet
                0x0000000000008e68        0x6 contiki-sky.a(csma.o)
 .text.on       0x0000000000008e6e        0x6 contiki-sky.a(csma.o)
 .text.off      0x0000000000008e74        0x6 contiki-sky.a(csma.o)
 .text.channel_check_interval
                0x0000000000008e7a       0x10 contiki-sky.a(csma.o)
 .text.transmit_packet_list
                0x0000000000008e8a       0x24 contiki-sky.a(csma.o)
 .text.schedule_transmission
                0x0000000000008eae       0x94 contiki-sky.a(csma.o)
 .text.send_packet
                0x0000000000008f42      0x170 contiki-sky.a(csma.o)
 .text.init     0x00000000000090b2       0x1a contiki-sky.a(csma.o)
 .text.tx_done  0x00000000000090cc       0x98 contiki-sky.a(csma.o)
 .text.packet_sent
                0x0000000000009164       0xd2 contiki-sky.a(csma.o)
 .text.queuebuf_init
                0x0000000000009236       0x12 contiki-sky.a(queuebuf.o)
                0x0000000000009236                queuebuf_init
 .text.queuebuf_new_from_packetbuf
                0x0000000000009248       0x52 contiki-sky.a(queuebuf.o)
                0x0000000000009248                queuebuf_new_from_packetbuf
 .text.queuebuf_update_attr_from_packetbuf
                0x000000000000929a       0x12 contiki-sky.a(queuebuf.o)
                0x000000000000929a                queuebuf_update_attr_from_packetbuf
 .text.queuebuf_update_from_packetbuf
                0x00000000000092ac       0x22 contiki-sky.a(queuebuf.o)
                0x00000000000092ac                queuebuf_update_from_packetbuf
 .text.queuebuf_free
                0x00000000000092ce       0x2a contiki-sky.a(queuebuf.o)
                0x00000000000092ce                queuebuf_free
 .text.queuebuf_to_packetbuf
                0x00000000000092f8       0x32 contiki-sky.a(queuebuf.o)
                0x00000000000092f8                queuebuf_to_packetbuf
 .text.queuebuf_attr
                0x000000000000932a        0xe contiki-sky.a(queuebuf.o)
                0x000000000000932a                queuebuf_attr
 .text.packetbuf_hdrreduce
                0x0000000000009338       0x1a contiki-sky.a(packetbuf.o)
                0x0000000000009338                packetbuf_hdrreduce
 .text.packetbuf_set_datalen
                0x0000000000009352        0x6 contiki-sky.a(packetbuf.o)
                0x0000000000009352                packetbuf_set_datalen
 .text.packetbuf_hdrptr
                0x0000000000009358        0x6 contiki-sky.a(packetbuf.o)
                0x0000000000009358                packetbuf_hdrptr
 .text.packetbuf_datalen
                0x000000000000935e        0x6 contiki-sky.a(packetbuf.o)
                0x000000000000935e                packetbuf_datalen
 .text.packetbuf_hdrlen
                0x0000000000009364        0xa contiki-sky.a(packetbuf.o)
                0x0000000000009364                packetbuf_hdrlen
 .text.packetbuf_dataptr
                0x000000000000936e        0xc contiki-sky.a(packetbuf.o)
                0x000000000000936e                packetbuf_dataptr
 .text.packetbuf_copyto
                0x000000000000937a       0x46 contiki-sky.a(packetbuf.o)
                0x000000000000937a                packetbuf_copyto
 .text.packetbuf_compact
                0x00000000000093c0       0x36 contiki-sky.a(packetbuf.o)
                0x00000000000093c0                packetbuf_compact
 .text.packetbuf_totlen
                0x00000000000093f6        0xc contiki-sky.a(packetbuf.o)
                0x00000000000093f6                packetbuf_totlen
 .text.packetbuf_hdralloc
                0x0000000000009402       0x3a contiki-sky.a(packetbuf.o)
                0x0000000000009402                packetbuf_hdralloc
 .text.packetbuf_attr_clear
                0x000000000000943c       0x2c contiki-sky.a(packetbuf.o)
                0x000000000000943c                packetbuf_attr_clear
 .text.packetbuf_clear
                0x0000000000009468       0x12 contiki-sky.a(packetbuf.o)
                0x0000000000009468                packetbuf_clear
 .text.packetbuf_copyfrom
                0x000000000000947a       0x2e contiki-sky.a(packetbuf.o)
                0x000000000000947a                packetbuf_copyfrom
 .text.packetbuf_attr_copyto
                0x00000000000094a8       0x20 contiki-sky.a(packetbuf.o)
                0x00000000000094a8                packetbuf_attr_copyto
 .text.packetbuf_attr_copyfrom
                0x00000000000094c8       0x22 contiki-sky.a(packetbuf.o)
                0x00000000000094c8                packetbuf_attr_copyfrom
 .text.packetbuf_holds_broadcast
                0x00000000000094ea        0xe contiki-sky.a(packetbuf.o)
                0x00000000000094ea                packetbuf_holds_broadcast
 .text.linkaddr_copy
                0x00000000000094f8        0xc contiki-sky.a(linkaddr.o)
                0x00000000000094f8                linkaddr_copy
 .text.linkaddr_cmp
                0x0000000000009504       0x12 contiki-sky.a(linkaddr.o)
                0x0000000000009504                linkaddr_cmp
 .text.linkaddr_set_node_addr
                0x0000000000009516        0xc contiki-sky.a(linkaddr.o)
                0x0000000000009516                linkaddr_set_node_addr
 .text.duty_cycle
                0x0000000000009522        0x6 contiki-sky.a(contikimac.o)
 .text.init     0x0000000000009528       0x2a contiki-sky.a(contikimac.o)
 .text.on       0x0000000000009552       0x1a contiki-sky.a(contikimac.o)
 .text.off      0x000000000000956c       0x22 contiki-sky.a(contikimac.o)
 .text.recv_burst_off
                0x000000000000958e        0xa contiki-sky.a(contikimac.o)
 .text.turn_off
                0x0000000000009598       0x20 contiki-sky.a(contikimac.o)
 .text.turn_on  0x00000000000095b8       0x30 contiki-sky.a(contikimac.o)
 .text.schedule_powercycle_fixed.part.4
                0x00000000000095e8       0x32 contiki-sky.a(contikimac.o)
 .text.powercycle_turn_radio_off
                0x000000000000961a       0x30 contiki-sky.a(contikimac.o)
 .text.powercycle_wrapper
                0x000000000000964a      0x1c2 contiki-sky.a(contikimac.o)
 .text.input_packet
                0x000000000000980c       0xb2 contiki-sky.a(contikimac.o)
 .text.send_packet.isra.8
                0x00000000000098be      0x1ec contiki-sky.a(contikimac.o)
 .text.qsend_list
                0x0000000000009aaa       0xd2 contiki-sky.a(contikimac.o)
 .text.qsend_packet
                0x0000000000009b7c       0x28 contiki-sky.a(contikimac.o)
 .text.hdr_length
                0x0000000000009ba4        0x8 contiki-sky.a(contikimac-fram)
 .text.parse    0x0000000000009bac       0x3a contiki-sky.a(contikimac-fram)
 .text.create   0x0000000000009be6       0x74 contiki-sky.a(contikimac-fram)
 .text.init     0x0000000000009c5a        0x2 contiki-sky.a(nullsec.o)
 .text.send     0x0000000000009c5c        0xa contiki-sky.a(nullsec.o)
 .text.input    0x0000000000009c66        0x6 contiki-sky.a(nullsec.o)
 .text.spi_init
                0x0000000000009c6c       0x32 contiki-sky.a(spi.o)
                0x0000000000009c6c                spi_init
 .text.compower_accumulate
                0x0000000000009c9e       0x72 contiki-sky.a(compower.o)
                0x0000000000009c9e                compower_accumulate
 .text.compower_clear
                0x0000000000009d10       0x12 contiki-sky.a(compower.o)
                0x0000000000009d10                compower_clear
 .text.compower_attrconv
                0x0000000000009d22       0x10 contiki-sky.a(compower.o)
                0x0000000000009d22                compower_attrconv
 .text.get_bits_in_byte
                0x0000000000009d32       0x3a contiki-sky.a(chameleon-bitop)
 .text.header_size
                0x0000000000009d6c       0x16 contiki-sky.a(chameleon-bitop)
 .text.get_bits
                0x0000000000009d82       0xa4 contiki-sky.a(chameleon-bitop)
                0x0000000000009d82                get_bits
 .text.unpack_header
                0x0000000000009e26       0xdc contiki-sky.a(chameleon-bitop)
 .text.set_bits
                0x0000000000009f02      0x116 contiki-sky.a(chameleon-bitop)
                0x0000000000009f02                set_bits
 .text.pack_header
                0x000000000000a018       0xc4 contiki-sky.a(chameleon-bitop)
 .text.channel_init
                0x000000000000a0dc        0xa contiki-sky.a(channel.o)
                0x000000000000a0dc                channel_init
 .text.channel_open
                0x000000000000a0e6       0x10 contiki-sky.a(channel.o)
                0x000000000000a0e6                channel_open
 .text.channel_close
                0x000000000000a0f6        0xc contiki-sky.a(channel.o)
                0x000000000000a0f6                channel_close
 .text.channel_lookup
                0x000000000000a102       0x20 contiki-sky.a(channel.o)
                0x000000000000a102                channel_lookup
 .text.channel_set_attributes
                0x000000000000a122       0x24 contiki-sky.a(channel.o)
                0x000000000000a122                channel_set_attributes
 .text.mac_sequence_is_duplicate
                0x000000000000a146       0x66 contiki-sky.a(mac-sequence.o)
                0x000000000000a146                mac_sequence_is_duplicate
 .text.mac_sequence_register_seqno
                0x000000000000a1ac       0x74 contiki-sky.a(mac-sequence.o)
                0x000000000000a1ac                mac_sequence_register_seqno
 .text.mac_call_sent_callback
                0x000000000000a220       0x14 contiki-sky.a(mac.o)
                0x000000000000a220                mac_call_sent_callback
 .text.parse    0x000000000000a234       0xb0 contiki-sky.a(framer-802154.o)
 .text.create_frame.isra.0
                0x000000000000a2e4      0x114 contiki-sky.a(framer-802154.o)
 .text.create   0x000000000000a3f8        0x8 contiki-sky.a(framer-802154.o)
 .text.hdr_length
                0x000000000000a400        0x8 contiki-sky.a(framer-802154.o)
 .text.frame802154_get_pan_id
                0x000000000000a408        0x6 contiki-sky.a(frame802154.o)
                0x000000000000a408                frame802154_get_pan_id
 .text.frame802154_has_panid
                0x000000000000a40e       0xdc contiki-sky.a(frame802154.o)
                0x000000000000a40e                frame802154_has_panid
 .text.field_len
                0x000000000000a4ea       0xb2 contiki-sky.a(frame802154.o)
 .text.frame802154_is_broadcast_addr
                0x000000000000a59c       0x24 contiki-sky.a(frame802154.o)
                0x000000000000a59c                frame802154_is_broadcast_addr
 .text.frame802154_hdrlen
                0x000000000000a5c0       0x32 contiki-sky.a(frame802154.o)
                0x000000000000a5c0                frame802154_hdrlen
 .text.frame802154_create_fcf
                0x000000000000a5f2       0x96 contiki-sky.a(frame802154.o)
                0x000000000000a5f2                frame802154_create_fcf
 .text.frame802154_create
                0x000000000000a688       0xe4 contiki-sky.a(frame802154.o)
                0x000000000000a688                frame802154_create
 .text.frame802154_parse_fcf
                0x000000000000a76c       0xbe contiki-sky.a(frame802154.o)
                0x000000000000a76c                frame802154_parse_fcf
 .text.frame802154_parse
                0x000000000000a82a      0x18c contiki-sky.a(frame802154.o)
                0x000000000000a82a                frame802154_parse
 .text.libgcc   0x000000000000a9b6       0x2c /usr/lib/gcc/msp430/4.6.3/mmpy-16/libgcc.a(_mulsi3.o)
                0x000000000000a9b6                __mulsi3
 .text.libgcc   0x000000000000a9e2       0x22 /usr/lib/gcc/msp430/4.6.3/mmpy-16/libgcc.a(_udivmod16.o)
                0x000000000000a9e2                __udivhi3
                0x000000000000a9e2                __ext_udivmod16
                0x000000000000a9fc                __umodhi3
 .text.libgcc   0x000000000000aa04       0x40 /usr/lib/gcc/msp430/4.6.3/mmpy-16/libgcc.a(_udivmod32.o)
                0x000000000000aa04                __udivsi3
                0x000000000000aa04                __ext_udivmod32
                0x000000000000aa3a                __umodsi3
 .text          0x000000000000aa44       0x20 /usr/lib/gcc/msp430/4.6.3/../../../../msp430/lib/mmpy-16/libc.a(memcmp.o)
                0x000000000000aa44                memcmp
 .text          0x000000000000aa64       0xfa /usr/lib/gcc/msp430/4.6.3/../../../../msp430/lib/mmpy-16/libc.a(memcpy.o)
                0x000000000000aa64                memcpy
 .text          0x000000000000ab5e       0x6a /usr/lib/gcc/msp430/4.6.3/../../../../msp430/lib/mmpy-16/libc.a(memset.o)
                0x000000000000ab5e                memset
 .text          0x000000000000abc8       0x1e /usr/lib/gcc/msp430/4.6.3/../../../../msp430/lib/mmpy-16/libc.a(printf.o)
                0x000000000000abc8                printf
                0x000000000000abd8                vprintf
 .text          0x000000000000abe6      0x836 /usr/lib/gcc/msp430/4.6.3/../../../../msp430/lib/mmpy-16/libc.a(vuprintf.o)
                0x000000000000ad7e                vuprintf
 .text          0x000000000000b41c       0x2c /usr/lib/gcc/msp430/4.6.3/../../../../msp430/lib/mmpy-16/libc.a(puts.o)
                0x000000000000b41c                puts
 .text          0x000000000000b448       0x54 /usr/lib/gcc/msp430/4.6.3/../../../../msp430/lib/mmpy-16/libc.a(rand.o)
                0x000000000000b448                rand_r
                0x000000000000b46c                rand
                0x000000000000b492                srand
 .text.libgcc   0x000000000000b49c       0xf0 /usr/lib/gcc/msp430/4.6.3/mmpy-16/libgcc.a(_udivmod64.o)
                0x000000000000b49c                __xabi_udivmod64
                0x000000000000b4fa                __udivdi3
                0x000000000000b520                __umoddi3
                0x000000000000b54e                __udivmoddi4
 .text.crt0     0x000000000000b58c        0x2 /usr/lib/gcc/msp430/4.6.3/mmpy-16/libcrt0.a(_unexpected_.o)
                0x000000000000b58c                _unexpected_
                0x000000000000b58e                . = ALIGN (0x2)

.rodata         0x000000000000b58e      0xf8a
                0x000000000000b58e                . = ALIGN (0x2)
 *(.rodata .rodata.* .gnu.linkonce.r.*)
 .rodata        0x000000000000b58e       0x4c example-DGHS.co
                0x000000000000b5ac                autostart_processes
 .rodata        0x000000000000b5da       0x5d obj_sky/neighbor_discovery.o
 *fill*         0x000000000000b637        0x1 00
 .rodata        0x000000000000b638      0x2ba obj_sky/DGHS_neighbor_discovery.o
 .rodata        0x000000000000b8f2      0x278 obj_sky/Gallager_Humblet_Spira.o
 .rodata        0x000000000000bb6a      0x784 obj_sky/DGHS_Gallager_Humblet_Spira.o
 .rodata        0x000000000000c2ee       0xd7 obj_sky/contiki-sky-main.o
 *fill*         0x000000000000c3c5        0x1 00
 .rodata        0x000000000000c3c6       0x10 contiki-sky.a(button-sensor.o)
                0x000000000000c3ce                button_sensor
 .rodata        0x000000000000c3d6        0x8 contiki-sky.a(sensors.o)
 .rodata        0x000000000000c3de       0x70 contiki-sky.a(cc2420.o)
                0x000000000000c410                cc2420_aes_128_driver
                0x000000000000c414                cc2420_driver
 .rodata        0x000000000000c44e        0xc contiki-sky.a(etimer.o)
 .rodata        0x000000000000c45a        0xf contiki-sky.a(ctimer.o)
 .rodata        0x000000000000c469        0xe contiki-sky.a(serial-line.o)
 *fill*         0x000000000000c477        0x1 00
 .rodata        0x000000000000c478        0xc contiki-sky.a(rime.o)
                0x000000000000c47e                rime_driver
 .rodata        0x000000000000c484        0x4 contiki-sky.a(broadcast-annou)
 .rodata        0x000000000000c488       0x10 contiki-sky.a(runicast.o)
 .rodata        0x000000000000c498        0x4 contiki-sky.a(stunicast.o)
 .rodata        0x000000000000c49c        0x8 contiki-sky.a(broadcast.o)
 .rodata        0x000000000000c4a4        0x2 contiki-sky.a(abc.o)
 .rodata        0x000000000000c4a6        0xa contiki-sky.a(unicast.o)
 .rodata        0x000000000000c4b0       0x14 contiki-sky.a(csma.o)
                0x000000000000c4b6                csma_driver
 .rodata        0x000000000000c4c4        0x2 contiki-sky.a(linkaddr.o)
                0x000000000000c4c4                linkaddr_null
 .rodata        0x000000000000c4c6       0x1c contiki-sky.a(contikimac.o)
                0x000000000000c4d2                contikimac_driver
 .rodata        0x000000000000c4e2        0x6 contiki-sky.a(contikimac-fram)
                0x000000000000c4e2                contikimac_framer
 .rodata        0x000000000000c4e8       0x10 contiki-sky.a(nullsec.o)
                0x000000000000c4f0                nullsec_driver
 .rodata        0x000000000000c4f8       0x10 contiki-sky.a(chameleon-bitop)
                0x000000000000c4f8                chameleon_bitopt
 .rodata        0x000000000000c508        0x6 contiki-sky.a(framer-802154.o)
                0x000000000000c508                framer_802154
 .rodata        0x000000000000c50e        0x2 contiki-sky.a(frame802154.o)
 .rodata        0x000000000000c510        0x7 /usr/lib/gcc/msp430/4.6.3/../../../../msp430/lib/mmpy-16/libc.a(vuprintf.o)
                0x000000000000c518                . = ALIGN (0x2)
 *fill*         0x000000000000c517        0x1 00
                0x000000000000c518                _etext = .

.data           0x0000000000001100      0x160 load address 0x000000000000c518
                0x0000000000001100                . = ALIGN (0x2)
                0x0000000000001100                PROVIDE (__data_start, .)
 *(.data .data.* .gnu.linkonce.d.*)
 .data          0x0000000000001100        0xa example-DGHS.co
                0x0000000000001100                master_DGHS
 .data          0x000000000000110a       0x4a obj_sky/DGHS_neighbor_discovery.o
                0x000000000000110a                analyze_agreement
                0x0000000000001114                runicast_control
                0x000000000000111e                broadcast_control
                0x0000000000001128                send_neighbor_discovery
                0x0000000000001132                master_neighbor_discovery
 .data          0x0000000000001154       0xa4 obj_sky/DGHS_Gallager_Humblet_Spira.o
                0x0000000000001154                response_to_change_root
                0x000000000000115e                procedure_change_root
                0x0000000000001168                response_to_report
                0x0000000000001172                response_to_reject
                0x000000000000117c                response_to_accept
                0x0000000000001186                response_to_test
                0x0000000000001190                procedure_report
                0x000000000000119a                procedure_test
                0x00000000000011a4                response_to_initiate
                0x00000000000011ae                response_to_connect
                0x00000000000011b8                in_union_evaluation
                0x00000000000011c2                out_union_evaluation
                0x00000000000011cc                send_Gallager_Humblet_Spira
                0x00000000000011d6                procedure_wakeup
 .data          0x00000000000011f8        0x4 contiki-sky.a(contiki-sky-pla)
                0x00000000000011f8                sensors
 .data          0x00000000000011fc        0xa contiki-sky.a(sensors.o)
                0x00000000000011fc                sensors_process
 .data          0x0000000000001206        0xc contiki-sky.a(cc2420.o)
                0x0000000000001206                cc2420_process
 .data          0x0000000000001212        0x2 contiki-sky.a(msp430.o)
 .data          0x0000000000001214        0xa contiki-sky.a(etimer.o)
                0x0000000000001214                etimer_process
 .data          0x000000000000121e        0xa contiki-sky.a(ctimer.o)
                0x000000000000121e                ctimer_process
 .data          0x0000000000001228        0xa contiki-sky.a(serial-line.o)
                0x0000000000001228                serial_line_process
 .data          0x0000000000001232       0x18 contiki-sky.a(csma.o)
 .data          0x000000000000124a       0x10 contiki-sky.a(queuebuf.o)
 .data          0x000000000000125a        0x2 contiki-sky.a(frame802154.o)
 .data          0x000000000000125c        0x4 /usr/lib/gcc/msp430/4.6.3/../../../../msp430/lib/mmpy-16/libc.a(rand.o)
                0x0000000000001260                . = ALIGN (0x2)
                0x0000000000001260                _edata = .
                0x000000000000c518                PROVIDE (__data_load_start, LOADADDR (.data))
                0x0000000000000160                PROVIDE (__data_size, SIZEOF (.data))

.bss            0x0000000000001260     0x1c9e load address 0x000000000000c678
                0x0000000000001260                PROVIDE (__bss_start, .)
 *(.bss .bss.*)
 .bss           0x0000000000001260        0xe example-DGHS.co
 .bss           0x000000000000126e      0x38a obj_sky/DGHS_neighbor_discovery.o
 .bss           0x00000000000015f8      0x710 obj_sky/DGHS_Gallager_Humblet_Spira.o
 .bss           0x0000000000001d08        0xc obj_sky/contiki-sky-main.o
 .bss           0x0000000000001d14        0x8 contiki-sky.a(button-sensor.o)
 .bss           0x0000000000001d1c        0x2 contiki-sky.a(node-id.o)
                0x0000000000001d1c                node_id
 .bss           0x0000000000001d1e        0x6 contiki-sky.a(sensors.o)
 .bss           0x0000000000001d24        0xa contiki-sky.a(cc2420.o)
 .bss           0x0000000000001d2e       0x9a contiki-sky.a(uart1.o)
 .bss           0x0000000000001dc8        0xa contiki-sky.a(clock.o)
 .bss           0x0000000000001dd2        0x1 contiki-sky.a(leds.o)
 *fill*         0x0000000000001dd3        0x1 00
 .bss           0x0000000000001dd4        0x2 contiki-sky.a(watchdog.o)
 .bss           0x0000000000001dd6        0x6 contiki-sky.a(etimer.o)
 .bss           0x0000000000001ddc        0x4 contiki-sky.a(ctimer.o)
 .bss           0x0000000000001de0       0x38 contiki-sky.a(process.o)
                0x0000000000001de0                process_current
                0x0000000000001de2                process_list
 .bss           0x0000000000001e18        0x2 contiki-sky.a(rtimer.o)
 .bss           0x0000000000001e1a      0x10a contiki-sky.a(serial-line.o)
 .bss           0x0000000000001f24        0x2 contiki-sky.a(rime.o)
 .bss           0x0000000000001f26       0x46 contiki-sky.a(broadcast-annou)
 .bss           0x0000000000001f6c        0x6 contiki-sky.a(announcement.o)
 .bss           0x0000000000001f72      0x124 contiki-sky.a(csma.o)
 .bss           0x0000000000002096      0xc40 contiki-sky.a(queuebuf.o)
 .bss           0x0000000000002cd6       0x86 contiki-sky.a(packetbuf.o)
 .bss           0x0000000000002d5c       0x32 contiki-sky.a(contikimac.o)
 .bss           0x0000000000002d8e        0x8 contiki-sky.a(compower.o)
 .bss           0x0000000000002d96        0x2 contiki-sky.a(channel.o)
 .bss           0x0000000000002d98       0x80 contiki-sky.a(mac-sequence.o)
 .bss           0x0000000000002e18        0x2 contiki-sky.a(framer-802154.o)
 *(COMMON)
 COMMON         0x0000000000002e1a       0x26 example-DGHS.co
                0x0000000000002e1a                e_send_reject
                0x0000000000002e1b                e_runicast_add_to_list
                0x0000000000002e1c                neighbors_list_p
                0x0000000000002e1e                e_send_change_root
                0x0000000000002e1f                e_execute
                0x0000000000002e20                e_broadcast_evaluation
                0x0000000000002e22                node
                0x0000000000002e38                e_initialize
                0x0000000000002e39                e_send_runicast
                0x0000000000002e3a                e_send_accept
                0x0000000000002e3b                e_send_report
                0x0000000000002e3c                e_send_broadcast
                0x0000000000002e3d                e_send_test
                0x0000000000002e3e                e_send_connect
                0x0000000000002e3f                e_send_initiate
 COMMON         0x0000000000002e40        0x2 contiki-sky.a(contiki-sky-pla)
                0x0000000000002e40                sensors_flags
 COMMON         0x0000000000002e42        0x8 contiki-sky.a(ds2411.o)
                0x0000000000002e42                ds2411_id
 COMMON         0x0000000000002e4a        0x1 contiki-sky.a(sensors.o)
                0x0000000000002e4a                sensors_event
 *fill*         0x0000000000002e4b        0x1 00
 COMMON         0x0000000000002e4c       0x10 contiki-sky.a(cc2420.o)
                0x0000000000002e4c                cc2420_last_rssi
                0x0000000000002e4e                cc2420_sfd_start_time
                0x0000000000002e50                cc2420_time_of_departure
                0x0000000000002e52                cc2420_time_of_arrival
                0x0000000000002e54                cc2420_last_correlation
                0x0000000000002e56                cc2420_authority_level_of_sender
                0x0000000000002e58                cc2420_sfd_counter
                0x0000000000002e5a                cc2420_sfd_end_time
 COMMON         0x0000000000002e5c        0x2 contiki-sky.a(msp430.o)
                0x0000000000002e5c                msp430_dco_required
 COMMON         0x0000000000002e5e       0x56 contiki-sky.a(energest.o)
                0x0000000000002e5e                energest_total_time
                0x0000000000002e8e                energest_total_count
                0x0000000000002e90                energest_current_mode
                0x0000000000002e9c                energest_current_time
 COMMON         0x0000000000002eb4        0x1 contiki-sky.a(process.o)
                0x0000000000002eb4                process_maxevents
 COMMON         0x0000000000002eb5        0x1 contiki-sky.a(serial-line.o)
                0x0000000000002eb5                serial_line_event_message
 COMMON         0x0000000000002eb6       0x3e contiki-sky.a(packetbuf.o)
                0x0000000000002eb6                packetbuf_addrs
                0x0000000000002ebe                packetbuf_attrs
 COMMON         0x0000000000002ef4        0x2 contiki-sky.a(linkaddr.o)
                0x0000000000002ef4                linkaddr_node_addr
 COMMON         0x0000000000002ef6        0x8 contiki-sky.a(compower.o)
                0x0000000000002ef6                compower_idle_activity
                0x0000000000002efe                . = ALIGN (0x2)
                0x0000000000002efe                PROVIDE (__bss_end, .)
                0x0000000000001c9e                PROVIDE (__bss_size, SIZEOF (.bss))

.noinit         0x0000000000002efe        0x2 load address 0x000000000000c678
                0x0000000000002efe                PROVIDE (__noinit_start, .)
 *(.noinit .noinit.*)
 .noinit.crt0   0x0000000000002efe        0x2 /usr/lib/gcc/msp430/4.6.3/mmpy-16/libcrt0.a(__watchdog_support.o)
                0x0000000000002efe                __wdt_clear_value
                0x0000000000002f00                . = ALIGN (0x2)
                0x0000000000002f00                PROVIDE (__noinit_end, .)
                0x0000000000002f00                . = ALIGN (0x2)
                0x0000000000002f00                _end = .

.infomem        0x0000000000001000        0x0
 *(.infomem)
                0x0000000000001000                . = ALIGN (0x2)
 *(.infomem.*)

.infomemnobits  0x0000000000001000        0x0
 *(.infomemnobits)
                0x0000000000001000                . = ALIGN (0x2)
 *(.infomemnobits.*)

.infoa
 *(.infoa .infoa.*)

.infob
 *(.infob .infob.*)

.infoc
 *(.infoc .infoc.*)

.infod
 *(.infod .infod.*)

.vectors        0x000000000000ffe0       0x20
                0x000000000000ffe0                PROVIDE (__vectors_start, .)
 *(.vectors*)
 .vectors       0x000000000000ffe0       0x20 /usr/lib/gcc/msp430/4.6.3/mmpy-16/crt0ivtbl16.o
                0x000000000000ffe0                __ivtbl_16
                0x0000000000010000                _vectors_end = .

.fartext        0x0000000000000000        0x0
                0x0000000000000000                . = ALIGN (0x2)
 *(.fartext)
                0x0000000000000000                . = ALIGN (0x2)
 *(.fartext.*)
                0x0000000000000000                _efartext = .

.profiler
 *(.profiler)

.stab           0x0000000000000000    0x20514
 *(.stab)
 .stab          0x0000000000000000     0x13d4 example-DGHS.co
 .stab          0x00000000000013d4      0x7bc obj_sky/neighbor_discovery.o
                                       0x1548 (size before relaxing)
 .stab          0x0000000000001b90     0x11ac obj_sky/DGHS_neighbor_discovery.o
                                       0x1f38 (size before relaxing)
 .stab          0x0000000000002d3c     0x114c obj_sky/Gallager_Humblet_Spira.o
                                       0x1ed8 (size before relaxing)
 .stab          0x0000000000003e88     0x240c obj_sky/DGHS_Gallager_Humblet_Spira.o
                                       0x3198 (size before relaxing)
 .stab          0x0000000000006294     0x1110 obj_sky/contiki-sky-main.o
                                       0x17a0 (size before relaxing)
 .stab          0x00000000000073a4      0x2a0 contiki-sky.a(contiki-sky-pla)
                                        0x5b8 (size before relaxing)
 .stab          0x0000000000007644      0x468 contiki-sky.a(button-sensor.o)
                                        0x7d4 (size before relaxing)
 .stab          0x0000000000007aac      0x624 contiki-sky.a(ds2411.o)
                                        0xb40 (size before relaxing)
 .stab          0x00000000000080d0      0xbac contiki-sky.a(xmem.o)
                                        0xf60 (size before relaxing)
 .stab          0x0000000000008c7c      0x2b8 contiki-sky.a(node-id.o)
                                        0x4e0 (size before relaxing)
 .stab          0x0000000000008f34      0x654 contiki-sky.a(sensors.o)
                                        0xb70 (size before relaxing)
 .stab          0x0000000000009588     0x2904 contiki-sky.a(cc2420.o)
                                       0x3030 (size before relaxing)
 .stab          0x000000000000be8c      0xa68 contiki-sky.a(cc2420-arch.o)
                                       0x13f8 (size before relaxing)
 .stab          0x000000000000c8f4      0x60c contiki-sky.a(uart1.o)
                                        0x960 (size before relaxing)
 .stab          0x000000000000cf00      0x234 contiki-sky.a(uart1-putchar.o)
                                        0x588 (size before relaxing)
 .stab          0x000000000000d134      0x744 contiki-sky.a(msp430.o)
                                        0xa98 (size before relaxing)
 .stab          0x000000000000d878      0x948 contiki-sky.a(clock.o)
                                        0xc9c (size before relaxing)
 .stab          0x000000000000e1c0      0x5dc contiki-sky.a(leds.o)
                                        0x828 (size before relaxing)
 .stab          0x000000000000e79c      0x3a8 contiki-sky.a(leds-arch.o)
                                        0x6fc (size before relaxing)
 .stab          0x000000000000eb44      0x3fc contiki-sky.a(watchdog.o)
                                        0x750 (size before relaxing)
 .stab          0x000000000000ef40      0x3cc contiki-sky.a(rtimer-arch.o)
                                        0x720 (size before relaxing)
 .stab          0x000000000000f30c      0x294 contiki-sky.a(autostart.o)
                                        0x534 (size before relaxing)
 .stab          0x000000000000f5a0      0x474 contiki-sky.a(energest.o)
                                        0x6fc (size before relaxing)
 .stab          0x000000000000fa14      0xabc contiki-sky.a(etimer.o)
                                        0xd8c (size before relaxing)
 .stab          0x00000000000104d0      0x858 contiki-sky.a(ctimer.o)
                                        0xbc4 (size before relaxing)
 .stab          0x0000000000010d28      0xba0 contiki-sky.a(process.o)
                                       0x1038 (size before relaxing)
 .stab          0x00000000000118c8      0x3c0 contiki-sky.a(rtimer.o)
                                        0x6c0 (size before relaxing)
 .stab          0x0000000000011c88      0x354 contiki-sky.a(timer.o)
                                        0x594 (size before relaxing)
 .stab          0x0000000000011fdc      0x534 contiki-sky.a(serial-line.o)
                                        0xa50 (size before relaxing)
 .stab          0x0000000000012510      0x7e0 contiki-sky.a(list.o)
                                        0x804 (size before relaxing)
 .stab          0x0000000000012cf0      0x5c4 contiki-sky.a(memb.o)
                                        0xaf8 (size before relaxing)
 .stab          0x00000000000132b4      0x24c contiki-sky.a(random.o)
                                        0x624 (size before relaxing)
 .stab          0x0000000000013500      0x3fc contiki-sky.a(ringbuf.o)
                                        0x63c (size before relaxing)
 .stab          0x00000000000138fc      0xbc4 contiki-sky.a(rime.o)
                                       0x1410 (size before relaxing)
 .stab          0x00000000000144c0      0x978 contiki-sky.a(broadcast-annou)
                                       0x15c0 (size before relaxing)
 .stab          0x0000000000014e38      0x6e4 contiki-sky.a(announcement.o)
                                        0x984 (size before relaxing)
 .stab          0x000000000001551c      0x8f4 contiki-sky.a(runicast.o)
                                       0x1578 (size before relaxing)
 .stab          0x0000000000015e10      0x888 contiki-sky.a(stunicast.o)
                                       0x150c (size before relaxing)
 .stab          0x0000000000016698      0x5e8 contiki-sky.a(chameleon.o)
                                       0x123c (size before relaxing)
 .stab          0x0000000000016c80      0x6d8 contiki-sky.a(broadcast.o)
                                       0x1500 (size before relaxing)
 .stab          0x0000000000017358      0x66c contiki-sky.a(abc.o)
                                       0x1494 (size before relaxing)
 .stab          0x00000000000179c4      0x624 contiki-sky.a(unicast.o)
                                       0x129c (size before relaxing)
 .stab          0x0000000000017fe8      0xcf0 contiki-sky.a(csma.o)
                                       0x1680 (size before relaxing)
 .stab          0x0000000000018cd8      0xa5c contiki-sky.a(queuebuf.o)
                                       0x1884 (size before relaxing)
 .stab          0x0000000000019734      0xc60 contiki-sky.a(packetbuf.o)
                                       0x1aa0 (size before relaxing)
 .stab          0x000000000001a394      0x2c4 contiki-sky.a(linkaddr.o)
                                        0x6c0 (size before relaxing)
 .stab          0x000000000001a658     0x1728 contiki-sky.a(contikimac.o)
                                       0x22ec (size before relaxing)
 .stab          0x000000000001bd80      0x81c contiki-sky.a(contikimac-fram)
                                        0xe58 (size before relaxing)
 .stab          0x000000000001c59c      0x3c0 contiki-sky.a(nullsec.o)
                                        0xcf0 (size before relaxing)
 .stab          0x000000000001c95c      0x204 contiki-sky.a(spi.o)
                                        0x42c (size before relaxing)
 .stab          0x000000000001cb60      0x51c contiki-sky.a(compower.o)
                                        0xd20 (size before relaxing)
 .stab          0x000000000001d07c      0xd80 contiki-sky.a(chameleon-bitop)
                                       0x19f8 (size before relaxing)
 .stab          0x000000000001ddfc      0x624 contiki-sky.a(channel.o)
                                       0x129c (size before relaxing)
 .stab          0x000000000001e420      0x630 contiki-sky.a(mac-sequence.o)
                                       0x1470 (size before relaxing)
 .stab          0x000000000001ea50      0x1f8 contiki-sky.a(mac.o)
                                        0x4ec (size before relaxing)
 .stab          0x000000000001ec48      0x6f0 contiki-sky.a(framer-802154.o)
                                        0xf30 (size before relaxing)
 .stab          0x000000000001f338     0x11dc contiki-sky.a(frame802154.o)
                                       0x19c8 (size before relaxing)

.stabstr        0x0000000000000000    0x17a00
 *(.stabstr)
 .stabstr       0x0000000000000000    0x17a00 example-DGHS.co

.stab.excl
 *(.stab.excl)

.stab.exclstr
 *(.stab.exclstr)

.stab.index
 *(.stab.index)

.stab.indexstr
 *(.stab.indexstr)

.comment
 *(.comment)

.debug
 *(.debug)

.line
 *(.line)

.debug_srcinfo
 *(.debug_srcinfo)

.debug_sfnames
 *(.debug_sfnames)

.debug_aranges  0x0000000000000000      0x168
 *(.debug_aranges)
 .debug_aranges
                0x0000000000000000       0x14 /usr/lib/gcc/msp430/4.6.3/mmpy-16/libgcc.a(_mulsi3.o)
 .debug_aranges
                0x0000000000000014       0x14 /usr/lib/gcc/msp430/4.6.3/mmpy-16/libgcc.a(_udivmod16.o)
 .debug_aranges
                0x0000000000000028       0x14 /usr/lib/gcc/msp430/4.6.3/mmpy-16/libgcc.a(_udivmod32.o)
 .debug_aranges
                0x000000000000003c       0x14 /usr/lib/gcc/msp430/4.6.3/../../../../msp430/lib/mmpy-16/libc.a(strncmp.o)
 .debug_aranges
                0x0000000000000050       0x14 /usr/lib/gcc/msp430/4.6.3/../../../../msp430/lib/mmpy-16/libc.a(memcmp.o)
 .debug_aranges
                0x0000000000000064       0x14 /usr/lib/gcc/msp430/4.6.3/../../../../msp430/lib/mmpy-16/libc.a(memcpy.o)
 .debug_aranges
                0x0000000000000078       0x14 /usr/lib/gcc/msp430/4.6.3/../../../../msp430/lib/mmpy-16/libc.a(memset.o)
 .debug_aranges
                0x000000000000008c       0x14 /usr/lib/gcc/msp430/4.6.3/../../../../msp430/lib/mmpy-16/libc.a(printf.o)
 .debug_aranges
                0x00000000000000a0       0x14 /usr/lib/gcc/msp430/4.6.3/../../../../msp430/lib/mmpy-16/libc.a(vuprintf.o)
 .debug_aranges
                0x00000000000000b4       0x14 /usr/lib/gcc/msp430/4.6.3/../../../../msp430/lib/mmpy-16/libc.a(puts.o)
 .debug_aranges
                0x00000000000000c8       0x14 /usr/lib/gcc/msp430/4.6.3/../../../../msp430/lib/mmpy-16/libc.a(rand.o)
 .debug_aranges
                0x00000000000000dc       0x14 /usr/lib/gcc/msp430/4.6.3/mmpy-16/libgcc.a(_udivmod64.o)
 .debug_aranges
                0x00000000000000f0       0x14 /usr/lib/gcc/msp430/4.6.3/mmpy-16/libcrt0.a(__watchdog_support.o)
 .debug_aranges
                0x0000000000000104       0x14 /usr/lib/gcc/msp430/4.6.3/mmpy-16/libcrt0.a(__init_stack.o)
 .debug_aranges
                0x0000000000000118       0x14 /usr/lib/gcc/msp430/4.6.3/mmpy-16/libcrt0.a(_copy_data.o)
 .debug_aranges
                0x000000000000012c       0x14 /usr/lib/gcc/msp430/4.6.3/mmpy-16/libcrt0.a(_clear_bss.o)
 .debug_aranges
                0x0000000000000140       0x14 /usr/lib/gcc/msp430/4.6.3/mmpy-16/libcrt0.a(_endless_loop__.o)
 .debug_aranges
                0x0000000000000154       0x14 /usr/lib/gcc/msp430/4.6.3/mmpy-16/libcrt0.a(_unexpected_.o)

.debug_pubnames
 *(.debug_pubnames)

.debug_info     0x0000000000000000     0x139b
 *(.debug_info)
 .debug_info    0x0000000000000000       0xd6 /usr/lib/gcc/msp430/4.6.3/mmpy-16/libgcc.a(_mulsi3.o)
 .debug_info    0x00000000000000d6       0xd6 /usr/lib/gcc/msp430/4.6.3/mmpy-16/libgcc.a(_udivmod16.o)
 .debug_info    0x00000000000001ac       0xd6 /usr/lib/gcc/msp430/4.6.3/mmpy-16/libgcc.a(_udivmod32.o)
 .debug_info    0x0000000000000282       0xbb /usr/lib/gcc/msp430/4.6.3/../../../../msp430/lib/mmpy-16/libc.a(strncmp.o)
 .debug_info    0x000000000000033d       0xe8 /usr/lib/gcc/msp430/4.6.3/../../../../msp430/lib/mmpy-16/libc.a(memcmp.o)
 .debug_info    0x0000000000000425      0x113 /usr/lib/gcc/msp430/4.6.3/../../../../msp430/lib/mmpy-16/libc.a(memcpy.o)
 .debug_info    0x0000000000000538       0xfe /usr/lib/gcc/msp430/4.6.3/../../../../msp430/lib/mmpy-16/libc.a(memset.o)
 .debug_info    0x0000000000000636      0x105 /usr/lib/gcc/msp430/4.6.3/../../../../msp430/lib/mmpy-16/libc.a(printf.o)
 .debug_info    0x000000000000073b      0x565 /usr/lib/gcc/msp430/4.6.3/../../../../msp430/lib/mmpy-16/libc.a(vuprintf.o)
 .debug_info    0x0000000000000ca0       0x96 /usr/lib/gcc/msp430/4.6.3/../../../../msp430/lib/mmpy-16/libc.a(puts.o)
 .debug_info    0x0000000000000d36      0x13f /usr/lib/gcc/msp430/4.6.3/../../../../msp430/lib/mmpy-16/libc.a(rand.o)
 .debug_info    0x0000000000000e75       0xd6 /usr/lib/gcc/msp430/4.6.3/mmpy-16/libgcc.a(_udivmod64.o)
 .debug_info    0x0000000000000f4b       0xb8 /usr/lib/gcc/msp430/4.6.3/mmpy-16/libcrt0.a(__watchdog_support.o)
 .debug_info    0x0000000000001003       0xb8 /usr/lib/gcc/msp430/4.6.3/mmpy-16/libcrt0.a(__init_stack.o)
 .debug_info    0x00000000000010bb       0xb8 /usr/lib/gcc/msp430/4.6.3/mmpy-16/libcrt0.a(_copy_data.o)
 .debug_info    0x0000000000001173       0xb8 /usr/lib/gcc/msp430/4.6.3/mmpy-16/libcrt0.a(_clear_bss.o)
 .debug_info    0x000000000000122b       0xb8 /usr/lib/gcc/msp430/4.6.3/mmpy-16/libcrt0.a(_endless_loop__.o)
 .debug_info    0x00000000000012e3       0xb8 /usr/lib/gcc/msp430/4.6.3/mmpy-16/libcrt0.a(_unexpected_.o)
 *(.gnu.linkonce.wi.*)

.debug_abbrev   0x0000000000000000      0x721
 *(.debug_abbrev)
 .debug_abbrev  0x0000000000000000       0x14 /usr/lib/gcc/msp430/4.6.3/mmpy-16/libgcc.a(_mulsi3.o)
 .debug_abbrev  0x0000000000000014       0x14 /usr/lib/gcc/msp430/4.6.3/mmpy-16/libgcc.a(_udivmod16.o)
 .debug_abbrev  0x0000000000000028       0x14 /usr/lib/gcc/msp430/4.6.3/mmpy-16/libgcc.a(_udivmod32.o)
 .debug_abbrev  0x000000000000003c       0x7c /usr/lib/gcc/msp430/4.6.3/../../../../msp430/lib/mmpy-16/libc.a(strncmp.o)
 .debug_abbrev  0x00000000000000b8       0x9b /usr/lib/gcc/msp430/4.6.3/../../../../msp430/lib/mmpy-16/libc.a(memcmp.o)
 .debug_abbrev  0x0000000000000153       0x97 /usr/lib/gcc/msp430/4.6.3/../../../../msp430/lib/mmpy-16/libc.a(memcpy.o)
 .debug_abbrev  0x00000000000001ea       0x9c /usr/lib/gcc/msp430/4.6.3/../../../../msp430/lib/mmpy-16/libc.a(memset.o)
 .debug_abbrev  0x0000000000000286       0xd0 /usr/lib/gcc/msp430/4.6.3/../../../../msp430/lib/mmpy-16/libc.a(printf.o)
 .debug_abbrev  0x0000000000000356      0x1ef /usr/lib/gcc/msp430/4.6.3/../../../../msp430/lib/mmpy-16/libc.a(vuprintf.o)
 .debug_abbrev  0x0000000000000545       0x60 /usr/lib/gcc/msp430/4.6.3/../../../../msp430/lib/mmpy-16/libc.a(puts.o)
 .debug_abbrev  0x00000000000005a5       0xf0 /usr/lib/gcc/msp430/4.6.3/../../../../msp430/lib/mmpy-16/libc.a(rand.o)
 .debug_abbrev  0x0000000000000695       0x14 /usr/lib/gcc/msp430/4.6.3/mmpy-16/libgcc.a(_udivmod64.o)
 .debug_abbrev  0x00000000000006a9       0x14 /usr/lib/gcc/msp430/4.6.3/mmpy-16/libcrt0.a(__watchdog_support.o)
 .debug_abbrev  0x00000000000006bd       0x14 /usr/lib/gcc/msp430/4.6.3/mmpy-16/libcrt0.a(__init_stack.o)
 .debug_abbrev  0x00000000000006d1       0x14 /usr/lib/gcc/msp430/4.6.3/mmpy-16/libcrt0.a(_copy_data.o)
 .debug_abbrev  0x00000000000006e5       0x14 /usr/lib/gcc/msp430/4.6.3/mmpy-16/libcrt0.a(_clear_bss.o)
 .debug_abbrev  0x00000000000006f9       0x14 /usr/lib/gcc/msp430/4.6.3/mmpy-16/libcrt0.a(_endless_loop__.o)
 .debug_abbrev  0x000000000000070d       0x14 /usr/lib/gcc/msp430/4.6.3/mmpy-16/libcrt0.a(_unexpected_.o)

.debug_line     0x0000000000000000      0xc6f
 *(.debug_line)
 .debug_line    0x0000000000000000       0xa3 /usr/lib/gcc/msp430/4.6.3/mmpy-16/libgcc.a(_mulsi3.o)
 .debug_line    0x00000000000000a3       0x9c /usr/lib/gcc/msp430/4.6.3/mmpy-16/libgcc.a(_udivmod16.o)
 .debug_line    0x000000000000013f       0xab /usr/lib/gcc/msp430/4.6.3/mmpy-16/libgcc.a(_udivmod32.o)
 .debug_line    0x00000000000001ea       0x75 /usr/lib/gcc/msp430/4.6.3/../../../../msp430/lib/mmpy-16/libc.a(strncmp.o)