Archive member included because of file (symbol)

contiki-wismote.a(contiki-wismote)
                              obj_wismote/contiki-wismote-main.o (init_platform)
contiki-wismote.a(button-sensor.o)
                              contiki-wismote.a(contiki-wismote) (button_sensor)
contiki-wismote.a(xmem.o)     obj_wismote/contiki-wismote-main.o (xmem_init)
contiki-wismote.a(node-id.o)  obj_wismote/contiki-wismote-main.o (node_id_restore)
contiki-wismote.a(sensors.o)  contiki-wismote.a(button-sensor.o) (sensors_changed)
contiki-wismote.a(cc2520.o)   obj_wismote/contiki-wismote-main.o (cc2520_set_channel)
contiki-wismote.a(cc2520-arch.o)
                              contiki-wismote.a(cc2520.o) (cc2520_arch_init)
contiki-wismote.a(uart1.o)    obj_wismote/contiki-wismote-main.o (uart1_active)
contiki-wismote.a(uart1-putchar.o)
                              obj_wismote/Bayes_Laplace.o (putchar)
contiki-wismote.a(msp430.o)   obj_wismote/contiki-wismote-main.o (msp430_cpu_init)
contiki-wismote.a(clock.o)    obj_wismote/contiki-wismote-main.o (clock_init)
contiki-wismote.a(leds.o)     obj_wismote/contiki-wismote-main.o (leds_init)
contiki-wismote.a(leds-arch.o)
                              contiki-wismote.a(leds.o) (leds_arch_init)
contiki-wismote.a(watchdog.o)
                              obj_wismote/contiki-wismote-main.o (watchdog_start)
contiki-wismote.a(rtimer-arch.o)
                              obj_wismote/contiki-wismote-main.o (rtimer_arch_now)
contiki-wismote.a(autostart.o)
                              obj_wismote/contiki-wismote-main.o (autostart_start)
contiki-wismote.a(energest.o)
                              obj_wismote/contiki-wismote-main.o (energest_init)
contiki-wismote.a(ctimer.o)   obj_wismote/contiki-wismote-main.o (ctimer_init)
contiki-wismote.a(etimer.o)   contiki-wismote.a(clock.o) (etimer_request_poll)
contiki-wismote.a(process.o)  contiki-wismote.a(ctimer.o) (process_current)
contiki-wismote.a(rtimer.o)   obj_wismote/contiki-wismote-main.o (rtimer_init)
contiki-wismote.a(timer.o)    contiki-wismote.a(button-sensor.o) (timer_set)
contiki-wismote.a(serial-line.o)
                              obj_wismote/contiki-wismote-main.o (serial_line_input_byte)
contiki-wismote.a(list.o)     contiki-wismote.a(ctimer.o) (list_init)
contiki-wismote.a(random.o)   obj_wismote/contiki-wismote-main.o (random_init)
contiki-wismote.a(ringbuf.o)  contiki-wismote.a(serial-line.o) (ringbuf_init)
contiki-wismote.a(rime.o)     obj_wismote/contiki-wismote-main.o (rime_driver)
contiki-wismote.a(announcement.o)
                              contiki-wismote.a(rime.o) (announcement_init)
contiki-wismote.a(queuebuf.o)
                              contiki-wismote.a(rime.o) (queuebuf_init)
contiki-wismote.a(packetbuf.o)
                              contiki-wismote.a(cc2520.o) (packetbuf_set_datalen)
contiki-wismote.a(linkaddr.o)
                              obj_wismote/contiki-wismote-main.o (linkaddr_copy)
contiki-wismote.a(csma.o)     obj_wismote/contiki-wismote-main.o (csma_driver)
contiki-wismote.a(mac.o)      contiki-wismote.a(csma.o) (mac_call_sent_callback)
contiki-wismote.a(contikimac.o)
                              obj_wismote/contiki-wismote-main.o (contikimac_driver)
contiki-wismote.a(nullsec.o)  contiki-wismote.a(rime.o) (nullsec_driver)
contiki-wismote.a(spi.o)      contiki-wismote.a(xmem.o) (spi_init)
contiki-wismote.a(compower.o)
                              contiki-wismote.a(contikimac.o) (compower_idle_activity)
contiki-wismote.a(memb.o)     contiki-wismote.a(queuebuf.o) (memb_init)
contiki-wismote.a(broadcast-annou)
                              contiki-wismote.a(rime.o) (broadcast_announcement_init)
contiki-wismote.a(broadcast.o)
                              contiki-wismote.a(broadcast-annou) (broadcast_open)
contiki-wismote.a(channel.o)  contiki-wismote.a(broadcast.o) (channel_set_attributes)
contiki-wismote.a(chameleon.o)
                              contiki-wismote.a(rime.o) (chameleon_init)
contiki-wismote.a(abc.o)      contiki-wismote.a(broadcast.o) (abc_open)
contiki-wismote.a(mac-sequence.o)
                              contiki-wismote.a(contikimac.o) (mac_sequence_is_duplicate)
contiki-wismote.a(framer-802154.o)
                              contiki-wismote.a(contikimac.o) (framer_802154)
contiki-wismote.a(frame802154.o)
                              contiki-wismote.a(framer-802154.o) (frame802154_get_pan_id)
contiki-wismote.a(chameleon-bitop)
                              contiki-wismote.a(chameleon.o) (chameleon_bitopt)
/lib/gcc/msp430/4.7.0/mcpu-430x/mmpy-16/msr20/mc20/md20/libgcc.a(_udivmod32.o)
                              obj_wismote/contiki-wismote-main.o (__udivsi3)
/lib/gcc/msp430/4.7.0/mcpu-430x/mmpy-16/msr20/mc20/md20/libgcc.a(_addsub_sf.o)
                              obj_wismote/Bayes_Laplace.o (__addsf3)
/lib/gcc/msp430/4.7.0/mcpu-430x/mmpy-16/msr20/mc20/md20/libgcc.a(_mul_sf.o)
                              obj_wismote/Bayes_Laplace.o (__mulsf3)
[...]
Memory Configuration

Name             Origin             Length             Attributes
sfr              0x0000000000000000 0x0000000000000010
peripheral_8bit  0x0000000000000010 0x00000000000000f0
peripheral_16bit 0x0000000000000100 0x0000000000000100
bsl              0x0000000000001000 0x0000000000000800
infomem          0x0000000000001800 0x0000000000000200
infod            0x0000000000001800 0x0000000000000080
infoc            0x0000000000001880 0x0000000000000080
infob            0x0000000000001900 0x0000000000000080
infoa            0x0000000000001980 0x0000000000000080
ram              0x0000000000001c00 0x0000000000004000 xw
rom              0x0000000000005c00 0x000000000000a380 xr
vectors          0x000000000000ff80 0x0000000000000080
far_rom          0x0000000000010000 0x0000000000035c00
ram2             0x0000000000000000 0x0000000000000000 xw
ram_mirror       0x0000000000000000 0x0000000000000000 xw
usbram           0x0000000000000000 0x0000000000000000 xw
*default*        0x0000000000000000 0xffffffffffffffff

Linker script and memory map

LOAD /lib/gcc/msp430/4.7.0/mcpu-430x/mmpy-16/msr20/mc20/md20/crt0ivtbl64.o
LOAD DGHS_Bayes_Laplace.co
LOAD obj_wismote/Bayes_Laplace.o
LOAD obj_wismote/contiki-wismote-main.o
LOAD contiki-wismote.a
LOAD /lib/gcc/msp430/4.7.0/mcpu-430x/mmpy-16/msr20/mc20/md20/libgcc.a
LOAD /lib/gcc/msp430/4.7.0/../../../../msp430/lib/mcpu-430x/mmpy-16/msr20/mc20/md20/libc.a
LOAD /lib/gcc/msp430/4.7.0/mcpu-430x/mmpy-16/msr20/mc20/md20/libgcc.a
LOAD /lib/gcc/msp430/4.7.0/mcpu-430x/mmpy-16/msr20/mc20/md20/libcrt0.a
                0x0000000000000080                PROVIDE (__info_segment_size, 0x80)
                0x0000000000001800                PROVIDE (__infod, 0x1800)
                0x0000000000001880                PROVIDE (__infoc, 0x1880)
                0x0000000000001900                PROVIDE (__infob, 0x1900)
                0x0000000000001980                PROVIDE (__infoa, 0x1980)
                0x0000000000000700                __ADC12CTL0_L = 0x700
                0x0000000000000701                __ADC12CTL0_H = 0x701
                0x0000000000000700                __ADC12CTL0 = 0x700
                0x0000000000000702                __ADC12CTL1_L = 0x702
                0x0000000000000703                __ADC12CTL1_H = 0x703
                0x0000000000000702                __ADC12CTL1 = 0x702
                0x0000000000000704                __ADC12CTL2_L = 0x704
                0x0000000000000705                __ADC12CTL2_H = 0x705
                0x0000000000000704                __ADC12CTL2 = 0x704
                0x000000000000070a                __ADC12IFG_L = 0x70a
                0x000000000000070b                __ADC12IFG_H = 0x70b
                0x000000000000070a                __ADC12IFG = 0x70a
                0x000000000000070c                __ADC12IE_L = 0x70c
                0x000000000000070d                __ADC12IE_H = 0x70d
                0x000000000000070c                __ADC12IE = 0x70c
                0x000000000000070e                __ADC12IV_L = 0x70e
                0x000000000000070f                __ADC12IV_H = 0x70f
                0x000000000000070e                __ADC12IV = 0x70e
                0x0000000000000720                __ADC12MEM0_L = 0x720
                0x0000000000000721                __ADC12MEM0_H = 0x721
                0x0000000000000720                __ADC12MEM0 = 0x720
                0x0000000000000722                __ADC12MEM1_L = 0x722
                0x0000000000000723                __ADC12MEM1_H = 0x723
                0x0000000000000722                __ADC12MEM1 = 0x722
                0x0000000000000724                __ADC12MEM2_L = 0x724
                0x0000000000000725                __ADC12MEM2_H = 0x725
                0x0000000000000724                __ADC12MEM2 = 0x724
                0x0000000000000726                __ADC12MEM3_L = 0x726
                0x0000000000000727                __ADC12MEM3_H = 0x727
                0x0000000000000726                __ADC12MEM3 = 0x726
                0x0000000000000728                __ADC12MEM4_L = 0x728
                0x0000000000000729                __ADC12MEM4_H = 0x729
                0x0000000000000728                __ADC12MEM4 = 0x728
                0x000000000000072a                __ADC12MEM5_L = 0x72a
                0x000000000000072b                __ADC12MEM5_H = 0x72b
                0x000000000000072a                __ADC12MEM5 = 0x72a
                0x000000000000072c                __ADC12MEM6_L = 0x72c
                0x000000000000072d                __ADC12MEM6_H = 0x72d
                0x000000000000072c                __ADC12MEM6 = 0x72c
                0x000000000000072e                __ADC12MEM7_L = 0x72e
                0x000000000000072f                __ADC12MEM7_H = 0x72f
                0x000000000000072e                __ADC12MEM7 = 0x72e
                0x0000000000000730                __ADC12MEM8_L = 0x730
                0x0000000000000731                __ADC12MEM8_H = 0x731
                0x0000000000000730                __ADC12MEM8 = 0x730
                0x0000000000000732                __ADC12MEM9_L = 0x732
                0x0000000000000733                __ADC12MEM9_H = 0x733
                0x0000000000000732                __ADC12MEM9 = 0x732
                0x0000000000000734                __ADC12MEM10_L = 0x734
                0x0000000000000735                __ADC12MEM10_H = 0x735
                0x0000000000000734                __ADC12MEM10 = 0x734
                0x0000000000000736                __ADC12MEM11_L = 0x736
                0x0000000000000737                __ADC12MEM11_H = 0x737
                0x0000000000000736                __ADC12MEM11 = 0x736
                0x0000000000000738                __ADC12MEM12_L = 0x738
                0x0000000000000739                __ADC12MEM12_H = 0x739
                0x0000000000000738                __ADC12MEM12 = 0x738
                0x000000000000073a                __ADC12MEM13_L = 0x73a
                0x000000000000073b                __ADC12MEM13_H = 0x73b
                0x000000000000073a                __ADC12MEM13 = 0x73a
                0x000000000000073c                __ADC12MEM14_L = 0x73c
                0x000000000000073d                __ADC12MEM14_H = 0x73d
                0x000000000000073c                __ADC12MEM14 = 0x73c
                0x000000000000073e                __ADC12MEM15_L = 0x73e
                0x000000000000073f                __ADC12MEM15_H = 0x73f
                0x000000000000073e                __ADC12MEM15 = 0x73e
                0x0000000000000710                __ADC12MCTL0 = 0x710
                0x0000000000000711                __ADC12MCTL1 = 0x711
                0x0000000000000712                __ADC12MCTL2 = 0x712
                0x0000000000000713                __ADC12MCTL3 = 0x713
                0x0000000000000714                __ADC12MCTL4 = 0x714
                0x0000000000000715                __ADC12MCTL5 = 0x715
                0x0000000000000716                __ADC12MCTL6 = 0x716
                0x0000000000000717                __ADC12MCTL7 = 0x717
                0x0000000000000718                __ADC12MCTL8 = 0x718
                0x0000000000000719                __ADC12MCTL9 = 0x719
                0x000000000000071a                __ADC12MCTL10 = 0x71a
                0x000000000000071b                __ADC12MCTL11 = 0x71b
                0x000000000000071c                __ADC12MCTL12 = 0x71c
                0x000000000000071d                __ADC12MCTL13 = 0x71d
                0x000000000000071e                __ADC12MCTL14 = 0x71e
                0x000000000000071f                __ADC12MCTL15 = 0x71f
                0x0000000000000150                __CRCDI_L = 0x150
                0x0000000000000151                __CRCDI_H = 0x151
                0x0000000000000150                __CRCDI = 0x150
                0x0000000000000154                __CRCINIRES_L = 0x154
                0x0000000000000155                __CRCINIRES_H = 0x155
                0x0000000000000154                __CRCINIRES = 0x154
                0x0000000000000500                __DMACTL0_L = 0x500
                0x0000000000000501                __DMACTL0_H = 0x501
                0x0000000000000500                __DMACTL0 = 0x500
                0x0000000000000502                __DMACTL1_L = 0x502
                0x0000000000000503                __DMACTL1_H = 0x503
                0x0000000000000502                __DMACTL1 = 0x502
                0x0000000000000504                __DMACTL2_L = 0x504
                0x0000000000000505                __DMACTL2_H = 0x505
                0x0000000000000504                __DMACTL2 = 0x504
                0x0000000000000506                __DMACTL3_L = 0x506
                0x0000000000000507                __DMACTL3_H = 0x507
                0x0000000000000506                __DMACTL3 = 0x506
                0x0000000000000508                __DMACTL4_L = 0x508
                0x0000000000000509                __DMACTL4_H = 0x509
                0x0000000000000508                __DMACTL4 = 0x508
                0x000000000000050e                __DMAIV_L = 0x50e
                0x000000000000050f                __DMAIV_H = 0x50f
                0x000000000000050e                __DMAIV = 0x50e
                0x0000000000000510                __DMA0CTL_L = 0x510
                0x0000000000000511                __DMA0CTL_H = 0x511
                0x0000000000000510                __DMA0CTL = 0x510
                0x0000000000000512                __DMA0SA = 0x512
                0x0000000000000516                __DMA0DA = 0x516
                0x000000000000051a                __DMA0SZ = 0x51a
                0x0000000000000520                __DMA1CTL_L = 0x520
                0x0000000000000521                __DMA1CTL_H = 0x521
                0x0000000000000520                __DMA1CTL = 0x520
                0x0000000000000522                __DMA1SA = 0x522
                0x0000000000000526                __DMA1DA = 0x526
                0x000000000000052a                __DMA1SZ = 0x52a
                0x0000000000000530                __DMA2CTL_L = 0x530
                0x0000000000000531                __DMA2CTL_H = 0x531
                0x0000000000000530                __DMA2CTL = 0x530
                0x0000000000000532                __DMA2SA = 0x532
                0x0000000000000536                __DMA2DA = 0x536
                0x000000000000053a                __DMA2SZ = 0x53a
                0x0000000000000140                __FCTL1_L = 0x140
                0x0000000000000141                __FCTL1_H = 0x141
                0x0000000000000140                __FCTL1 = 0x140
                0x0000000000000144                __FCTL3_L = 0x144
                0x0000000000000145                __FCTL3_H = 0x145
                0x0000000000000144                __FCTL3 = 0x144
                0x0000000000000146                __FCTL4_L = 0x146
                0x0000000000000147                __FCTL4_H = 0x147
                0x0000000000000146                __FCTL4 = 0x146
                0x00000000000004c0                __MPY_L = 0x4c0
                0x00000000000004c1                __MPY_H = 0x4c1
                0x00000000000004c0                __MPY = 0x4c0
                0x00000000000004c2                __MPYS_L = 0x4c2
                0x00000000000004c3                __MPYS_H = 0x4c3
                0x00000000000004c2                __MPYS = 0x4c2
                0x00000000000004c4                __MAC_L = 0x4c4
                0x00000000000004c5                __MAC_H = 0x4c5
                0x00000000000004c4                __MAC = 0x4c4
                0x00000000000004c6                __MACS_L = 0x4c6
                0x00000000000004c7                __MACS_H = 0x4c7
                0x00000000000004c6                __MACS = 0x4c6
                0x00000000000004c8                __OP2_L = 0x4c8
                0x00000000000004c9                __OP2_H = 0x4c9
                0x00000000000004c8                __OP2 = 0x4c8
                0x00000000000004ca                __RESLO_L = 0x4ca
                0x00000000000004cb                __RESLO_H = 0x4cb
                0x00000000000004ca                __RESLO = 0x4ca
                0x00000000000004cc                __RESHI_L = 0x4cc
                0x00000000000004cd                __RESHI_H = 0x4cd
                0x00000000000004cc                __RESHI = 0x4cc
                0x00000000000004ce                __SUMEXT_L = 0x4ce
                0x00000000000004cf                __SUMEXT_H = 0x4cf
                0x00000000000004ce                __SUMEXT = 0x4ce
                0x00000000000004d0                __MPY32L_L = 0x4d0
                0x00000000000004d1                __MPY32L_H = 0x4d1
                0x00000000000004d0                __MPY32L = 0x4d0
                0x00000000000004d2                __MPY32H_L = 0x4d2
                0x00000000000004d3                __MPY32H_H = 0x4d3
                0x00000000000004d2                __MPY32H = 0x4d2
                0x00000000000004d4                __MPYS32L_L = 0x4d4
                0x00000000000004d5                __MPYS32L_H = 0x4d5
                0x00000000000004d4                __MPYS32L = 0x4d4
                0x00000000000004d6                __MPYS32H_L = 0x4d6
                0x00000000000004d7                __MPYS32H_H = 0x4d7
                0x00000000000004d6                __MPYS32H = 0x4d6
                0x00000000000004d8                __MAC32L_L = 0x4d8
                0x00000000000004d9                __MAC32L_H = 0x4d9
                0x00000000000004d8                __MAC32L = 0x4d8
                0x00000000000004da                __MAC32H_L = 0x4da
                0x00000000000004db                __MAC32H_H = 0x4db
                0x00000000000004da                __MAC32H = 0x4da
                0x00000000000004dc                __MACS32L_L = 0x4dc
                0x00000000000004dd                __MACS32L_H = 0x4dd
                0x00000000000004dc                __MACS32L = 0x4dc
                0x00000000000004de                __MACS32H_L = 0x4de
                0x00000000000004df                __MACS32H_H = 0x4df
                0x00000000000004de                __MACS32H = 0x4de
                0x00000000000004e0                __OP2L_L = 0x4e0
                0x00000000000004e1                __OP2L_H = 0x4e1
                0x00000000000004e0                __OP2L = 0x4e0
                0x00000000000004e2                __OP2H_L = 0x4e2
                0x00000000000004e3                __OP2H_H = 0x4e3
                0x00000000000004e2                __OP2H = 0x4e2
                0x00000000000004e4                __RES0_L = 0x4e4
                0x00000000000004e5                __RES0_H = 0x4e5
                0x00000000000004e4                __RES0 = 0x4e4
                0x00000000000004e6                __RES1_L = 0x4e6
                0x00000000000004e7                __RES1_H = 0x4e7
                0x00000000000004e6                __RES1 = 0x4e6
                0x00000000000004e8                __RES2_L = 0x4e8
                0x00000000000004e9                __RES2_H = 0x4e9
                0x00000000000004e8                __RES2 = 0x4e8
                0x00000000000004ea                __RES3_L = 0x4ea
                0x00000000000004eb                __RES3_H = 0x4eb
                0x00000000000004ea                __RES3 = 0x4ea
                0x00000000000004ec                __MPY32CTL0_L = 0x4ec
                0x00000000000004ed                __MPY32CTL0_H = 0x4ed
                0x00000000000004ec                __MPY32CTL0 = 0x4ec
                0x0000000000000200                __PAIN_L = 0x200
                0x0000000000000201                __PAIN_H = 0x201
                0x0000000000000200                __PAIN = 0x200
                0x0000000000000202                __PAOUT_L = 0x202
                0x0000000000000203                __PAOUT_H = 0x203
                0x0000000000000202                __PAOUT = 0x202
                0x0000000000000204                __PADIR_L = 0x204
                0x0000000000000205                __PADIR_H = 0x205
                0x0000000000000204                __PADIR = 0x204
                0x0000000000000206                __PAREN_L = 0x206
                0x0000000000000207                __PAREN_H = 0x207
                0x0000000000000206                __PAREN = 0x206
                0x0000000000000208                __PADS_L = 0x208
                0x0000000000000209                __PADS_H = 0x209
                0x0000000000000208                __PADS = 0x208
                0x000000000000020a                __PASEL_L = 0x20a
                0x000000000000020b                __PASEL_H = 0x20b
                0x000000000000020a                __PASEL = 0x20a
                0x0000000000000218                __PAIES_L = 0x218
                0x0000000000000219                __PAIES_H = 0x219
                0x0000000000000218                __PAIES = 0x218
                0x000000000000021a                __PAIE_L = 0x21a
                0x000000000000021b                __PAIE_H = 0x21b
                0x000000000000021a                __PAIE = 0x21a
                0x000000000000021c                __PAIFG_L = 0x21c
                0x000000000000021d                __PAIFG_H = 0x21d
                0x000000000000021c                __PAIFG = 0x21c
                0x000000000000020e                __P1IV = 0x20e
                0x000000000000021e                __P2IV = 0x21e
                0x0000000000000220                __PBIN_L = 0x220
                0x0000000000000221                __PBIN_H = 0x221
                0x0000000000000220                __PBIN = 0x220
                0x0000000000000222                __PBOUT_L = 0x222
                0x0000000000000223                __PBOUT_H = 0x223
                0x0000000000000222                __PBOUT = 0x222
                0x0000000000000224                __PBDIR_L = 0x224
                0x0000000000000225                __PBDIR_H = 0x225
                0x0000000000000224                __PBDIR = 0x224
                0x0000000000000226                __PBREN_L = 0x226
                0x0000000000000227                __PBREN_H = 0x227
                0x0000000000000226                __PBREN = 0x226
                0x0000000000000228                __PBDS_L = 0x228
                0x0000000000000229                __PBDS_H = 0x229
                0x0000000000000228                __PBDS = 0x228
                0x000000000000022a                __PBSEL_L = 0x22a
                0x000000000000022b                __PBSEL_H = 0x22b
                0x000000000000022a                __PBSEL = 0x22a
                0x0000000000000240                __PCIN_L = 0x240
                0x0000000000000241                __PCIN_H = 0x241
                0x0000000000000240                __PCIN = 0x240
                0x0000000000000242                __PCOUT_L = 0x242
                0x0000000000000243                __PCOUT_H = 0x243
                0x0000000000000242                __PCOUT = 0x242
                0x0000000000000244                __PCDIR_L = 0x244
                0x0000000000000245                __PCDIR_H = 0x245
                0x0000000000000244                __PCDIR = 0x244
                0x0000000000000246                __PCREN_L = 0x246
                0x0000000000000247                __PCREN_H = 0x247
                0x0000000000000246                __PCREN = 0x246
                0x0000000000000248                __PCDS_L = 0x248
                0x0000000000000249                __PCDS_H = 0x249
                0x0000000000000248                __PCDS = 0x248
                0x000000000000024a                __PCSEL_L = 0x24a
                0x000000000000024b                __PCSEL_H = 0x24b
                0x000000000000024a                __PCSEL = 0x24a
                0x0000000000000260                __PDIN_L = 0x260
                0x0000000000000261                __PDIN_H = 0x261
                0x0000000000000260                __PDIN = 0x260
                0x0000000000000262                __PDOUT_L = 0x262
                0x0000000000000263                __PDOUT_H = 0x263
                0x0000000000000262                __PDOUT = 0x262
                0x0000000000000264                __PDDIR_L = 0x264
                0x0000000000000265                __PDDIR_H = 0x265
                0x0000000000000264                __PDDIR = 0x264
                0x0000000000000266                __PDREN_L = 0x266
                0x0000000000000267                __PDREN_H = 0x267
                0x0000000000000266                __PDREN = 0x266
                0x0000000000000268                __PDDS_L = 0x268
                0x0000000000000269                __PDDS_H = 0x269
                0x0000000000000268                __PDDS = 0x268
                0x000000000000026a                __PDSEL_L = 0x26a
                0x000000000000026b                __PDSEL_H = 0x26b
                0x000000000000026a                __PDSEL = 0x26a
                0x0000000000000280                __PEIN_L = 0x280
                0x0000000000000281                __PEIN_H = 0x281
                0x0000000000000280                __PEIN = 0x280
                0x0000000000000282                __PEOUT_L = 0x282
                0x0000000000000283                __PEOUT_H = 0x283
                0x0000000000000282                __PEOUT = 0x282
                0x0000000000000284                __PEDIR_L = 0x284
                0x0000000000000285                __PEDIR_H = 0x285
                0x0000000000000284                __PEDIR = 0x284
                0x0000000000000286                __PEREN_L = 0x286
                0x0000000000000287                __PEREN_H = 0x287
                0x0000000000000286                __PEREN = 0x286
                0x0000000000000288                __PEDS_L = 0x288
                0x0000000000000289                __PEDS_H = 0x289
                0x0000000000000288                __PEDS = 0x288
                0x000000000000028a                __PESEL_L = 0x28a
                0x000000000000028b                __PESEL_H = 0x28b
                0x000000000000028a                __PESEL = 0x28a
                0x00000000000002a0                __PFIN_L = 0x2a0
                0x00000000000002a1                __PFIN_H = 0x2a1
                0x00000000000002a0                __PFIN = 0x2a0
                0x00000000000002a2                __PFOUT_L = 0x2a2
                0x00000000000002a3                __PFOUT_H = 0x2a3
                0x00000000000002a2                __PFOUT = 0x2a2
                0x00000000000002a4                __PFDIR_L = 0x2a4
                0x00000000000002a5                __PFDIR_H = 0x2a5
                0x00000000000002a4                __PFDIR = 0x2a4
                0x00000000000002a6                __PFREN_L = 0x2a6
                0x00000000000002a7                __PFREN_H = 0x2a7
                0x00000000000002a6                __PFREN = 0x2a6
                0x00000000000002a8                __PFDS_L = 0x2a8
                0x00000000000002a9                __PFDS_H = 0x2a9
                0x00000000000002a8                __PFDS = 0x2a8
                0x00000000000002aa                __PFSEL_L = 0x2aa
                0x00000000000002ab                __PFSEL_H = 0x2ab
                0x00000000000002aa                __PFSEL = 0x2aa
                0x0000000000000320                __PJIN_L = 0x320
                0x0000000000000321                __PJIN_H = 0x321
                0x0000000000000320                __PJIN = 0x320
                0x0000000000000322                __PJOUT_L = 0x322
                0x0000000000000323                __PJOUT_H = 0x323
                0x0000000000000322                __PJOUT = 0x322
                0x0000000000000324                __PJDIR_L = 0x324
                0x0000000000000325                __PJDIR_H = 0x325
                0x0000000000000324                __PJDIR = 0x324
                0x0000000000000326                __PJREN_L = 0x326
                0x0000000000000327                __PJREN_H = 0x327
                0x0000000000000326                __PJREN = 0x326
                0x0000000000000328                __PJDS_L = 0x328
                0x0000000000000329                __PJDS_H = 0x329
                0x0000000000000328                __PJDS = 0x328
                0x0000000000000120                __PMMCTL0_L = 0x120
                0x0000000000000121                __PMMCTL0_H = 0x121
                0x0000000000000120                __PMMCTL0 = 0x120
                0x0000000000000122                __PMMCTL1_L = 0x122
                0x0000000000000123                __PMMCTL1_H = 0x123
                0x0000000000000122                __PMMCTL1 = 0x122
                0x0000000000000124                __SVSMHCTL_L = 0x124
                0x0000000000000125                __SVSMHCTL_H = 0x125
                0x0000000000000124                __SVSMHCTL = 0x124
                0x0000000000000126                __SVSMLCTL_L = 0x126
                0x0000000000000127                __SVSMLCTL_H = 0x127
                0x0000000000000126                __SVSMLCTL = 0x126
                0x0000000000000128                __SVSMIO_L = 0x128
                0x0000000000000129                __SVSMIO_H = 0x129
                0x0000000000000128                __SVSMIO = 0x128
                0x000000000000012c                __PMMIFG_L = 0x12c
                0x000000000000012d                __PMMIFG_H = 0x12d
                0x000000000000012c                __PMMIFG = 0x12c
                0x000000000000012e                __PMMRIE_L = 0x12e
                0x000000000000012f                __PMMRIE_H = 0x12f
                0x000000000000012e                __PMMRIE = 0x12e
                0x0000000000000158                __RCCTL0_L = 0x158
                0x0000000000000159                __RCCTL0_H = 0x159
                0x0000000000000158                __RCCTL0 = 0x158
                0x00000000000004a0                __RTCCTL01_L = 0x4a0
                0x00000000000004a1                __RTCCTL01_H = 0x4a1
                0x00000000000004a0                __RTCCTL01 = 0x4a0
                0x00000000000004a2                __RTCCTL23_L = 0x4a2
                0x00000000000004a3                __RTCCTL23_H = 0x4a3
                0x00000000000004a2                __RTCCTL23 = 0x4a2
                0x00000000000004a8                __RTCPS0CTL_L = 0x4a8
                0x00000000000004a9                __RTCPS0CTL_H = 0x4a9
                0x00000000000004a8                __RTCPS0CTL = 0x4a8
                0x00000000000004aa                __RTCPS1CTL_L = 0x4aa
                0x00000000000004ab                __RTCPS1CTL_H = 0x4ab
                0x00000000000004aa                __RTCPS1CTL = 0x4aa
                0x00000000000004ac                __RTCPS_L = 0x4ac
                0x00000000000004ad                __RTCPS_H = 0x4ad
                0x00000000000004ac                __RTCPS = 0x4ac
                0x00000000000004ae                __RTCIV = 0x4ae
                0x00000000000004b0                __RTCTIM0_L = 0x4b0
                0x00000000000004b1                __RTCTIM0_H = 0x4b1
                0x00000000000004b0                __RTCTIM0 = 0x4b0
                0x00000000000004b2                __RTCTIM1_L = 0x4b2
                0x00000000000004b3                __RTCTIM1_H = 0x4b3
                0x00000000000004b2                __RTCTIM1 = 0x4b2
                0x00000000000004b4                __RTCDATE_L = 0x4b4
                0x00000000000004b5                __RTCDATE_H = 0x4b5
                0x00000000000004b4                __RTCDATE = 0x4b4
                0x00000000000004b6                __RTCYEAR_L = 0x4b6
                0x00000000000004b7                __RTCYEAR_H = 0x4b7
                0x00000000000004b6                __RTCYEAR = 0x4b6
                0x00000000000004b8                __RTCAMINHR_L = 0x4b8
                0x00000000000004b9                __RTCAMINHR_H = 0x4b9
                0x00000000000004b8                __RTCAMINHR = 0x4b8
                0x00000000000004ba                __RTCADOWDAY_L = 0x4ba
                0x00000000000004bb                __RTCADOWDAY_H = 0x4bb
                0x00000000000004ba                __RTCADOWDAY = 0x4ba
                0x0000000000000100                __SFRIE1_L = 0x100
                0x0000000000000101                __SFRIE1_H = 0x101
                0x0000000000000100                __SFRIE1 = 0x100
                0x0000000000000102                __SFRIFG1_L = 0x102
                0x0000000000000103                __SFRIFG1_H = 0x103
                0x0000000000000102                __SFRIFG1 = 0x102
                0x0000000000000104                __SFRRPCR_L = 0x104
                0x0000000000000105                __SFRRPCR_H = 0x105
                0x0000000000000104                __SFRRPCR = 0x104
                0x0000000000000180                __SYSCTL_L = 0x180
                0x0000000000000181                __SYSCTL_H = 0x181
                0x0000000000000180                __SYSCTL = 0x180
                0x0000000000000182                __SYSBSLC_L = 0x182
                0x0000000000000183                __SYSBSLC_H = 0x183
                0x0000000000000182                __SYSBSLC = 0x182
                0x0000000000000186                __SYSJMBC_L = 0x186
                0x0000000000000187                __SYSJMBC_H = 0x187
                0x0000000000000186                __SYSJMBC = 0x186
                0x0000000000000188                __SYSJMBI0_L = 0x188
                0x0000000000000189                __SYSJMBI0_H = 0x189
                0x0000000000000188                __SYSJMBI0 = 0x188
                0x000000000000018a                __SYSJMBI1_L = 0x18a
                0x000000000000018b                __SYSJMBI1_H = 0x18b
                0x000000000000018a                __SYSJMBI1 = 0x18a
                0x000000000000018c                __SYSJMBO0_L = 0x18c
                0x000000000000018d                __SYSJMBO0_H = 0x18d
                0x000000000000018c                __SYSJMBO0 = 0x18c
                0x000000000000018e                __SYSJMBO1_L = 0x18e
                0x000000000000018f                __SYSJMBO1_H = 0x18f
                0x000000000000018e                __SYSJMBO1 = 0x18e
                0x000000000000019a                __SYSUNIV_L = 0x19a
                0x000000000000019b                __SYSUNIV_H = 0x19b
                0x000000000000019a                __SYSUNIV = 0x19a
                0x000000000000019c                __SYSSNIV_L = 0x19c
                0x000000000000019d                __SYSSNIV_H = 0x19d
                0x000000000000019c                __SYSSNIV = 0x19c
                0x000000000000019e                __SYSRSTIV_L = 0x19e
                0x000000000000019f                __SYSRSTIV_H = 0x19f
                0x000000000000019e                __SYSRSTIV = 0x19e
                0x0000000000000340                __TA0CTL = 0x340
                0x0000000000000342                __TA0CCTL0 = 0x342
                0x0000000000000344                __TA0CCTL1 = 0x344
                0x0000000000000346                __TA0CCTL2 = 0x346
                0x0000000000000348                __TA0CCTL3 = 0x348
                0x000000000000034a                __TA0CCTL4 = 0x34a
                0x0000000000000350                __TA0R = 0x350
                0x0000000000000352                __TA0CCR0 = 0x352
                0x0000000000000354                __TA0CCR1 = 0x354
                0x0000000000000356                __TA0CCR2 = 0x356
                0x0000000000000358                __TA0CCR3 = 0x358
                0x000000000000035a                __TA0CCR4 = 0x35a
                0x000000000000036e                __TA0IV = 0x36e
                0x0000000000000360                __TA0EX0 = 0x360
                0x0000000000000380                __TA1CTL = 0x380
                0x0000000000000382                __TA1CCTL0 = 0x382
                0x0000000000000384                __TA1CCTL1 = 0x384
                0x0000000000000386                __TA1CCTL2 = 0x386
                0x0000000000000390                __TA1R = 0x390
                0x0000000000000392                __TA1CCR0 = 0x392
                0x0000000000000394                __TA1CCR1 = 0x394
                0x0000000000000396                __TA1CCR2 = 0x396
                0x00000000000003ae                __TA1IV = 0x3ae
                0x00000000000003a0                __TA1EX0 = 0x3a0
                0x00000000000003c0                __TB0CTL = 0x3c0
                0x00000000000003c2                __TB0CCTL0 = 0x3c2
                0x00000000000003c4                __TB0CCTL1 = 0x3c4
                0x00000000000003c6                __TB0CCTL2 = 0x3c6
                0x00000000000003c8                __TB0CCTL3 = 0x3c8
                0x00000000000003ca                __TB0CCTL4 = 0x3ca
                0x00000000000003cc                __TB0CCTL5 = 0x3cc
                0x00000000000003ce                __TB0CCTL6 = 0x3ce
                0x00000000000003d0                __TB0R = 0x3d0
                0x00000000000003d2                __TB0CCR0 = 0x3d2
                0x00000000000003d4                __TB0CCR1 = 0x3d4
                0x00000000000003d6                __TB0CCR2 = 0x3d6
                0x00000000000003d8                __TB0CCR3 = 0x3d8
                0x00000000000003da                __TB0CCR4 = 0x3da
                0x00000000000003dc                __TB0CCR5 = 0x3dc
                0x00000000000003de                __TB0CCR6 = 0x3de
                0x00000000000003e0                __TB0EX0 = 0x3e0
                0x00000000000003ee                __TB0IV = 0x3ee
                0x0000000000000160                __UCSCTL0_L = 0x160
                0x0000000000000161                __UCSCTL0_H = 0x161
                0x0000000000000160                __UCSCTL0 = 0x160
                0x0000000000000162                __UCSCTL1_L = 0x162
                0x0000000000000163                __UCSCTL1_H = 0x163
                0x0000000000000162                __UCSCTL1 = 0x162
                0x0000000000000164                __UCSCTL2_L = 0x164
                0x0000000000000165                __UCSCTL2_H = 0x165
                0x0000000000000164                __UCSCTL2 = 0x164
                0x0000000000000166                __UCSCTL3_L = 0x166
                0x0000000000000167                __UCSCTL3_H = 0x167
                0x0000000000000166                __UCSCTL3 = 0x166
                0x0000000000000168                __UCSCTL4_L = 0x168
                0x0000000000000169                __UCSCTL4_H = 0x169
                0x0000000000000168                __UCSCTL4 = 0x168
                0x000000000000016a                __UCSCTL5_L = 0x16a
                0x000000000000016b                __UCSCTL5_H = 0x16b
                0x000000000000016a                __UCSCTL5 = 0x16a
                0x000000000000016c                __UCSCTL6_L = 0x16c
                0x000000000000016d                __UCSCTL6_H = 0x16d
                0x000000000000016c                __UCSCTL6 = 0x16c
                0x000000000000016e                __UCSCTL7_L = 0x16e
                0x000000000000016f                __UCSCTL7_H = 0x16f
                0x000000000000016e                __UCSCTL7 = 0x16e
                0x0000000000000170                __UCSCTL8_L = 0x170
                0x0000000000000171                __UCSCTL8_H = 0x171
                0x0000000000000170                __UCSCTL8 = 0x170
                0x00000000000005c0                __UCA0CTLW0_L = 0x5c0
                0x00000000000005c1                __UCA0CTLW0_H = 0x5c1
                0x00000000000005c0                __UCA0CTLW0 = 0x5c0
                0x00000000000005c6                __UCA0BRW_L = 0x5c6
                0x00000000000005c7                __UCA0BRW_H = 0x5c7
                0x00000000000005c6                __UCA0BRW = 0x5c6
                0x00000000000005c8                __UCA0MCTL = 0x5c8
                0x00000000000005ca                __UCA0STAT = 0x5ca
                0x00000000000005cc                __UCA0RXBUF = 0x5cc
                0x00000000000005ce                __UCA0TXBUF = 0x5ce
                0x00000000000005d0                __UCA0ABCTL = 0x5d0
                0x00000000000005d2                __UCA0IRCTL_L = 0x5d2
                0x00000000000005d3                __UCA0IRCTL_H = 0x5d3
                0x00000000000005d2                __UCA0IRCTL = 0x5d2
                0x00000000000005dc                __UCA0ICTL_L = 0x5dc
                0x00000000000005dd                __UCA0ICTL_H = 0x5dd
                0x00000000000005dc                __UCA0ICTL = 0x5dc
                0x00000000000005de                __UCA0IV = 0x5de
                0x00000000000005e0                __UCB0CTLW0_L = 0x5e0
                0x00000000000005e1                __UCB0CTLW0_H = 0x5e1
                0x00000000000005e0                __UCB0CTLW0 = 0x5e0
                0x00000000000005e6                __UCB0BRW_L = 0x5e6
                0x00000000000005e7                __UCB0BRW_H = 0x5e7
                0x00000000000005e6                __UCB0BRW = 0x5e6
                0x00000000000005ea                __UCB0STAT = 0x5ea
                0x00000000000005ec                __UCB0RXBUF = 0x5ec
                0x00000000000005ee                __UCB0TXBUF = 0x5ee
                0x00000000000005f0                __UCB0I2COA_L = 0x5f0
                0x00000000000005f1                __UCB0I2COA_H = 0x5f1
                0x00000000000005f0                __UCB0I2COA = 0x5f0
                0x00000000000005f2                __UCB0I2CSA_L = 0x5f2
                0x00000000000005f3                __UCB0I2CSA_H = 0x5f3
                0x00000000000005f2                __UCB0I2CSA = 0x5f2
                0x00000000000005fc                __UCB0ICTL_L = 0x5fc
                0x00000000000005fd                __UCB0ICTL_H = 0x5fd
                0x00000000000005fc                __UCB0ICTL = 0x5fc
                0x00000000000005fe                __UCB0IV = 0x5fe
                0x0000000000000600                __UCA1CTLW0_L = 0x600
                0x0000000000000601                __UCA1CTLW0_H = 0x601
                0x0000000000000600                __UCA1CTLW0 = 0x600
                0x0000000000000606                __UCA1BRW_L = 0x606
                0x0000000000000607                __UCA1BRW_H = 0x607
                0x0000000000000606                __UCA1BRW = 0x606
                0x0000000000000608                __UCA1MCTL = 0x608
                0x000000000000060a                __UCA1STAT = 0x60a
                0x000000000000060c                __UCA1RXBUF = 0x60c
                0x000000000000060e                __UCA1TXBUF = 0x60e
                0x0000000000000610                __UCA1ABCTL = 0x610
                0x0000000000000612                __UCA1IRCTL_L = 0x612
                0x0000000000000613                __UCA1IRCTL_H = 0x613
                0x0000000000000612                __UCA1IRCTL = 0x612
                0x000000000000061c                __UCA1ICTL_L = 0x61c
                0x000000000000061d                __UCA1ICTL_H = 0x61d
                0x000000000000061c                __UCA1ICTL = 0x61c
                0x000000000000061e                __UCA1IV = 0x61e
                0x0000000000000620                __UCB1CTLW0_L = 0x620
                0x0000000000000621                __UCB1CTLW0_H = 0x621
                0x0000000000000620                __UCB1CTLW0 = 0x620
                0x0000000000000626                __UCB1BRW_L = 0x626
                0x0000000000000627                __UCB1BRW_H = 0x627
                0x0000000000000626                __UCB1BRW = 0x626
                0x000000000000062a                __UCB1STAT = 0x62a
                0x000000000000062c                __UCB1RXBUF = 0x62c
                0x000000000000062e                __UCB1TXBUF = 0x62e
                0x0000000000000630                __UCB1I2COA_L = 0x630
                0x0000000000000631                __UCB1I2COA_H = 0x631
                0x0000000000000630                __UCB1I2COA = 0x630
                0x0000000000000632                __UCB1I2CSA_L = 0x632
                0x0000000000000633                __UCB1I2CSA_H = 0x633
                0x0000000000000632                __UCB1I2CSA = 0x632
                0x000000000000063c                __UCB1ICTL_L = 0x63c
                0x000000000000063d                __UCB1ICTL_H = 0x63d
                0x000000000000063c                __UCB1ICTL = 0x63c
                0x000000000000063e                __UCB1IV = 0x63e
                0x000000000000015c                __WDTCTL_L = 0x15c
                0x000000000000015d                __WDTCTL_H = 0x15d
                0x000000000000015c                __WDTCTL = 0x15c

.hash
 *(.hash)

.dynsym
 *(.dynsym)

.dynstr
 *(.dynstr)

.gnu.version
 *(.gnu.version)

.gnu.version_d
 *(.gnu.version_d)

.gnu.version_r
 *(.gnu.version_r)

.rel.init
 *(.rel.init)

.rela.init
 *(.rela.init)

.rel.fini
 *(.rel.fini)

.rela.fini
 *(.rela.fini)

.rel.text
 *(.rel.text .rel.text.* .rel.gnu.linkonce.t.*)

.rela.text
 *(.rela.text .rela.text.* .rela.gnu.linkonce.t.*)

.rel.rodata
 *(.rel.rodata .rel.rodata.* .rel.gnu.linkonce.r.*)

.rela.rodata
 *(.rela.rodata .rela.rodata.* .rela.gnu.linkonce.r.*)

.rel.data
 *(.rel.data .rel.data.* .rel.gnu.linkonce.d.*)

.rela.data
 *(.rela.data .rela.data.* .rela.gnu.linkonce.d.*)

.rel.bss
 *(.rel.bss .rel.bss.* .rel.gnu.linkonce.b.*)

.rela.bss
 *(.rela.bss .rela.bss.* .rela.gnu.linkonce.b.*)

.rel.ctors
 *(.rel.ctors)

.rela.ctors
 *(.rela.ctors)

.rel.dtors
 *(.rel.dtors)

.rela.dtors
 *(.rela.dtors)

.rel.got
 *(.rel.got)

.rela.got
 *(.rela.got)

.rel.plt
 *(.rel.plt)

.rela.plt
 *(.rela.plt)

.text           0x0000000000005c00     0x1ec0
                0x0000000000005c00                . = ALIGN (0x2)
 *(.init .init.*)
 *(.init0)
 .init0         0x0000000000005c00        0x0 /lib/gcc/msp430/4.7.0/mcpu-430x/mmpy-16/msr20/mc20/md20/libcrt0.a(_reset_vector__.o)
                0x0000000000005c00                _reset_vector__
 *(.init1)
 .init1         0x0000000000005c00        0xc /lib/gcc/msp430/4.7.0/mcpu-430x/mmpy-16/msr20/mc20/md20/libcrt0.a(__watchdog_support.o)
                0x0000000000005c00                __watchdog_support
 *(.init2)
 .init2         0x0000000000005c0c        0x4 /lib/gcc/msp430/4.7.0/mcpu-430x/mmpy-16/msr20/mc20/md20/libcrt0.a(__init_stack.o)
                0x0000000000005c0c                __init_stack
 *(.init3)
 .init3         0x0000000000005c10        0x0 /lib/gcc/msp430/4.7.0/mcpu-430x/mmpy-16/msr20/mc20/md20/libcrt0.a(__low_level_init.o)
                0x0000000000005c10                __low_level_init
 *(.init4)
 .init4         0x0000000000005c10       0x18 /lib/gcc/msp430/4.7.0/mcpu-430x/mmpy-16/msr20/mc20/md20/libcrt0.a(_copy_data.o)
                0x0000000000005c10                __do_copy_data
 .init4         0x0000000000005c28       0x16 /lib/gcc/msp430/4.7.0/mcpu-430x/mmpy-16/msr20/mc20/md20/libcrt0.a(_clear_bss.o)
                0x0000000000005c28                __do_clear_bss
 *(.init5)
 *(.init6)
 *(.init7)
 *(.init8)
 *(.init9)
 .init9         0x0000000000005c3e      0x308 obj_wismote/contiki-wismote-main.o
                0x0000000000005c3e                main
 *(.fini9)
 .fini9         0x0000000000005f46        0x0 /lib/gcc/msp430/4.7.0/mcpu-430x/mmpy-16/msr20/mc20/md20/libcrt0.a(__stop_progExec__.o)
                0x0000000000005f46                __stop_progExec__
 *(.fini8)
 *(.fini7)
 *(.fini6)
 *(.fini5)
 *(.fini4)
 *(.fini3)
 *(.fini2)
 *(.fini1)
 *(.fini0)
 .fini0         0x0000000000005f46        0x6 /lib/gcc/msp430/4.7.0/mcpu-430x/mmpy-16/msr20/mc20/md20/libcrt0.a(_endless_loop__.o)
                0x0000000000005f46                _endless_loop__
 *(.fini .fini.*)
                0x0000000000005f4c                . = ALIGN (0x2)
                0x0000000000005f4c                __ctors_start = .
 *(.ctors)
                0x0000000000005f4c                __ctors_end = .
                0x0000000000005f4c                __dtors_start = .
 *(.dtors)
                0x0000000000005f4c                __dtors_end = .
                0x0000000000005f4c                . = ALIGN (0x2)
 *(.text .text.* .gnu.linkonce.t.*)
 .text          0x0000000000005f4c        0x4 /lib/gcc/msp430/4.7.0/mcpu-430x/mmpy-16/msr20/mc20/md20/crt0ivtbl64.o
                0x0000000000005f4c                __isr_37
                0x0000000000005f4c                __isr_51
                0x0000000000005f4c                __isr_57
                0x0000000000005f4c                __isr_33
                0x0000000000005f4c                __isr_32
                0x0000000000005f4c                __isr_54
                0x0000000000005f4c                __isr_59
                0x0000000000005f4c                __isr_39
                0x0000000000005f4c                __isr_53
                0x0000000000005f4c                __isr_41
                0x0000000000005f4c                __isr_60
                0x0000000000005f4c                __isr_36
                0x0000000000005f4c                __isr_34
                0x0000000000005f4c                __isr_44
                0x0000000000005f4c                __isr_61
                0x0000000000005f4c                __isr_55
                0x0000000000005f4c                __isr_43
                0x0000000000005f4c                __isr_50
                0x0000000000005f4c                __isr_56
                0x0000000000005f4c                __isr_38
                0x0000000000005f4c                __isr_35
                0x0000000000005f4c                __isr_45
                0x0000000000005f4c                __isr_62
                0x0000000000005f4c                __isr_52
                0x0000000000005f4c                __isr_40
 .text.libgcc   0x0000000000005f50       0x38 /lib/gcc/msp430/4.7.0/mcpu-430x/mmpy-16/msr20/mc20/md20/libgcc.a(_udivmod32.o)
                0x0000000000005f50                __udivsi3
                0x0000000000005f50                __ext_udivmod32
                0x0000000000005f7e                __umodsi3
 .text.libgcc   0x0000000000005f88       0x26 /lib/gcc/msp430/4.7.0/mcpu-430x/mmpy-16/msr20/mc20/md20/libgcc.a(_mulsi3.o)
                0x0000000000005f88                __mulsi3
 .text.libgcc   0x0000000000005fae       0x22 /lib/gcc/msp430/4.7.0/mcpu-430x/mmpy-16/msr20/mc20/md20/libgcc.a(_udivmod16.o)
                0x0000000000005fae                __udivhi3
                0x0000000000005fae                __ext_udivmod16
                0x0000000000005fc8                __umodhi3
 .text.libgcc   0x0000000000005fd0       0xbc /lib/gcc/msp430/4.7.0/mcpu-430x/mmpy-16/msr20/mc20/md20/libgcc.a(_udivmod64.o)
                0x0000000000005fd0                __xabi_udivmod64
                0x0000000000006022                __udivdi3
                0x000000000000603c                __umoddi3
                0x000000000000605e                __udivmoddi4
 .text.crt0     0x000000000000608c        0x2 /lib/gcc/msp430/4.7.0/mcpu-430x/mmpy-16/msr20/mc20/md20/libcrt0.a(_unexpected_.o)
                0x000000000000608c                _unexpected_
 *(.near.text .near.text.*)
 .near.text.irq_p2
                0x000000000000608e       0x86 contiki-wismote.a(button-sensor.o)
                0x000000000000608e                irq_p2
                0x000000000000608e                __isr_42
 .near.text.cc2520_port1_interrupt
                0x0000000000006114       0x60 contiki-wismote.a(cc2520-arch.o)
                0x0000000000006114                __isr_47
                0x0000000000006114                cc2520_port1_interrupt
 .near.text.uart1_rx_interrupt
                0x0000000000006174       0x7e contiki-wismote.a(uart1.o)
                0x0000000000006174                __isr_46
                0x0000000000006174                uart1_rx_interrupt
 .near.text.timera1
                0x00000000000061f2      0x128 contiki-wismote.a(clock.o)
                0x00000000000061f2                __isr_48
                0x00000000000061f2                timera1
 .near.text.watchdog_interrupt
                0x000000000000631a        0x6 contiki-wismote.a(watchdog.o)
                0x000000000000631a                watchdog_interrupt
                0x000000000000631a                __isr_58
 .near.text.timera0
                0x0000000000006320       0x6e contiki-wismote.a(rtimer-arch.o)
                0x0000000000006320                __isr_49
                0x0000000000006320                timera0
 .any.text      0x000000000000638e      0x2f4 /lib/gcc/msp430/4.7.0/mcpu-430x/mmpy-16/msr20/mc20/md20/libgcc.a(_addsub_sf.o)
                0x00000000000065de                __addsf3
                0x000000000000662e                __subsf3
 .any.text      0x0000000000006682      0x1ea /lib/gcc/msp430/4.7.0/mcpu-430x/mmpy-16/msr20/mc20/md20/libgcc.a(_mul_sf.o)
                0x0000000000006682                __mulsf3
 .any.text      0x000000000000686c      0x14a /lib/gcc/msp430/4.7.0/mcpu-430x/mmpy-16/msr20/mc20/md20/libgcc.a(_div_sf.o)
                0x000000000000686c                __divsf3
 .any.text      0x00000000000069b6       0xa8 /lib/gcc/msp430/4.7.0/mcpu-430x/mmpy-16/msr20/mc20/md20/libgcc.a(_si_to_sf.o)
                0x00000000000069b6                __floatsisf
 .any.text      0x0000000000006a5e       0x8e /lib/gcc/msp430/4.7.0/mcpu-430x/mmpy-16/msr20/mc20/md20/libgcc.a(_sf_to_si.o)
                0x0000000000006a5e                __fixsfsi
 .any.text      0x0000000000006aec       0xde /lib/gcc/msp430/4.7.0/mcpu-430x/mmpy-16/msr20/mc20/md20/libgcc.a(_usi_to_sf.o)
                0x0000000000006aec                __floatunsisf
 .any.text      0x0000000000006bca       0x88 /lib/gcc/msp430/4.7.0/mcpu-430x/mmpy-16/msr20/mc20/md20/libgcc.a(_clzsi2.o)
                0x0000000000006bca                __clzsi2
 .any.text      0x0000000000006c52      0x1c8 /lib/gcc/msp430/4.7.0/mcpu-430x/mmpy-16/msr20/mc20/md20/libgcc.a(_pack_sf.o)
                0x0000000000006c52                __pack_f
 .any.text      0x0000000000006e1a      0x10a /lib/gcc/msp430/4.7.0/mcpu-430x/mmpy-16/msr20/mc20/md20/libgcc.a(_unpack_sf.o)
                0x0000000000006e1a                __unpack_f
 .any.text.printf
                0x0000000000006f24       0x12 /lib/gcc/msp430/4.7.0/../../../../msp430/lib/mcpu-430x/mmpy-16/msr20/mc20/md20/libc.a(printf.o)
                0x0000000000006f24                printf
 .any.text.print_field
                0x0000000000006f36      0x170 /lib/gcc/msp430/4.7.0/../../../../msp430/lib/mcpu-430x/mmpy-16/msr20/mc20/md20/libc.a(vuprintf.o)
 .any.text.vuprintf
                0x00000000000070a6      0x76c /lib/gcc/msp430/4.7.0/../../../../msp430/lib/mcpu-430x/mmpy-16/msr20/mc20/md20/libc.a(vuprintf.o)
                0x00000000000070a6                vuprintf
 .any.text.puts
                0x0000000000007812       0x2e /lib/gcc/msp430/4.7.0/../../../../msp430/lib/mcpu-430x/mmpy-16/msr20/mc20/md20/libc.a(puts.o)
                0x0000000000007812                puts
 .any.text.rand
                0x0000000000007840       0x2e /lib/gcc/msp430/4.7.0/../../../../msp430/lib/mcpu-430x/mmpy-16/msr20/mc20/md20/libc.a(rand.o)
                0x0000000000007840                rand
 .any.text.srand
                0x000000000000786e        0xe /lib/gcc/msp430/4.7.0/../../../../msp430/lib/mcpu-430x/mmpy-16/msr20/mc20/md20/libc.a(rand.o)
                0x000000000000786e                srand
 .any.text.memcmp
                0x000000000000787c       0x20 /lib/gcc/msp430/4.7.0/../../../../msp430/lib/mcpu-430x/mmpy-16/msr20/mc20/md20/libc.a(memcmp.o)
                0x000000000000787c                memcmp
 .any.text.memcpy
                0x000000000000789c      0x194 /lib/gcc/msp430/4.7.0/../../../../msp430/lib/mcpu-430x/mmpy-16/msr20/mc20/md20/libc.a(memcpy.o)
                0x000000000000789c                memcpy
 .any.text.memset
                0x0000000000007a30       0x7c /lib/gcc/msp430/4.7.0/../../../../msp430/lib/mcpu-430x/mmpy-16/msr20/mc20/md20/libc.a(memset.o)
                0x0000000000007a30                memset
 .any.text.strlen
                0x0000000000007aac       0x14 /lib/gcc/msp430/4.7.0/../../../../msp430/lib/mcpu-430x/mmpy-16/msr20/mc20/md20/libc.a(strlen.o)
                0x0000000000007aac                strlen

.rodata         0x0000000000007ac0      0x10f
                0x0000000000007ac0                . = ALIGN (0x2)
 *(.rodata .rodata.* .gnu.linkonce.r.*)
 *(.near.rodata .near.rodata.*)
 .any.rodata    0x0000000000007ac0        0x8 /lib/gcc/msp430/4.7.0/mcpu-430x/mmpy-16/msr20/mc20/md20/libgcc.a(_thenan_sf.o)
                0x0000000000007ac0                __thenan_sf
 .any.rodata    0x0000000000007ac8      0x100 /lib/gcc/msp430/4.7.0/mcpu-430x/mmpy-16/msr20/mc20/md20/libgcc.a(_clz.o)
                0x0000000000007ac8                __clz_tab
 .any.rodata.vuprintf
                0x0000000000007bc8        0x7 /lib/gcc/msp430/4.7.0/../../../../msp430/lib/mcpu-430x/mmpy-16/msr20/mc20/md20/libc.a(vuprintf.o)
                0x0000000000007bd0                . = ALIGN (0x2)
                0x0000000000007bd0                _etext = .

.data           0x0000000000001c00       0xae load address 0x0000000000007bd0
                0x0000000000001c00                . = ALIGN (0x2)
                0x0000000000001c00                __data_start = .
 *(.data .data.* .gnu.linkonce.d.*)
 .data          0x0000000000001c00       0x10 DGHS_Bayes_Laplace.co
                0x0000000000001c00                test_Bayes_laplace
 .data          0x0000000000001c10        0x8 contiki-wismote.a(contiki-wismote)
                0x0000000000001c10                sensors
 .data          0x0000000000001c18       0x10 contiki-wismote.a(sensors.o)
                0x0000000000001c18                sensors_process
 .data          0x0000000000001c28       0x10 contiki-wismote.a(cc2520.o)
                0x0000000000001c28                cc2520_process
 .data          0x0000000000001c38        0x4 contiki-wismote.a(msp430.o)
 .data          0x0000000000001c3c       0x10 contiki-wismote.a(ctimer.o)
                0x0000000000001c3c                ctimer_process
 .data          0x0000000000001c4c       0x10 contiki-wismote.a(etimer.o)
                0x0000000000001c4c                etimer_process
 .data          0x0000000000001c5c       0x10 contiki-wismote.a(serial-line.o)
                0x0000000000001c5c                serial_line_process
 .data          0x0000000000001c6c       0x18 contiki-wismote.a(queuebuf.o)
 .data          0x0000000000001c84       0x24 contiki-wismote.a(csma.o)
 .data          0x0000000000001ca8        0x2 contiki-wismote.a(frame802154.o)
 *(.near.data .near.data.*)
                0x0000000000001caa                . = ALIGN (0x2)
                0x0000000000001caa                _edata = .
 .any.data.next
                0x0000000000001caa        0x4 /lib/gcc/msp430/4.7.0/../../../../msp430/lib/mcpu-430x/mmpy-16/msr20/mc20/md20/libc.a(rand.o)
                0x0000000000007bd0                __data_load_start = LOADADDR (.data)
                0x00000000000000ae                __data_size = SIZEOF (.data)

.bss            0x0000000000001cae     0x1292 load address 0x0000000000007c7e
                0x0000000000001cae                __bss_start = .
 *(.bss .bss.*)
 .bss           0x0000000000001cae        0x4 obj_wismote/contiki-wismote-main.o
 .bss           0x0000000000001cb2        0x8 contiki-wismote.a(button-sensor.o)
 .bss           0x0000000000001cba        0x2 contiki-wismote.a(node-id.o)
                0x0000000000001cba                node_id
 .bss           0x0000000000001cbc        0x6 contiki-wismote.a(sensors.o)
 .bss           0x0000000000001cc2        0x8 contiki-wismote.a(cc2520.o)
 .bss           0x0000000000001cca        0x6 contiki-wismote.a(uart1.o)
 .bss           0x0000000000001cd0        0xa contiki-wismote.a(clock.o)
 .bss           0x0000000000001cda        0x1 contiki-wismote.a(leds.o)
 *fill*         0x0000000000001cdb        0x1 00
 .bss           0x0000000000001cdc        0x2 contiki-wismote.a(watchdog.o)
 .bss           0x0000000000001cde        0x6 contiki-wismote.a(ctimer.o)
 .bss           0x0000000000001ce4        0x8 contiki-wismote.a(etimer.o)
 .bss           0x0000000000001cec       0x5c contiki-wismote.a(process.o)
                0x0000000000001cec                process_current
                0x0000000000001cf0                process_list
 .bss           0x0000000000001d48        0x4 contiki-wismote.a(rtimer.o)
 .bss           0x0000000000001d4c      0x10c contiki-wismote.a(serial-line.o)
 .bss           0x0000000000001e58        0x4 contiki-wismote.a(rime.o)
 .bss           0x0000000000001e5c        0xc contiki-wismote.a(announcement.o)
 .bss           0x0000000000001e68      0xc60 contiki-wismote.a(queuebuf.o)
 .bss           0x0000000000002ac8       0x86 contiki-wismote.a(packetbuf.o)
 .bss           0x0000000000002b4e      0x1ea contiki-wismote.a(csma.o)
 .bss           0x0000000000002d38       0x42 contiki-wismote.a(contikimac.o)
 .bss           0x0000000000002d7a        0x8 contiki-wismote.a(compower.o)
 .bss           0x0000000000002d82       0x66 contiki-wismote.a(broadcast-annou)
 .bss           0x0000000000002de8        0x4 contiki-wismote.a(channel.o)
 .bss           0x0000000000002dec       0x80 contiki-wismote.a(mac-sequence.o)
 .bss           0x0000000000002e6c        0x2 contiki-wismote.a(framer-802154.o)
 *(.near.bss .near.bss.*)
 *(COMMON)
 COMMON         0x0000000000002e6e       0x18 obj_wismote/Bayes_Laplace.o
                0x0000000000002e6e                likelihood
 COMMON         0x0000000000002e86        0x2 contiki-wismote.a(contiki-wismote)
                0x0000000000002e86                sensors_flags
 COMMON         0x0000000000002e88        0x1 contiki-wismote.a(sensors.o)
                0x0000000000002e88                sensors_event
 *fill*         0x0000000000002e89        0x1 00
 COMMON         0x0000000000002e8a       0x13 contiki-wismote.a(cc2520.o)
                0x0000000000002e8a                cc2520_sfd_counter
                0x0000000000002e8c                cc2520_sfd_start_time
                0x0000000000002e8e                cc2520_sfd_end_time
                0x0000000000002e90                cc2520_time_of_departure
                0x0000000000002e92                cc2520_packets_seen
                0x0000000000002e94                cc2520_packets_read
                0x0000000000002e96                cc2520_last_rssi
                0x0000000000002e98                cc2520_time_of_arrival
                0x0000000000002e9a                cc2520_authority_level_of_sender
                0x0000000000002e9c                cc2520_last_correlation
 *fill*         0x0000000000002e9d        0x1 00
 COMMON         0x0000000000002e9e        0x2 contiki-wismote.a(msp430.o)
                0x0000000000002e9e                msp430_dco_required
 COMMON         0x0000000000002ea0       0x56 contiki-wismote.a(energest.o)
                0x0000000000002ea0                energest_total_time
                0x0000000000002ed0                energest_total_count
                0x0000000000002ed2                energest_current_mode
                0x0000000000002ede                energest_current_time
 COMMON         0x0000000000002ef6        0x1 contiki-wismote.a(process.o)
                0x0000000000002ef6                process_maxevents
 COMMON         0x0000000000002ef7        0x1 contiki-wismote.a(serial-line.o)
                0x0000000000002ef7                serial_line_event_message
 COMMON         0x0000000000002ef8       0x3e contiki-wismote.a(packetbuf.o)
                0x0000000000002ef8                packetbuf_addrs
                0x0000000000002f00                packetbuf_attrs
 COMMON         0x0000000000002f36        0x2 contiki-wismote.a(linkaddr.o)
                0x0000000000002f36                linkaddr_node_addr
 COMMON         0x0000000000002f38        0x8 contiki-wismote.a(compower.o)
                0x0000000000002f38                compower_idle_activity
                0x0000000000002f40                . = ALIGN (0x2)
                0x0000000000002f40                __bss_end = .
                0x0000000000001292                __bss_size = SIZEOF (.bss)

.noinit         0x0000000000002f40        0x2 load address 0x0000000000007c7e
                0x0000000000002f40                . = ALIGN (0x2)
                0x0000000000002f40                __noinit_start = .
 *(.noinit .noinit.*)
 .noinit.crt0   0x0000000000002f40        0x2 /lib/gcc/msp430/4.7.0/mcpu-430x/mmpy-16/msr20/mc20/md20/libcrt0.a(__watchdog_support.o)
                0x0000000000002f40                __wdt_clear_value
                0x0000000000002f42                . = ALIGN (0x2)
                0x0000000000002f42                __noinit_end = .
                0x0000000000002f42                . = ALIGN (0x2)
                0x0000000000002f42                _end = .

.infomem        0x0000000000001800        0x0
                0x0000000000001800                . = ALIGN (0x2)
 *(.infomem .infomem.*)

.infomemnobits  0x0000000000001800        0x0
                0x0000000000001800                . = ALIGN (0x2)
 *(.infomemnobits .infomemnobits.*)

.infoa          0x0000000000001980        0x0
                0x0000000000001980                . = ALIGN (0x2)
 *(.infoa .infoa.*)

.infob          0x0000000000001900        0x0
                0x0000000000001900                . = ALIGN (0x2)
 *(.infob .infob.*)

.infoc          0x0000000000001880        0x0
                0x0000000000001880                . = ALIGN (0x2)
 *(.infoc .infoc.*)

.infod          0x0000000000001800        0x0
                0x0000000000001800                . = ALIGN (0x2)
 *(.infod .infod.*)
                0x000000000000ffff                PROVIDE (__vte_0, 0xffff)
                0x000000000000ffff                PROVIDE (__vte_1, 0xffff)
                0x000000000000ffff                PROVIDE (__vte_2, 0xffff)
                0x000000000000ffff                PROVIDE (__vte_3, 0xffff)
                0x000000000000ffff                PROVIDE (__vte_4, 0xffff)
                0x000000000000ffff                PROVIDE (__vte_5, 0xffff)
                0x000000000000ffff                PROVIDE (__vte_6, 0xffff)
                0x000000000000ffff                PROVIDE (__vte_7, 0xffff)
                0x000000000000ffff                PROVIDE (__vte_8, 0xffff)
                0x000000000000ffff                PROVIDE (__vte_9, 0xffff)
                0x000000000000ffff                PROVIDE (__vte_10, 0xffff)
                0x000000000000ffff                PROVIDE (__vte_11, 0xffff)
                0x000000000000ffff                PROVIDE (__vte_12, 0xffff)
                0x000000000000ffff                PROVIDE (__vte_13, 0xffff)
                0x000000000000ffff                PROVIDE (__vte_14, 0xffff)
                0x000000000000ffff                PROVIDE (__vte_15, 0xffff)
                0x000000000000ffff                PROVIDE (__vte_16, 0xffff)
                0x000000000000ffff                PROVIDE (__vte_17, 0xffff)
                0x000000000000ffff                PROVIDE (__vte_18, 0xffff)
                0x000000000000ffff                PROVIDE (__vte_19, 0xffff)
                0x000000000000ffff                PROVIDE (__vte_20, 0xffff)
                0x000000000000ffff                PROVIDE (__vte_21, 0xffff)
                0x000000000000ffff                PROVIDE (__vte_22, 0xffff)
                0x000000000000ffff                PROVIDE (__vte_23, 0xffff)
                0x000000000000ffff                PROVIDE (__vte_24, 0xffff)
                0x000000000000ffff                PROVIDE (__vte_25, 0xffff)
                0x000000000000ffff                PROVIDE (__vte_26, 0xffff)
                0x000000000000ffff                PROVIDE (__vte_27, 0xffff)
                0x000000000000ffff                PROVIDE (__vte_28, 0xffff)
                0x000000000000ffff                PROVIDE (__vte_29, 0xffff)
                0x000000000000ffff                PROVIDE (__vte_30, 0xffff)
                0x000000000000ffff                PROVIDE (__vte_31, 0xffff)

.vectors        0x000000000000ff80       0x80
                0x000000000000ff80                __vectors_start = .
 *(.vectors*)
 .vectors       0x000000000000ff80       0x80 /lib/gcc/msp430/4.7.0/mcpu-430x/mmpy-16/msr20/mc20/md20/crt0ivtbl64.o
                0x000000000000ff80                __ivtbl_64
                0x0000000000010000                _vectors_end = .

.fartext        0x0000000000010000        0x0
                0x0000000000010000                . = ALIGN (0x2)
 *(.fartext .fartext.*)

.far.text       0x0000000000010000     0x4790
                0x0000000000010000                . = ALIGN (0x2)
 *(.far.text .far.text.*)
 .far.text.process_thread_test_Bayes_laplace
                0x0000000000010000       0x22 DGHS_Bayes_Laplace.co
 .far.text.calculate_N
                0x0000000000010022       0x56 obj_wismote/Bayes_Laplace.o
                0x0000000000010022                calculate_N
 .far.text.reverse
                0x0000000000010078       0x3c obj_wismote/Bayes_Laplace.o
                0x0000000000010078                reverse
 .far.text.intToStr
                0x00000000000100b4       0xbc obj_wismote/Bayes_Laplace.o
                0x00000000000100b4                intToStr
 .far.text.ipow
                0x0000000000010170       0x40 obj_wismote/Bayes_Laplace.o
                0x0000000000010170                ipow
 .far.text.ftoa
                0x00000000000101b0       0xa2 obj_wismote/Bayes_Laplace.o
                0x00000000000101b0                ftoa
 .far.text.calculate_likelihood
                0x0000000000010252      0x114 obj_wismote/Bayes_Laplace.o
                0x0000000000010252                calculate_likelihood
 .far.text.init_platform
                0x0000000000010366        0xc contiki-wismote.a(contiki-wismote)
                0x0000000000010366                init_platform
 .far.text.status
                0x0000000000010372       0x18 contiki-wismote.a(button-sensor.o)
 .far.text.value
                0x000000000001038a       0x20 contiki-wismote.a(button-sensor.o)
 .far.text.configure
                0x00000000000103aa       0x4c contiki-wismote.a(button-sensor.o)
 .far.text.wait_ready
                0x00000000000103f6       0x72 contiki-wismote.a(xmem.o)
 .far.text.xmem_init
                0x0000000000010468       0x5e contiki-wismote.a(xmem.o)
                0x0000000000010468                xmem_init
 .far.text.xmem_pread
                0x00000000000104c6      0x10a contiki-wismote.a(xmem.o)
                0x00000000000104c6                xmem_pread
 .far.text.node_id_restore
                0x00000000000105d0       0x40 contiki-wismote.a(node-id.o)
                0x00000000000105d0                node_id_restore
 .far.text.process_thread_sensors_process
                0x0000000000010610      0x136 contiki-wismote.a(sensors.o)
 .far.text.sensors_changed
                0x0000000000010746       0x66 contiki-wismote.a(sensors.o)
                0x0000000000010746                sensors_changed
 .far.text.get_value
                0x00000000000107ac       0x4e contiki-wismote.a(cc2520.o)
 .far.text.get_object
                0x00000000000107fa        0x4 contiki-wismote.a(cc2520.o)
 .far.text.set_object
                0x00000000000107fe        0x4 contiki-wismote.a(cc2520.o)
 .far.text.cc2520_receiving_packet
                0x0000000000010802        0x8 contiki-wismote.a(cc2520.o)
 .far.text.pending_packet
                0x000000000001080a        0xe contiki-wismote.a(cc2520.o)
 .far.text.status
                0x0000000000010818       0x52 contiki-wismote.a(cc2520.o)
 .far.text.strobe
                0x000000000001086a       0x4e contiki-wismote.a(cc2520.o)
 .far.text.on   0x00000000000108b8       0x4c contiki-wismote.a(cc2520.o)
 .far.text.flushrx
                0x0000000000010904       0xf2 contiki-wismote.a(cc2520.o)
 .far.text.off  0x00000000000109f6       0x82 contiki-wismote.a(cc2520.o)
 .far.text.RELEASE_LOCK
                0x0000000000010a78       0x34 contiki-wismote.a(cc2520.o)
 .far.text.getrxdata
                0x0000000000010aac       0x88 contiki-wismote.a(cc2520.o)
 .far.text.setreg
                0x0000000000010b34       0x6e contiki-wismote.a(cc2520.o)
 .far.text.cc2520_prepare
                0x0000000000010ba2       0xec contiki-wismote.a(cc2520.o)
 .far.text.getreg
                0x0000000000010c8e       0x7c contiki-wismote.a(cc2520.o)
 .far.text.cc2520_on
                0x0000000000010d0a       0x2a contiki-wismote.a(cc2520.o)
                0x0000000000010d0a                cc2520_on
 .far.text.cc2520_off
                0x0000000000010d34       0x3a contiki-wismote.a(cc2520.o)
                0x0000000000010d34                cc2520_off
 .far.text.cc2520_cca
                0x0000000000010d6e       0x7e contiki-wismote.a(cc2520.o)
 .far.text.cc2520_read
                0x0000000000010dec      0x110 contiki-wismote.a(cc2520.o)
 .far.text.process_thread_cc2520_process
                0x0000000000010efc       0x56 contiki-wismote.a(cc2520.o)
 .far.text.cc2520_set_channel
                0x0000000000010f52       0x7e contiki-wismote.a(cc2520.o)
                0x0000000000010f52                cc2520_set_channel
 .far.text.set_value
                0x0000000000010fd0       0x3c contiki-wismote.a(cc2520.o)
 .far.text.cc2520_set_pan_addr
                0x000000000001100c      0x1f6 contiki-wismote.a(cc2520.o)
                0x000000000001100c                cc2520_set_pan_addr
 .far.text.cc2520_init
                0x0000000000011202      0x17a contiki-wismote.a(cc2520.o)
                0x0000000000011202                cc2520_init
 .far.text.cc2520_interrupt
                0x000000000001137c       0x20 contiki-wismote.a(cc2520.o)
                0x000000000001137c                cc2520_interrupt
 .far.text.cc2520_get_txpower
                0x000000000001139c       0x1c contiki-wismote.a(cc2520.o)
                0x000000000001139c                cc2520_get_txpower
 .far.text.cc2520_transmit
                0x00000000000113b8      0x212 contiki-wismote.a(cc2520.o)
 .far.text.cc2520_send
                0x00000000000115ca       0x12 contiki-wismote.a(cc2520.o)
 .far.text.cc2520_arch_init
                0x00000000000115dc       0x48 contiki-wismote.a(cc2520-arch.o)
                0x00000000000115dc                cc2520_arch_init
 .far.text.uart1_active
                0x0000000000011624       0x10 contiki-wismote.a(uart1.o)
                0x0000000000011624                uart1_active
 .far.text.uart1_set_input
                0x0000000000011634        0x6 contiki-wismote.a(uart1.o)
                0x0000000000011634                uart1_set_input
 .far.text.uart1_writeb
                0x000000000001163a       0x16 contiki-wismote.a(uart1.o)
                0x000000000001163a                uart1_writeb
 .far.text.uart1_init
                0x0000000000011650       0x66 contiki-wismote.a(uart1.o)
                0x0000000000011650                uart1_init
 .far.text.putchar
                0x00000000000116b6       0x10 contiki-wismote.a(uart1-putchar.o)
                0x00000000000116b6                putchar
 .far.text.msp430_init_dco
                0x00000000000116c6       0x20 contiki-wismote.a(msp430.o)
                0x00000000000116c6                msp430_init_dco
 .far.text.msp430_cpu_init
                0x00000000000116e6       0x8a contiki-wismote.a(msp430.o)
                0x00000000000116e6                msp430_cpu_init
 .far.text.splhigh_
                0x0000000000011770        0x8 contiki-wismote.a(msp430.o)
                0x0000000000011770                splhigh_
 .far.text.clock_time
                0x0000000000011778       0x22 contiki-wismote.a(clock.o)
                0x0000000000011778                clock_time
 .far.text.clock_init
                0x000000000001179a       0x2c contiki-wismote.a(clock.o)
                0x000000000001179a                clock_init
 .far.text.clock_delay
                0x00000000000117c6       0x10 contiki-wismote.a(clock.o)
                0x00000000000117c6                clock_delay
 .far.text.clock_wait
                0x00000000000117d6       0x24 contiki-wismote.a(clock.o)
                0x00000000000117d6                clock_wait
 .far.text.show_leds
                0x00000000000117fa      0x128 contiki-wismote.a(leds.o)
 .far.text.leds_init
                0x0000000000011922        0xc contiki-wismote.a(leds.o)
                0x0000000000011922                leds_init
 .far.text.leds_on
                0x000000000001192e        0xc contiki-wismote.a(leds.o)
                0x000000000001192e                leds_on
 .far.text.leds_off
                0x000000000001193a       0x10 contiki-wismote.a(leds.o)
                0x000000000001193a                leds_off
 .far.text.leds_arch_init
                0x000000000001194a       0x22 contiki-wismote.a(leds-arch.o)
                0x000000000001194a                leds_arch_init
 .far.text.leds_arch_set
                0x000000000001196c       0x4c contiki-wismote.a(leds-arch.o)
                0x000000000001196c                leds_arch_set
 .far.text.watchdog_start
                0x00000000000119b8       0x18 contiki-wismote.a(watchdog.o)
                0x00000000000119b8                watchdog_start
 .far.text.watchdog_periodic
                0x00000000000119d0       0x12 contiki-wismote.a(watchdog.o)
                0x00000000000119d0                watchdog_periodic
 .far.text.watchdog_stop
                0x00000000000119e2       0x1a contiki-wismote.a(watchdog.o)
                0x00000000000119e2                watchdog_stop
 .far.text.watchdog_init
                0x00000000000119fc       0x14 contiki-wismote.a(watchdog.o)
                0x00000000000119fc                watchdog_init
 .far.text.rtimer_arch_init
                0x0000000000011a10        0xe contiki-wismote.a(rtimer-arch.o)
                0x0000000000011a10                rtimer_arch_init
 .far.text.rtimer_arch_now
                0x0000000000011a1e        0xe contiki-wismote.a(rtimer-arch.o)
                0x0000000000011a1e                rtimer_arch_now
 .far.text.rtimer_arch_schedule
                0x0000000000011a2c        0x6 contiki-wismote.a(rtimer-arch.o)
                0x0000000000011a2c                rtimer_arch_schedule
 .far.text.autostart_start
                0x0000000000011a32       0x2e contiki-wismote.a(autostart.o)
                0x0000000000011a32                autostart_start
 .far.text.energest_init
                0x0000000000011a60       0x56 contiki-wismote.a(energest.o)
                0x0000000000011a60                energest_init
 .far.text.energest_type_time
                0x0000000000011ab6       0xae contiki-wismote.a(energest.o)
                0x0000000000011ab6                energest_type_time
 .far.text.energest_type_set
                0x0000000000011b64       0x1a contiki-wismote.a(energest.o)
                0x0000000000011b64                energest_type_set
 .far.text.energest_flush
                0x0000000000011b7e       0xa0 contiki-wismote.a(energest.o)
                0x0000000000011b7e                energest_flush
 .far.text.process_thread_ctimer_process
                0x0000000000011c1e       0xa8 contiki-wismote.a(ctimer.o)
 .far.text.ctimer_init
                0x0000000000011cc6       0x1a contiki-wismote.a(ctimer.o)
                0x0000000000011cc6                ctimer_init
 .far.text.ctimer_set_with_process
                0x0000000000011ce0       0x56 contiki-wismote.a(ctimer.o)
                0x0000000000011ce0                ctimer_set_with_process
 .far.text.ctimer_set
                0x0000000000011d36       0x16 contiki-wismote.a(ctimer.o)
                0x0000000000011d36                ctimer_set
 .far.text.ctimer_stop
                0x0000000000011d4c       0x2e contiki-wismote.a(ctimer.o)
                0x0000000000011d4c                ctimer_stop
 .far.text.update_time
                0x0000000000011d7a       0x7a contiki-wismote.a(etimer.o)
 .far.text.etimer_request_poll
                0x0000000000011df4        0xa contiki-wismote.a(etimer.o)
                0x0000000000011df4                etimer_request_poll
 .far.text.process_thread_etimer_process
                0x0000000000011dfe       0xd0 contiki-wismote.a(etimer.o)
 .far.text.add_timer
                0x0000000000011ece       0x48 contiki-wismote.a(etimer.o)
 .far.text.etimer_set
                0x0000000000011f16       0x12 contiki-wismote.a(etimer.o)
                0x0000000000011f16                etimer_set
 .far.text.etimer_pending
                0x0000000000011f28        0xe contiki-wismote.a(etimer.o)
                0x0000000000011f28                etimer_pending
 .far.text.etimer_next_expiration_time
                0x0000000000011f36       0x1c contiki-wismote.a(etimer.o)
                0x0000000000011f36                etimer_next_expiration_time
 .far.text.etimer_stop
                0x0000000000011f52       0x44 contiki-wismote.a(etimer.o)
                0x0000000000011f52                etimer_stop
 .far.text.call_process
                0x0000000000011f96       0x42 contiki-wismote.a(process.o)
 .far.text.exit_process
                0x0000000000011fd8       0x8e contiki-wismote.a(process.o)
 .far.text.do_poll
                0x0000000000012066       0x32 contiki-wismote.a(process.o)
 .far.text.process_alloc_event
                0x0000000000012098       0x12 contiki-wismote.a(process.o)
                0x0000000000012098                process_alloc_event
 .far.text.process_init
                0x00000000000120aa       0x26 contiki-wismote.a(process.o)
                0x00000000000120aa                process_init
 .far.text.process_run
                0x00000000000120d0       0xd6 contiki-wismote.a(process.o)
                0x00000000000120d0                process_run
 .far.text.process_nevents
                0x00000000000121a6       0x12 contiki-wismote.a(process.o)
                0x00000000000121a6                process_nevents
 .far.text.process_post
                0x00000000000121b8       0x8e contiki-wismote.a(process.o)
                0x00000000000121b8                process_post
 .far.text.process_post_synch
                0x0000000000012246       0x12 contiki-wismote.a(process.o)
                0x0000000000012246                process_post_synch
 .far.text.process_start
                0x0000000000012258       0x36 contiki-wismote.a(process.o)
                0x0000000000012258                process_start
 .far.text.process_poll
                0x000000000001228e       0x1a contiki-wismote.a(process.o)
                0x000000000001228e                process_poll
 .far.text.rtimer_init
                0x00000000000122a8        0x6 contiki-wismote.a(rtimer.o)
                0x00000000000122a8                rtimer_init
 .far.text.rtimer_set
                0x00000000000122ae       0x26 contiki-wismote.a(rtimer.o)
                0x00000000000122ae                rtimer_set
 .far.text.rtimer_run_next
                0x00000000000122d4       0x28 contiki-wismote.a(rtimer.o)
                0x00000000000122d4                rtimer_run_next
 .far.text.timer_set
                0x00000000000122fc       0x1c contiki-wismote.a(timer.o)
                0x00000000000122fc                timer_set
 .far.text.timer_expired
                0x0000000000012318       0x2a contiki-wismote.a(timer.o)
                0x0000000000012318                timer_expired
 .far.text.process_thread_serial_line_process
                0x0000000000012342       0xc6 contiki-wismote.a(serial-line.o)
 .far.text.serial_line_input_byte
                0x0000000000012408       0x50 contiki-wismote.a(serial-line.o)
                0x0000000000012408                serial_line_input_byte
 .far.text.serial_line_init
                0x0000000000012458       0x1c contiki-wismote.a(serial-line.o)
                0x0000000000012458                serial_line_init
 .far.text.list_init
                0x0000000000012474        0x8 contiki-wismote.a(list.o)
                0x0000000000012474                list_init
 .far.text.list_head
                0x000000000001247c        0x4 contiki-wismote.a(list.o)
                0x000000000001247c                list_head
 .far.text.list_tail
                0x0000000000012480       0x12 contiki-wismote.a(list.o)
                0x0000000000012480                list_tail
 .far.text.list_remove
                0x0000000000012492       0x36 contiki-wismote.a(list.o)
                0x0000000000012492                list_remove
 .far.text.list_push
                0x00000000000124c8       0x18 contiki-wismote.a(list.o)
                0x00000000000124c8                list_push
 .far.text.list_add
                0x00000000000124e0       0x28 contiki-wismote.a(list.o)
                0x00000000000124e0                list_add
 .far.text.list_length
                0x0000000000012508       0x10 contiki-wismote.a(list.o)
                0x0000000000012508                list_length
 .far.text.list_item_next
                0x0000000000012518        0xc contiki-wismote.a(list.o)
                0x0000000000012518                list_item_next
 .far.text.random_init
                0x0000000000012524        0x6 contiki-wismote.a(random.o)
                0x0000000000012524                random_init
 .far.text.random_rand
                0x000000000001252a        0x6 contiki-wismote.a(random.o)
                0x000000000001252a                random_rand
 .far.text.ringbuf_init
                0x0000000000012530       0x14 contiki-wismote.a(ringbuf.o)
                0x0000000000012530                ringbuf_init
 .far.text.ringbuf_put
                0x0000000000012544       0x44 contiki-wismote.a(ringbuf.o)
                0x0000000000012544                ringbuf_put
 .far.text.ringbuf_get
                0x0000000000012588       0x3c contiki-wismote.a(ringbuf.o)
                0x0000000000012588                ringbuf_get
 .far.text.input
                0x00000000000125c4       0x36 contiki-wismote.a(rime.o)
 .far.text.init
                0x00000000000125fa       0x30 contiki-wismote.a(rime.o)
 .far.text.packet_sent
                0x000000000001262a       0x38 contiki-wismote.a(rime.o)
 .far.text.rime_output
                0x0000000000012662       0x24 contiki-wismote.a(rime.o)
                0x0000000000012662                rime_output
 .far.text.announcement_init
                0x0000000000012686        0xa contiki-wismote.a(announcement.o)
                0x0000000000012686                announcement_init
 .far.text.announcement_register_observer_callback
                0x0000000000012690        0x6 contiki-wismote.a(announcement.o)
                0x0000000000012690                announcement_register_observer_callback
 .far.text.announcement_list
                0x0000000000012696        0xa contiki-wismote.a(announcement.o)
                0x0000000000012696                announcement_list
 .far.text.announcement_heard
                0x00000000000126a0       0x36 contiki-wismote.a(announcement.o)
                0x00000000000126a0                announcement_heard
 .far.text.queuebuf_init
                0x00000000000126d6       0x12 contiki-wismote.a(queuebuf.o)
                0x00000000000126d6                queuebuf_init
 .far.text.queuebuf_new_from_packetbuf
                0x00000000000126e8       0x4e contiki-wismote.a(queuebuf.o)
                0x00000000000126e8                queuebuf_new_from_packetbuf
 .far.text.queuebuf_update_attr_from_packetbuf
                0x0000000000012736       0x12 contiki-wismote.a(queuebuf.o)
                0x0000000000012736                queuebuf_update_attr_from_packetbuf
 .far.text.queuebuf_update_from_packetbuf
                0x0000000000012748       0x22 contiki-wismote.a(queuebuf.o)
                0x0000000000012748                queuebuf_update_from_packetbuf
 .far.text.queuebuf_free
                0x000000000001276a       0x2a contiki-wismote.a(queuebuf.o)
                0x000000000001276a                queuebuf_free
 .far.text.queuebuf_to_packetbuf
                0x0000000000012794       0x32 contiki-wismote.a(queuebuf.o)
                0x0000000000012794                queuebuf_to_packetbuf
 .far.text.queuebuf_attr
                0x00000000000127c6       0x1a contiki-wismote.a(queuebuf.o)
                0x00000000000127c6                queuebuf_attr
 .far.text.packetbuf_hdrreduce
                0x00000000000127e0       0x20 contiki-wismote.a(packetbuf.o)
                0x00000000000127e0                packetbuf_hdrreduce
 .far.text.packetbuf_set_datalen
                0x0000000000012800        0x8 contiki-wismote.a(packetbuf.o)
                0x0000000000012800                packetbuf_set_datalen
 .far.text.packetbuf_hdrptr
                0x0000000000012808        0x6 contiki-wismote.a(packetbuf.o)
                0x0000000000012808                packetbuf_hdrptr
 .far.text.packetbuf_datalen
                0x000000000001280e        0x8 contiki-wismote.a(packetbuf.o)
                0x000000000001280e                packetbuf_datalen
 .far.text.packetbuf_hdrlen
                0x0000000000012816        0xe contiki-wismote.a(packetbuf.o)
                0x0000000000012816                packetbuf_hdrlen
 .far.text.packetbuf_dataptr
                0x0000000000012824       0x16 contiki-wismote.a(packetbuf.o)
                0x0000000000012824                packetbuf_dataptr
 .far.text.packetbuf_copyto
                0x000000000001283a       0x4a contiki-wismote.a(packetbuf.o)
                0x000000000001283a                packetbuf_copyto
 .far.text.packetbuf_compact
                0x0000000000012884       0x5a contiki-wismote.a(packetbuf.o)
                0x0000000000012884                packetbuf_compact
 .far.text.packetbuf_totlen
                0x00000000000128de        0xe contiki-wismote.a(packetbuf.o)
                0x00000000000128de                packetbuf_totlen
 .far.text.packetbuf_hdralloc
                0x00000000000128ec       0x56 contiki-wismote.a(packetbuf.o)
                0x00000000000128ec                packetbuf_hdralloc
 .far.text.packetbuf_attr_clear
                0x0000000000012942       0x32 contiki-wismote.a(packetbuf.o)
                0x0000000000012942                packetbuf_attr_clear
 .far.text.packetbuf_clear
                0x0000000000012974       0x18 contiki-wismote.a(packetbuf.o)
                0x0000000000012974                packetbuf_clear
 .far.text.packetbuf_copyfrom
                0x000000000001298c       0x2c contiki-wismote.a(packetbuf.o)
                0x000000000001298c                packetbuf_copyfrom
 .far.text.packetbuf_attr_copyto
                0x00000000000129b8       0x20 contiki-wismote.a(packetbuf.o)
                0x00000000000129b8                packetbuf_attr_copyto
 .far.text.packetbuf_attr_copyfrom
                0x00000000000129d8       0x22 contiki-wismote.a(packetbuf.o)
                0x00000000000129d8                packetbuf_attr_copyfrom
 .far.text.packetbuf_holds_broadcast
                0x00000000000129fa        0xe contiki-wismote.a(packetbuf.o)
                0x00000000000129fa                packetbuf_holds_broadcast
 .far.text.linkaddr_copy
                0x0000000000012a08        0xc contiki-wismote.a(linkaddr.o)
                0x0000000000012a08                linkaddr_copy
 .far.text.linkaddr_cmp
                0x0000000000012a14       0x12 contiki-wismote.a(linkaddr.o)
                0x0000000000012a14                linkaddr_cmp
 .far.text.linkaddr_set_node_addr
                0x0000000000012a26        0xc contiki-wismote.a(linkaddr.o)
                0x0000000000012a26                linkaddr_set_node_addr
 .far.text.input_packet
                0x0000000000012a32        0x6 contiki-wismote.a(csma.o)
 .far.text.on   0x0000000000012a38        0x6 contiki-wismote.a(csma.o)
 .far.text.off  0x0000000000012a3e        0x6 contiki-wismote.a(csma.o)
 .far.text.channel_check_interval
                0x0000000000012a44       0x10 contiki-wismote.a(csma.o)
 .far.text.transmit_packet_list
                0x0000000000012a54       0x24 contiki-wismote.a(csma.o)
 .far.text.schedule_transmission
                0x0000000000012a78       0x9a contiki-wismote.a(csma.o)
 .far.text.init
                0x0000000000012b12       0x1a contiki-wismote.a(csma.o)
 .far.text.tx_done
                0x0000000000012b2c       0x86 contiki-wismote.a(csma.o)
 .far.text.send_packet
                0x0000000000012bb2      0x17e contiki-wismote.a(csma.o)
 .far.text.packet_sent
                0x0000000000012d30       0xcc contiki-wismote.a(csma.o)
 .far.text.mac_call_sent_callback
                0x0000000000012dfc       0x14 contiki-wismote.a(mac.o)
                0x0000000000012dfc                mac_call_sent_callback
 .far.text.duty_cycle
                0x0000000000012e10        0x6 contiki-wismote.a(contikimac.o)
 .far.text.init
                0x0000000000012e16       0x34 contiki-wismote.a(contikimac.o)
 .far.text.on   0x0000000000012e4a       0x20 contiki-wismote.a(contikimac.o)
 .far.text.off  0x0000000000012e6a       0x2a contiki-wismote.a(contikimac.o)
 .far.text.recv_burst_off
                0x0000000000012e94        0xc contiki-wismote.a(contikimac.o)
 .far.text.turn_off
                0x0000000000012ea0       0x28 contiki-wismote.a(contikimac.o)
 .far.text.turn_on
                0x0000000000012ec8       0x3a contiki-wismote.a(contikimac.o)
 .far.text.schedule_powercycle_fixed.part.4
                0x0000000000012f02       0x36 contiki-wismote.a(contikimac.o)
 .far.text.powercycle_turn_radio_off
                0x0000000000012f38       0x38 contiki-wismote.a(contikimac.o)
 .far.text.input_packet
                0x0000000000012f70       0xc0 contiki-wismote.a(contikimac.o)
 .far.text.send_packet.isra.8
                0x0000000000013030      0x20e contiki-wismote.a(contikimac.o)
 .far.text.qsend_packet
                0x000000000001323e       0x22 contiki-wismote.a(contikimac.o)
 .far.text.qsend_list
                0x0000000000013260       0xca contiki-wismote.a(contikimac.o)
 .far.text.powercycle_wrapper
                0x000000000001332a      0x20c contiki-wismote.a(contikimac.o)
 .far.text.init
                0x0000000000013536        0x2 contiki-wismote.a(nullsec.o)
 .far.text.send
                0x0000000000013538        0xc contiki-wismote.a(nullsec.o)
 .far.text.input
                0x0000000000013544        0x6 contiki-wismote.a(nullsec.o)
 .far.text.spi_init
                0x000000000001354a       0x32 contiki-wismote.a(spi.o)
                0x000000000001354a                spi_init
 .far.text.compower_accumulate
                0x000000000001357c       0x7a contiki-wismote.a(compower.o)
                0x000000000001357c                compower_accumulate
 .far.text.compower_clear
                0x00000000000135f6       0x12 contiki-wismote.a(compower.o)
                0x00000000000135f6                compower_clear
 .far.text.compower_attrconv
                0x0000000000013608       0x10 contiki-wismote.a(compower.o)
                0x0000000000013608                compower_attrconv
 .far.text.memb_init
                0x0000000000013618       0x3a contiki-wismote.a(memb.o)
                0x0000000000013618                memb_init
 .far.text.memb_alloc
                0x0000000000013652       0x5c contiki-wismote.a(memb.o)
                0x0000000000013652                memb_alloc
 .far.text.memb_free
                0x00000000000136ae       0x5e contiki-wismote.a(memb.o)
                0x00000000000136ae                memb_free
 .far.text.memb_inmemb
                0x000000000001370c       0x3e contiki-wismote.a(memb.o)
                0x000000000001370c                memb_inmemb
 .far.text.adv_packet_sent
                0x000000000001374a        0x2 contiki-wismote.a(broadcast-annou)
 .far.text.adv_packet_received
                0x000000000001374c       0x58 contiki-wismote.a(broadcast-annou)
 .far.text.set_timers
                0x00000000000137a4       0x52 contiki-wismote.a(broadcast-annou)
 .far.text.send_timer
                0x00000000000137f6       0x3e contiki-wismote.a(broadcast-annou)
 .far.text.new_announcement
                0x0000000000013834       0x1c contiki-wismote.a(broadcast-annou)
 .far.text.send_adv
                0x0000000000013850       0x7c contiki-wismote.a(broadcast-annou)
 .far.text.broadcast_announcement_init
                0x00000000000138cc       0x42 contiki-wismote.a(broadcast-annou)
                0x00000000000138cc                broadcast_announcement_init
 .far.text.sent_by_abc
                0x000000000001390e       0x10 contiki-wismote.a(broadcast.o)
 .far.text.recv_from_abc
                0x000000000001391e       0x26 contiki-wismote.a(broadcast.o)
 .far.text.broadcast_open
                0x0000000000013944       0x22 contiki-wismote.a(broadcast.o)
                0x0000000000013944                broadcast_open
 .far.text.broadcast_send
                0x0000000000013966       0x1a contiki-wismote.a(broadcast.o)
                0x0000000000013966                broadcast_send
 .far.text.channel_init
                0x0000000000013980        0xa contiki-wismote.a(channel.o)
                0x0000000000013980                channel_init
 .far.text.channel_open