Archive member included to satisfy reference by file (symbol)

/usr/lib/gcc/arm-none-eabi/4.9.3/armv7-m/libgcc.a(_ashldi3.o)
                              obj_zoul/mmc.o (__aeabi_llsl)
/usr/lib/gcc/arm-none-eabi/4.9.3/armv7-m/libgcc.a(_arm_addsubdf3.o)
                              obj_zoul/Data_Collection.o (__aeabi_dsub)
/usr/lib/gcc/arm-none-eabi/4.9.3/armv7-m/libgcc.a(_arm_muldivdf3.o)
                              obj_zoul/Data_Collection.o (__aeabi_dmul)
/usr/lib/gcc/arm-none-eabi/4.9.3/armv7-m/libgcc.a(_arm_truncdfsf2.o)
                              obj_zoul/Data_Collection.o (__aeabi_d2f)
/usr/lib/gcc/arm-none-eabi/4.9.3/armv7-m/libgcc.a(_arm_addsubsf3.o)
                              obj_zoul/Data_Collection.o (__aeabi_fsub)
/usr/lib/gcc/arm-none-eabi/4.9.3/armv7-m/libgcc.a(_arm_muldivsf3.o)
                              obj_zoul/Data_Collection.o (__aeabi_fmul)
/usr/lib/gcc/arm-none-eabi/4.9.3/armv7-m/libgcc.a(_arm_fixsfsi.o)
                              obj_zoul/Data_Collection.o (__aeabi_f2iz)
/usr/lib/gcc/arm-none-eabi/4.9.3/armv7-m/libgcc.a(_arm_fixunssfsi.o)
                              obj_zoul/Data_Collection.o (__aeabi_f2uiz)
/usr/lib/gcc/arm-none-eabi/4.9.3/armv7-m/libgcc.a(_aeabi_uldivmod.o)
                              obj_zoul/spi.o (__aeabi_uldivmod)
/usr/lib/gcc/arm-none-eabi/4.9.3/armv7-m/libgcc.a(bpabi.o)
                              /usr/lib/gcc/arm-none-eabi/4.9.3/armv7-m/libgcc.a(_aeabi_uldivmod.o) (__gnu_uldivmod_helper)
/usr/lib/gcc/arm-none-eabi/4.9.3/armv7-m/libgcc.a(_dvmd_tls.o)
                              /usr/lib/gcc/arm-none-eabi/4.9.3/armv7-m/libgcc.a(_aeabi_uldivmod.o) (__aeabi_ldiv0)
/usr/lib/gcc/arm-none-eabi/4.9.3/armv7-m/libgcc.a(_divdi3.o)
                              /usr/lib/gcc/arm-none-eabi/4.9.3/armv7-m/libgcc.a(bpabi.o) (__divdi3)
/usr/lib/gcc/arm-none-eabi/4.9.3/armv7-m/libgcc.a(_udivdi3.o)
                              /usr/lib/gcc/arm-none-eabi/4.9.3/armv7-m/libgcc.a(bpabi.o) (__udivdi3)
/usr/lib/gcc/arm-none-eabi/4.9.3/../../../arm-none-eabi/lib/armv7-m/libc.a(lib_a-ctype_.o)
                              obj_zoul/resolv.o (__ctype_ptr__)
/usr/lib/gcc/arm-none-eabi/4.9.3/../../../arm-none-eabi/lib/armv7-m/libc.a(lib_a-malloc.o)
                              obj_zoul/syscall.o (malloc)
/usr/lib/gcc/arm-none-eabi/4.9.3/../../../arm-none-eabi/lib/armv7-m/libc.a(lib_a-mallocr.o)
                              /usr/lib/gcc/arm-none-eabi/4.9.3/../../../arm-none-eabi/lib/armv7-m/libc.a(lib_a-malloc.o) (_malloc_r)
/usr/lib/gcc/arm-none-eabi/4.9.3/../../../arm-none-eabi/lib/armv7-m/libc.a(lib_a-memcmp.o)
                              obj_zoul/ipolite.o (memcmp)
/usr/lib/gcc/arm-none-eabi/4.9.3/../../../arm-none-eabi/lib/armv7-m/libc.a(lib_a-memcpy.o)
                              obj_zoul/dbg-snprintf.o (memcpy)
/usr/lib/gcc/arm-none-eabi/4.9.3/../../../arm-none-eabi/lib/armv7-m/libc.a(lib_a-memmove.o)
                              obj_zoul/mmem.o (memmove)
/usr/lib/gcc/arm-none-eabi/4.9.3/../../../arm-none-eabi/lib/armv7-m/libc.a(lib_a-memset.o)
                              obj_zoul/gpio.o (memset)
/usr/lib/gcc/arm-none-eabi/4.9.3/../../../arm-none-eabi/lib/armv7-m/libc.a(lib_a-mlock.o)
                              /usr/lib/gcc/arm-none-eabi/4.9.3/../../../arm-none-eabi/lib/armv7-m/libc.a(lib_a-mallocr.o) (__malloc_lock)
/usr/lib/gcc/arm-none-eabi/4.9.3/../../../arm-none-eabi/lib/armv7-m/libc.a(lib_a-reent.o)
                              obj_zoul/syscalls.o (errno)
/usr/lib/gcc/arm-none-eabi/4.9.3/../../../arm-none-eabi/lib/armv7-m/libc.a(lib_a-sbrkr.o)
                              /usr/lib/gcc/arm-none-eabi/4.9.3/../../../arm-none-eabi/lib/armv7-m/libc.a(lib_a-mallocr.o) (_sbrk_r)
/usr/lib/gcc/arm-none-eabi/4.9.3/../../../arm-none-eabi/lib/armv7-m/libc.a(lib_a-strcasecmp.o)
                              obj_zoul/resolv.o (strcasecmp)
/usr/lib/gcc/arm-none-eabi/4.9.3/../../../arm-none-eabi/lib/armv7-m/libc.a(lib_a-strcmp.o)
                              obj_zoul/cfs-coffee.o (strcmp)
/usr/lib/gcc/arm-none-eabi/4.9.3/../../../arm-none-eabi/lib/armv7-m/libc.a(lib_a-strlen.o)
                              obj_zoul/sensors.o (strlen)
/usr/lib/gcc/arm-none-eabi/4.9.3/../../../arm-none-eabi/lib/armv7-m/libc.a(lib_a-strncasecmp.o)
                              obj_zoul/resolv.o (strncasecmp)
/usr/lib/gcc/arm-none-eabi/4.9.3/../../../arm-none-eabi/lib/armv7-m/libc.a(lib_a-strncat.o)
                              obj_zoul/resolv.o (strncat)
/usr/lib/gcc/arm-none-eabi/4.9.3/../../../arm-none-eabi/lib/armv7-m/libc.a(lib_a-strncmp.o)
                              obj_zoul/slip.o (strncmp)
/usr/lib/gcc/arm-none-eabi/4.9.3/../../../arm-none-eabi/lib/armv7-m/libc.a(lib_a-strncpy.o)
                              obj_zoul/cfs-coffee.o (strncpy)
/usr/lib/gcc/arm-none-eabi/4.9.3/../../../arm-none-eabi/lib/armv7-m/libc.a(lib_a-freer.o)
                              /usr/lib/gcc/arm-none-eabi/4.9.3/../../../arm-none-eabi/lib/armv7-m/libc.a(lib_a-malloc.o) (_free_r)
[...]
Memory Configuration

Name             Origin             Length             Attributes
FLASH_FW         0x0000000000202000 0x000000000007dfd4 xr
FLASH_CCA        0x000000000027ffd4 0x000000000000002c xr
NRSRAM           0x0000000020000000 0x0000000000004000 xrw
FRSRAM           0x0000000020004000 0x0000000000004000 xrw
*default*        0x0000000000000000 0xffffffffffffffff

Linker script and memory map

LOAD obj_zoul/startup-gcc.o
LOAD obj_zoul/contiki-main.o
LOAD obj_zoul/leds.o
LOAD obj_zoul/cc1200-zoul-arch.o
LOAD obj_zoul/adc-zoul.o
LOAD obj_zoul/button-sensor.o
LOAD obj_zoul/zoul-sensors.o
LOAD obj_zoul/board.o
LOAD obj_zoul/antenna-sw.o
LOAD obj_zoul/mmc-arch.o
LOAD obj_zoul/rtcc.o
LOAD obj_zoul/power-mgmt.o
LOAD obj_zoul/leds-arch.o
LOAD obj_zoul/soc.o
LOAD obj_zoul/clock.o
LOAD obj_zoul/rtimer-arch.o
LOAD obj_zoul/uart.o
LOAD obj_zoul/watchdog.o
LOAD obj_zoul/nvic.o
LOAD obj_zoul/sys-ctrl.o
LOAD obj_zoul/gpio.o
LOAD obj_zoul/ioc.o
LOAD obj_zoul/spi.o
LOAD obj_zoul/adc.o
LOAD obj_zoul/crypto.o
LOAD obj_zoul/aes.o
LOAD obj_zoul/ecb.o
LOAD obj_zoul/cbc.o
LOAD obj_zoul/ctr.o
LOAD obj_zoul/cbc-mac.o
LOAD obj_zoul/gcm.o
LOAD obj_zoul/ccm.o
LOAD obj_zoul/sha256.o
LOAD obj_zoul/cc2538-aes-128.o
LOAD obj_zoul/cc2538-ccm-star.o
LOAD obj_zoul/cc2538-rf.o
LOAD obj_zoul/udma.o
LOAD obj_zoul/lpm.o
LOAD obj_zoul/pka.o
LOAD obj_zoul/bignum-driver.o
LOAD obj_zoul/ecc-driver.o
LOAD obj_zoul/ecc-algorithm.o
LOAD obj_zoul/ecc-curve.o
LOAD obj_zoul/dbg.o
LOAD obj_zoul/ieee-addr.o
LOAD obj_zoul/slip-arch.o
LOAD obj_zoul/slip.o
LOAD obj_zoul/i2c.o
LOAD obj_zoul/cc2538-temp-sensor.o
LOAD obj_zoul/vdd3-sensor.o
LOAD obj_zoul/cfs-coffee.o
LOAD obj_zoul/cfs-coffee-arch.o
LOAD obj_zoul/pwm.o
LOAD obj_zoul/dbg-printf.o
LOAD obj_zoul/dbg-snprintf.o
LOAD obj_zoul/dbg-sprintf.o
LOAD obj_zoul/strformat.o
LOAD obj_zoul/usb-core.o
LOAD obj_zoul/cdc-acm.o
LOAD obj_zoul/usb-arch.o
LOAD obj_zoul/usb-serial.o
LOAD obj_zoul/cdc-acm-descriptors.o
LOAD obj_zoul/autostart.o
LOAD obj_zoul/stimer.o
LOAD obj_zoul/energest.o
LOAD obj_zoul/arg.o
LOAD obj_zoul/ctimer.o
LOAD obj_zoul/etimer.o
LOAD obj_zoul/compower.o
LOAD obj_zoul/process.o
LOAD obj_zoul/rtimer.o
LOAD obj_zoul/mt.o
LOAD obj_zoul/procinit.o
LOAD obj_zoul/timer.o
LOAD obj_zoul/serial-line.o
LOAD obj_zoul/nullradio.o
LOAD obj_zoul/settings.o
LOAD obj_zoul/crc16.o
LOAD obj_zoul/me.o
LOAD obj_zoul/trickle-timer.o
LOAD obj_zoul/mmem.o
LOAD obj_zoul/me_tabs.o
LOAD obj_zoul/sensors.o
LOAD obj_zoul/ifft.o
LOAD obj_zoul/ringbufindex.o
LOAD obj_zoul/ccm-star.o
LOAD obj_zoul/list.o
LOAD obj_zoul/aes-128.o
LOAD obj_zoul/gcr.o
LOAD obj_zoul/print-stats.o
LOAD obj_zoul/memb.o
LOAD obj_zoul/petsciiconv.o
LOAD obj_zoul/random.o
LOAD obj_zoul/assert.o
LOAD obj_zoul/ringbuf.o
LOAD obj_zoul/packetqueue.o
LOAD obj_zoul/chameleon-bitopt.o
LOAD obj_zoul/broadcast-announcement.o
LOAD obj_zoul/rudolph2.o
LOAD obj_zoul/polite-announcement.o
LOAD obj_zoul/trickle.o
LOAD obj_zoul/broadcast.o
LOAD obj_zoul/multihop.o
LOAD obj_zoul/channel.o
LOAD obj_zoul/chameleon-raw.o
LOAD obj_zoul/runicast.o
LOAD obj_zoul/rmh.o
LOAD obj_zoul/stbroadcast.o
LOAD obj_zoul/ipolite.o
LOAD obj_zoul/stunicast.o
LOAD obj_zoul/collect-neighbor.o
LOAD obj_zoul/route.o
LOAD obj_zoul/chameleon.o
LOAD obj_zoul/polite.o
LOAD obj_zoul/abc.o
LOAD obj_zoul/neighbor-discovery.o
LOAD obj_zoul/collect.o
LOAD obj_zoul/rime.o
LOAD obj_zoul/timesynch.o
LOAD obj_zoul/rudolph1.o
LOAD obj_zoul/mesh.o
LOAD obj_zoul/route-discovery.o
LOAD obj_zoul/unicast.o
LOAD obj_zoul/rucb.o
LOAD obj_zoul/collect-link-estimate.o
LOAD obj_zoul/rimestats.o
LOAD obj_zoul/netflood.o
LOAD obj_zoul/announcement.o
LOAD obj_zoul/ff.o
LOAD obj_zoul/syscall.o
LOAD obj_zoul/unicode.o
LOAD obj_zoul/diskio.o
LOAD obj_zoul/mmc.o
LOAD obj_zoul/syscalls.o
LOAD obj_zoul/mtarch.o
LOAD obj_zoul/queuebuf.o
LOAD obj_zoul/nbr-table.o
LOAD obj_zoul/packetbuf.o
LOAD obj_zoul/netstack.o
LOAD obj_zoul/linkaddr.o
LOAD obj_zoul/net-debug.o
LOAD obj_zoul/link-stats.o
LOAD obj_zoul/nullmac.o
LOAD obj_zoul/nullrdc-noframer.o
LOAD obj_zoul/nordc.o
LOAD obj_zoul/frame802154e-ie.o
LOAD obj_zoul/mac-sequence.o
LOAD obj_zoul/framer-802154.o
LOAD obj_zoul/csma.o
LOAD obj_zoul/frame802154.o
LOAD obj_zoul/mac.o
LOAD obj_zoul/framer-nullmac.o
LOAD obj_zoul/phase.o
LOAD obj_zoul/nullrdc.o
LOAD obj_zoul/slipdev.o
LOAD obj_zoul/dhcpc.o
LOAD obj_zoul/uip-packetqueue.o
LOAD obj_zoul/tcp-socket.o
LOAD obj_zoul/uip-debug.o
LOAD obj_zoul/ip64-addr.o
LOAD obj_zoul/uip-udp-packet.o
LOAD obj_zoul/psock.o
LOAD obj_zoul/tcpip.o
LOAD obj_zoul/resolv.o
LOAD obj_zoul/uip-nameserver.o
LOAD obj_zoul/uip-split.o
LOAD obj_zoul/udp-socket.o
LOAD obj_zoul/simple-udp.o
LOAD obj_zoul/uiplib.o
LOAD obj_zoul/contikimac.o
LOAD obj_zoul/contikimac-framer.o
LOAD obj_zoul/nullsec.o
LOAD obj_zoul/anti-replay.o
LOAD obj_zoul/ccm-star-packetbuf.o
LOAD obj_zoul/noncoresec.o
LOAD obj_zoul/cc1200-868-fsk-1-2kbps.o
LOAD obj_zoul/cc1200-802154g-863-870-fsk-50kbps.o
LOAD obj_zoul/cc1200.o
LOAD example-DGHS.co
LOAD obj_zoul/neighbor_discovery.o
LOAD obj_zoul/DGHS_neighbor_discovery.o
LOAD obj_zoul/Gallager_Humblet_Spira.o
LOAD obj_zoul/DGHS_Gallager_Humblet_Spira.o
LOAD obj_zoul/Dynamic_Gallager_Humblet_Spira.o
LOAD obj_zoul/DGHS_Dynamic_Gallager_Humblet_Spira.o
LOAD obj_zoul/Data_Collection.o
LOAD obj_zoul/DGHS_Data_Collection.o
START GROUP
LOAD /usr/lib/gcc/arm-none-eabi/4.9.3/armv7-m/libgcc.a
LOAD /usr/lib/gcc/arm-none-eabi/4.9.3/../../../arm-none-eabi/lib/armv7-m/libc.a
END GROUP

.text           0x0000000000202000     0xaac9
                0x0000000000202000                _text = .
 *(SORT(.vectors))
 .vectors       0x0000000000202000      0x28c obj_zoul/startup-gcc.o
                0x0000000000202000                vectors
 *(SORT(.text*))
 *fill*         0x000000000020228c        0x4 00000000
 .text.process_thread_response_to_data_collection
                0x0000000000202290      0x278 obj_zoul/DGHS_Data_Collection.o
 .text.reset_handler
                0x0000000000202508       0x40 obj_zoul/startup-gcc.o
                0x0000000000202508                reset_handler
 .text.startup.main
                0x0000000000202548      0x188 obj_zoul/contiki-main.o
                0x0000000000202548                main
 .text.leds_init
                0x00000000002026d0       0x14 obj_zoul/leds.o
                0x00000000002026d0                leds_init
 .text.leds_on  0x00000000002026e4       0x10 obj_zoul/leds.o
                0x00000000002026e4                leds_on
 .text.leds_off
                0x00000000002026f4       0x14 obj_zoul/leds.o
                0x00000000002026f4                leds_off
 .text.value    0x0000000000202708       0x20 obj_zoul/button-sensor.o
 .text.duration_exceeded_callback
                0x0000000000202728       0x3c obj_zoul/button-sensor.o
 .text.config_user
                0x0000000000202764       0xa0 obj_zoul/button-sensor.o
 .text.btn_callback
                0x0000000000202804       0x5c obj_zoul/button-sensor.o
 .text.antenna_sw_config
                0x0000000000202860       0x30 obj_zoul/antenna-sw.o
                0x0000000000202860                antenna_sw_config
 .text.leds_arch_init
                0x0000000000202890       0x10 obj_zoul/leds-arch.o
                0x0000000000202890                leds_arch_init
 .text.leds_arch_set
                0x00000000002028a0        0xc obj_zoul/leds-arch.o
                0x00000000002028a0                leds_arch_set
 .text.soc_get_rev
                0x00000000002028ac       0x18 obj_zoul/soc.o
                0x00000000002028ac                soc_get_rev
 .text.soc_get_sram_size
                0x00000000002028c4       0x1c obj_zoul/soc.o
                0x00000000002028c4                soc_get_sram_size
 .text.soc_print_info
                0x00000000002028e0       0x70 obj_zoul/soc.o
                0x00000000002028e0                soc_print_info
 .text.update_ticks
                0x0000000000202950       0x4c obj_zoul/clock.o
 .text.clock_init
                0x000000000020299c       0x4c obj_zoul/clock.o
                0x000000000020299c                clock_init
 .text.clock_time
                0x00000000002029e8       0x14 obj_zoul/clock.o
                0x00000000002029e8                clock_time
 .text.clock_delay_usec
                0x00000000002029fc       0x1c obj_zoul/clock.o
                0x00000000002029fc                clock_delay_usec
 .text.clock_adjust
                0x0000000000202a18       0x20 obj_zoul/clock.o
                0x0000000000202a18                clock_adjust
 .text.rtimer_arch_next_trigger
                0x0000000000202a38        0xc obj_zoul/rtimer-arch.o
                0x0000000000202a38                rtimer_arch_next_trigger
 .text.rtimer_arch_now
                0x0000000000202a44       0x2c obj_zoul/rtimer-arch.o
                0x0000000000202a44                rtimer_arch_now
 .text.rtimer_arch_schedule
                0x0000000000202a70       0x58 obj_zoul/rtimer-arch.o
                0x0000000000202a70                rtimer_arch_schedule
 .text.rtimer_isr
                0x0000000000202ac8       0x2c obj_zoul/rtimer-arch.o
                0x0000000000202ac8                rtimer_isr
 .text.permit_pm1
                0x0000000000202af4       0x24 obj_zoul/uart.o
 .text.uart_isr
                0x0000000000202b18       0x64 obj_zoul/uart.o
 .text.uart_init
                0x0000000000202b7c      0x1b8 obj_zoul/uart.o
                0x0000000000202b7c                uart_init
 .text.uart_set_input
                0x0000000000202d34       0x10 obj_zoul/uart.o
                0x0000000000202d34                uart_set_input
 .text.uart_write_byte
                0x0000000000202d44       0x1c obj_zoul/uart.o
                0x0000000000202d44                uart_write_byte
 .text.watchdog_init
                0x0000000000202d60        0xc obj_zoul/watchdog.o
                0x0000000000202d60                watchdog_init
 .text.watchdog_start
                0x0000000000202d6c        0xc obj_zoul/watchdog.o
                0x0000000000202d6c                watchdog_start
 .text.watchdog_periodic
                0x0000000000202d78       0x10 obj_zoul/watchdog.o
                0x0000000000202d78                watchdog_periodic
 .text.nvic_init
                0x0000000000202d88       0x10 obj_zoul/nvic.o
                0x0000000000202d88                nvic_init
 .text.sys_ctrl_get_reset_cause
                0x0000000000202d98       0x10 obj_zoul/sys-ctrl.o
                0x0000000000202d98                sys_ctrl_get_reset_cause
 .text.sys_ctrl_get_reset_cause_str
                0x0000000000202da8       0x14 obj_zoul/sys-ctrl.o
                0x0000000000202da8                sys_ctrl_get_reset_cause_str
 .text.sys_ctrl_init
                0x0000000000202dbc       0x74 obj_zoul/sys-ctrl.o
                0x0000000000202dbc                sys_ctrl_init
 .text.sys_ctrl_get_sys_clock
                0x0000000000202e30       0x18 obj_zoul/sys-ctrl.o
                0x0000000000202e30                sys_ctrl_get_sys_clock
 .text.sys_ctrl_get_io_clock
                0x0000000000202e48       0x18 obj_zoul/sys-ctrl.o
                0x0000000000202e48                sys_ctrl_get_io_clock
 .text.gpio_register_callback
                0x0000000000202e60       0x10 obj_zoul/gpio.o
                0x0000000000202e60                gpio_register_callback
 .text.notify   0x0000000000202e70       0x30 obj_zoul/gpio.o
                0x0000000000202e70                notify
 .text.gpio_port_isr
                0x0000000000202ea0       0x50 obj_zoul/gpio.o
 .text.gpio_init
                0x0000000000202ef0       0x10 obj_zoul/gpio.o
                0x0000000000202ef0                gpio_init
 .text.ioc_init
                0x0000000000202f00       0x1c obj_zoul/ioc.o
                0x0000000000202f00                ioc_init
 .text.ioc_set_over
                0x0000000000202f1c       0x14 obj_zoul/ioc.o
                0x0000000000202f1c                ioc_set_over
 .text.ioc_set_sel
                0x0000000000202f30       0x14 obj_zoul/ioc.o
                0x0000000000202f30                ioc_set_sel
 .text.adc_get  0x0000000000202f44       0x78 obj_zoul/adc.o
                0x0000000000202f44                adc_get
 .text.permit_pm1
                0x0000000000202fbc       0x10 obj_zoul/crypto.o
 .text.crypto_isr
                0x0000000000202fcc       0x28 obj_zoul/crypto.o
                0x0000000000202fcc                crypto_isr
 .text.crypto_enable
                0x0000000000202ff4       0x20 obj_zoul/crypto.o
                0x0000000000202ff4                crypto_enable
 .text.crypto_init
                0x0000000000203014       0x3c obj_zoul/crypto.o
                0x0000000000203014                crypto_init
 .text.crypto_disable
                0x0000000000203050       0x20 obj_zoul/crypto.o
                0x0000000000203050                crypto_disable
 .text.on       0x0000000000203070       0x2c obj_zoul/cc2538-rf.o
 .text.off      0x000000000020309c       0x40 obj_zoul/cc2538-rf.o
 .text.set_channel
                0x00000000002030dc       0x48 obj_zoul/cc2538-rf.o
 .text.channel_clear
                0x0000000000203124       0x3c obj_zoul/cc2538-rf.o
 .text.receiving_packet
                0x0000000000203160       0x18 obj_zoul/cc2538-rf.o
 .text.pending_packet
                0x0000000000203178       0x10 obj_zoul/cc2538-rf.o
 .text.get_value
                0x0000000000203188      0x164 obj_zoul/cc2538-rf.o
 .text.prepare  0x00000000002032ec       0x64 obj_zoul/cc2538-rf.o
 .text.transmit
                0x0000000000203350       0x98 obj_zoul/cc2538-rf.o
 .text.set_frame_filtering
                0x00000000002033e8       0x18 obj_zoul/cc2538-rf.o
 .text.set_object
                0x0000000000203400       0x30 obj_zoul/cc2538-rf.o
 .text.read     0x0000000000203430       0xe4 obj_zoul/cc2538-rf.o
 .text.get_object
                0x0000000000203514      0x144 obj_zoul/cc2538-rf.o
 .text.set_poll_mode
                0x0000000000203658       0x9c obj_zoul/cc2538-rf.o
 .text.set_value
                0x00000000002036f4       0xe8 obj_zoul/cc2538-rf.o
 .text.init     0x00000000002037dc       0xc8 obj_zoul/cc2538-rf.o
 .text.process_thread_cc2538_rf_process
                0x00000000002038a4       0x90 obj_zoul/cc2538-rf.o
 .text.cc2538_rf_rx_tx_isr
                0x0000000000203934       0x24 obj_zoul/cc2538-rf.o
                0x0000000000203934                cc2538_rf_rx_tx_isr
 .text.cc2538_rf_err_isr
                0x0000000000203958       0x28 obj_zoul/cc2538-rf.o
                0x0000000000203958                cc2538_rf_err_isr
 .text.udma_init
                0x0000000000203980       0x34 obj_zoul/udma.o
                0x0000000000203980                udma_init
 .text.udma_set_channel_src
                0x00000000002039b4       0x10 obj_zoul/udma.o
                0x00000000002039b4                udma_set_channel_src
 .text.udma_set_channel_dst
                0x00000000002039c4       0x14 obj_zoul/udma.o
                0x00000000002039c4                udma_set_channel_dst
 .text.udma_set_channel_control_word
                0x00000000002039d8       0x14 obj_zoul/udma.o
                0x00000000002039d8                udma_set_channel_control_word
 .text.udma_channel_enable
                0x00000000002039ec       0x18 obj_zoul/udma.o
                0x00000000002039ec                udma_channel_enable
 .text.udma_channel_mask_set
                0x0000000000203a04       0x18 obj_zoul/udma.o
                0x0000000000203a04                udma_channel_mask_set
 .text.udma_channel_sw_request
                0x0000000000203a1c       0x18 obj_zoul/udma.o
                0x0000000000203a1c                udma_channel_sw_request
 .text.udma_channel_get_mode
                0x0000000000203a34       0x1c obj_zoul/udma.o
                0x0000000000203a34                udma_channel_get_mode
 .text.udma_isr
                0x0000000000203a50       0x10 obj_zoul/udma.o
                0x0000000000203a50                udma_isr
 .text.udma_err_isr
                0x0000000000203a60        0xc obj_zoul/udma.o
                0x0000000000203a60                udma_err_isr
 .text.select_32_mhz_xosc
                0x0000000000203a6c       0x2c obj_zoul/lpm.o
 .text.lpm_exit
                0x0000000000203a98       0x34 obj_zoul/lpm.o
                0x0000000000203a98                lpm_exit
 .text.lpm_enter
                0x0000000000203acc       0xb0 obj_zoul/lpm.o
                0x0000000000203acc                lpm_enter
 .text.lpm_register_peripheral
                0x0000000000203b7c       0x20 obj_zoul/lpm.o
                0x0000000000203b7c                lpm_register_peripheral
 .text.lpm_init
                0x0000000000203b9c       0x24 obj_zoul/lpm.o
                0x0000000000203b9c                lpm_init
 .text.pka_isr  0x0000000000203bc0       0x28 obj_zoul/pka.o
                0x0000000000203bc0                pka_isr
 .text.ieee_addr_cpy_to
                0x0000000000203be8       0x74 obj_zoul/ieee-addr.o
                0x0000000000203be8                ieee_addr_cpy_to
 .text.printf   0x0000000000203c5c       0x20 obj_zoul/dbg-printf.o
                0x0000000000203c5c                printf
 .text.fill_space
                0x0000000000203c7c       0x34 obj_zoul/strformat.o
 .text.format_str_v
                0x0000000000203cb0      0x6e8 obj_zoul/strformat.o
                0x0000000000203cb0                format_str_v
 .text.process_thread_ctimer_process
                0x0000000000204398       0x80 obj_zoul/ctimer.o
 .text.ctimer_init
                0x0000000000204418       0x28 obj_zoul/ctimer.o
                0x0000000000204418                ctimer_init
 .text.ctimer_set_with_process
                0x0000000000204440       0x44 obj_zoul/ctimer.o
                0x0000000000204440                ctimer_set_with_process
 .text.ctimer_set
                0x0000000000204484       0x14 obj_zoul/ctimer.o
                0x0000000000204484                ctimer_set
 .text.ctimer_restart
                0x0000000000204498       0x38 obj_zoul/ctimer.o
                0x0000000000204498                ctimer_restart
 .text.ctimer_stop
                0x00000000002044d0       0x2c obj_zoul/ctimer.o
                0x00000000002044d0                ctimer_stop
 .text.update_time
                0x00000000002044fc       0x44 obj_zoul/etimer.o
 .text.etimer_request_poll
                0x0000000000204540        0xc obj_zoul/etimer.o
                0x0000000000204540                etimer_request_poll
 .text.process_thread_etimer_process
                0x000000000020454c       0x94 obj_zoul/etimer.o
 .text.add_timer
                0x00000000002045e0       0x40 obj_zoul/etimer.o
 .text.etimer_pending
                0x0000000000204620       0x10 obj_zoul/etimer.o
                0x0000000000204620                etimer_pending
 .text.etimer_stop
                0x0000000000204630       0x34 obj_zoul/etimer.o
                0x0000000000204630                etimer_stop
 .text.call_process.part.0
                0x0000000000204664       0x38 obj_zoul/process.o
 .text.exit_process
                0x000000000020469c       0x80 obj_zoul/process.o
 .text.do_poll  0x000000000020471c       0x30 obj_zoul/process.o
 .text.process_alloc_event
                0x000000000020474c       0x10 obj_zoul/process.o
                0x000000000020474c                process_alloc_event
 .text.process_exit
                0x000000000020475c        0xc obj_zoul/process.o
                0x000000000020475c                process_exit
 .text.process_init
                0x0000000000204768       0x30 obj_zoul/process.o
                0x0000000000204768                process_init
 .text.process_run
                0x0000000000204798       0x84 obj_zoul/process.o
                0x0000000000204798                process_run
 .text.process_nevents
                0x000000000020481c       0x14 obj_zoul/process.o
                0x000000000020481c                process_nevents
 .text.process_post
                0x0000000000204830       0x3c obj_zoul/process.o
                0x0000000000204830                process_post
 .text.process_post_synch
                0x000000000020486c       0x14 obj_zoul/process.o
                0x000000000020486c                process_post_synch
 .text.process_start
                0x0000000000204880       0x30 obj_zoul/process.o
                0x0000000000204880                process_start
 .text.process_poll
                0x00000000002048b0       0x18 obj_zoul/process.o
                0x00000000002048b0                process_poll
 .text.rtimer_set
                0x00000000002048c8       0x24 obj_zoul/rtimer.o
                0x00000000002048c8                rtimer_set
 .text.rtimer_run_next
                0x00000000002048ec       0x28 obj_zoul/rtimer.o
                0x00000000002048ec                rtimer_run_next
 .text.process_thread_serial_line_process
                0x0000000000204914       0x98 obj_zoul/serial-line.o
 .text.serial_line_input_byte
                0x00000000002049ac       0x44 obj_zoul/serial-line.o
                0x00000000002049ac                serial_line_input_byte
 .text.serial_line_init
                0x00000000002049f0       0x24 obj_zoul/serial-line.o
                0x00000000002049f0                serial_line_init
 .text.process_thread_sensors_process
                0x0000000000204a14       0xd4 obj_zoul/sensors.o
 .text.sensors_changed
                0x0000000000204ae8       0x38 obj_zoul/sensors.o
                0x0000000000204ae8                sensors_changed
 .text.random_rand
                0x0000000000204b20       0x20 obj_zoul/random.o
                0x0000000000204b20                random_rand
 .text.random_init
                0x0000000000204b40       0x78 obj_zoul/random.o
                0x0000000000204b40                random_init
 .text.get_bits_in_byte
                0x0000000000204bb8       0x24 obj_zoul/chameleon-bitopt.o
 .text.set_timers
                0x0000000000204bdc       0x3c obj_zoul/broadcast-announcement.o
 .text.send_timer
                0x0000000000204c18       0x18 obj_zoul/broadcast-announcement.o
 .text.send_adv
                0x0000000000204c30       0x54 obj_zoul/broadcast-announcement.o
 .text.new_announcement
                0x0000000000204c84       0x18 obj_zoul/broadcast-announcement.o
 .text.broadcast_announcement_init
                0x0000000000204c9c       0x34 obj_zoul/broadcast-announcement.o
                0x0000000000204c9c                broadcast_announcement_init
 .text.broadcast_open
                0x0000000000204cd0       0x24 obj_zoul/broadcast.o
                0x0000000000204cd0                broadcast_open
 .text.broadcast_send
                0x0000000000204cf4       0x1c obj_zoul/broadcast.o
                0x0000000000204cf4                broadcast_send
 .text.channel_init
                0x0000000000204d10        0xc obj_zoul/channel.o
                0x0000000000204d10                channel_init
 .text.channel_open
                0x0000000000204d1c       0x10 obj_zoul/channel.o
                0x0000000000204d1c                channel_open
 .text.channel_close
                0x0000000000204d2c        0xc obj_zoul/channel.o
                0x0000000000204d2c                channel_close
 .text.channel_lookup
                0x0000000000204d38       0x20 obj_zoul/channel.o
                0x0000000000204d38                channel_lookup
 .text.runicast_open
                0x0000000000204d58       0x30 obj_zoul/runicast.o
                0x0000000000204d58                runicast_open
 .text.stunicast_open
                0x0000000000204d88       0x14 obj_zoul/stunicast.o
                0x0000000000204d88                stunicast_open
 .text.stunicast_send_stubborn
                0x0000000000204d9c       0x44 obj_zoul/stunicast.o
                0x0000000000204d9c                stunicast_send_stubborn
 .text.chameleon_parse
                0x0000000000204de0       0x1c obj_zoul/chameleon.o
                0x0000000000204de0                chameleon_parse
 .text.chameleon_create
                0x0000000000204dfc       0x20 obj_zoul/chameleon.o
                0x0000000000204dfc                chameleon_create
 .text.chameleon_hdrsize
                0x0000000000204e1c        0xc obj_zoul/chameleon.o
                0x0000000000204e1c                chameleon_hdrsize
 .text.abc_open
                0x0000000000204e28       0x20 obj_zoul/abc.o
                0x0000000000204e28                abc_open
 .text.packet_sent
                0x0000000000204e48       0x34 obj_zoul/rime.o
 .text.input    0x0000000000204e7c       0x34 obj_zoul/rime.o
 .text.rime_output
                0x0000000000204eb0       0x24 obj_zoul/rime.o
                0x0000000000204eb0                rime_output
 .text.recv_from_broadcast
                0x0000000000204ed4       0x2c obj_zoul/unicast.o
 .text.unicast_open
                0x0000000000204f00       0x24 obj_zoul/unicast.o
                0x0000000000204f00                unicast_open
 .text.announcement_init
                0x0000000000204f24        0xc obj_zoul/announcement.o
                0x0000000000204f24                announcement_init
 .text.announcement_register_observer_callback
                0x0000000000204f30        0xc obj_zoul/announcement.o
                0x0000000000204f30                announcement_register_observer_callback
 .text.announcement_list
                0x0000000000204f3c        0xc obj_zoul/announcement.o
                0x0000000000204f3c                announcement_list
 .text.announcement_heard
                0x0000000000204f48       0x38 obj_zoul/announcement.o
                0x0000000000204f48                announcement_heard
 .text.queuebuf_init
                0x0000000000204f80       0x1c obj_zoul/queuebuf.o
                0x0000000000204f80                queuebuf_init
 .text.queuebuf_new_from_packetbuf
                0x0000000000204f9c       0x44 obj_zoul/queuebuf.o
                0x0000000000204f9c                queuebuf_new_from_packetbuf
 .text.queuebuf_free
                0x0000000000204fe0       0x2c obj_zoul/queuebuf.o
                0x0000000000204fe0                queuebuf_free
 .text.queuebuf_to_packetbuf
                0x000000000020500c       0x30 obj_zoul/queuebuf.o
                0x000000000020500c                queuebuf_to_packetbuf
 .text.packetbuf_hdrreduce
                0x000000000020503c       0x2c obj_zoul/packetbuf.o
                0x000000000020503c                packetbuf_hdrreduce
 .text.packetbuf_set_datalen
                0x0000000000205068        0xc obj_zoul/packetbuf.o
                0x0000000000205068                packetbuf_set_datalen
 .text.packetbuf_hdrptr
                0x0000000000205074        0x8 obj_zoul/packetbuf.o
                0x0000000000205074                packetbuf_hdrptr
 .text.packetbuf_datalen
                0x000000000020507c        0xc obj_zoul/packetbuf.o
                0x000000000020507c                packetbuf_datalen
 .text.packetbuf_hdrlen
                0x0000000000205088       0x18 obj_zoul/packetbuf.o
                0x0000000000205088                packetbuf_hdrlen
 .text.packetbuf_compact
                0x00000000002050a0       0x4c obj_zoul/packetbuf.o
                0x00000000002050a0                packetbuf_compact
 .text.packetbuf_dataptr
                0x00000000002050ec       0x10 obj_zoul/packetbuf.o
                0x00000000002050ec                packetbuf_dataptr
 .text.packetbuf_copyto
                0x00000000002050fc       0x40 obj_zoul/packetbuf.o
                0x00000000002050fc                packetbuf_copyto
 .text.packetbuf_totlen
                0x000000000020513c       0x14 obj_zoul/packetbuf.o
                0x000000000020513c                packetbuf_totlen
 .text.packetbuf_hdralloc
                0x0000000000205150       0x3c obj_zoul/packetbuf.o
                0x0000000000205150                packetbuf_hdralloc
 .text.packetbuf_attr_clear
                0x000000000020518c       0x2c obj_zoul/packetbuf.o
                0x000000000020518c                packetbuf_attr_clear
 .text.packetbuf_clear
                0x00000000002051b8       0x20 obj_zoul/packetbuf.o
                0x00000000002051b8                packetbuf_clear
 .text.packetbuf_copyfrom
                0x00000000002051d8       0x2c obj_zoul/packetbuf.o
                0x00000000002051d8                packetbuf_copyfrom
 .text.packetbuf_attr_copyto
                0x0000000000205204       0x2c obj_zoul/packetbuf.o
                0x0000000000205204                packetbuf_attr_copyto
 .text.packetbuf_attr_copyfrom
                0x0000000000205230       0x2c obj_zoul/packetbuf.o
                0x0000000000205230                packetbuf_attr_copyfrom
 .text.packetbuf_set_attr
                0x000000000020525c       0x10 obj_zoul/packetbuf.o
                0x000000000020525c                packetbuf_set_attr
 .text.packetbuf_attr
                0x000000000020526c        0xc obj_zoul/packetbuf.o
                0x000000000020526c                packetbuf_attr
 .text.packetbuf_set_addr
                0x0000000000205278       0x18 obj_zoul/packetbuf.o
                0x0000000000205278                packetbuf_set_addr
 .text.packetbuf_addr
                0x0000000000205290       0x10 obj_zoul/packetbuf.o
                0x0000000000205290                packetbuf_addr
 .text.packetbuf_holds_broadcast
                0x00000000002052a0       0x10 obj_zoul/packetbuf.o
                0x00000000002052a0                packetbuf_holds_broadcast
 .text.netstack_init
                0x00000000002052b0       0x38 obj_zoul/netstack.o
                0x00000000002052b0                netstack_init
 .text.mac_sequence_is_duplicate
                0x00000000002052e8       0x4c obj_zoul/mac-sequence.o
                0x00000000002052e8                mac_sequence_is_duplicate
 .text.mac_sequence_register_seqno
                0x0000000000205334       0x64 obj_zoul/mac-sequence.o
                0x0000000000205334                mac_sequence_register_seqno
 .text.create_frame.isra.0
                0x0000000000205398      0x128 obj_zoul/framer-802154.o
 .text.input_packet
                0x00000000002054c0        0xc obj_zoul/csma.o
 .text.on       0x00000000002054cc        0xc obj_zoul/csma.o
 .text.off      0x00000000002054d8        0xc obj_zoul/csma.o
 .text.channel_check_interval
                0x00000000002054e4       0x10 obj_zoul/csma.o
 .text.transmit_packet_list
                0x00000000002054f4       0x30 obj_zoul/csma.o
 .text.schedule_transmission
                0x0000000000205524       0x4c obj_zoul/csma.o
 .text.send_packet
                0x0000000000205570      0x148 obj_zoul/csma.o
 .text.init     0x00000000002056b8       0x24 obj_zoul/csma.o
 .text.tx_done  0x00000000002056dc       0x88 obj_zoul/csma.o
 .text.frame802154_get_pan_id
                0x0000000000205764        0xc obj_zoul/frame802154.o
                0x0000000000205764                frame802154_get_pan_id
 .text.frame802154_parse
                0x0000000000205770      0x12c obj_zoul/frame802154.o
                0x0000000000205770                frame802154_parse
 .text.init     0x000000000020589c       0x40 obj_zoul/contikimac.o
 .text.on       0x00000000002058dc       0x2c obj_zoul/contikimac.o
 .text.off      0x0000000000205908       0x38 obj_zoul/contikimac.o
 .text.recv_burst_off
                0x0000000000205940       0x14 obj_zoul/contikimac.o
 .text.powercycle_turn_radio_off
                0x0000000000205954       0x1c obj_zoul/contikimac.o
 .text.turn_off
                0x0000000000205970       0x38 obj_zoul/contikimac.o
 .text.turn_on  0x00000000002059a8       0x40 obj_zoul/contikimac.o
 .text.schedule_powercycle_fixed
                0x00000000002059e8       0x34 obj_zoul/contikimac.o
 .text.input_packet
                0x0000000000205a1c       0xa8 obj_zoul/contikimac.o
 .text.send_packet.isra.8
                0x0000000000205ac4      0x1f8 obj_zoul/contikimac.o
 .text.qsend_list
                0x0000000000205cbc       0xd0 obj_zoul/contikimac.o
 .text.powercycle_wrapper
                0x0000000000205d8c      0x1ec obj_zoul/contikimac.o
 .text.hdr_length
                0x0000000000205f78       0x10 obj_zoul/contikimac-framer.o
 .text.parse    0x0000000000205f88       0x38 obj_zoul/contikimac-framer.o
 .text.create   0x0000000000205fc0       0x6c obj_zoul/contikimac-framer.o
 .text.input    0x000000000020602c        0xc obj_zoul/nullsec.o
 .text.send     0x0000000000206038       0x20 obj_zoul/nullsec.o
 .text.process_thread_master_DGHS
                0x0000000000206058       0xd8 example-DGHS.co
 .text.DGHS_interface_control_flags
                0x0000000000206130       0x10 example-DGHS.co
                0x0000000000206130                DGHS_interface_control_flags
 .text.every_neighbor_agrees
                0x0000000000206140       0x38 obj_zoul/neighbor_discovery.o
                0x0000000000206140                every_neighbor_agrees
 .text.print_neighbor_list
                0x0000000000206178       0x4c obj_zoul/neighbor_discovery.o
                0x0000000000206178                print_neighbor_list
 .text.process_thread_master_neighbor_discovery
                0x00000000002061c4      0x120 obj_zoul/DGHS_neighbor_discovery.o
 .text.process_thread_send_neighbor_discovery
                0x00000000002062e4       0xdc obj_zoul/DGHS_neighbor_discovery.o
 .text.timedout_runicast
                0x00000000002063c0       0x18 obj_zoul/DGHS_neighbor_discovery.o
 .text.sent_runicast
                0x00000000002063d8       0x18 obj_zoul/DGHS_neighbor_discovery.o
 .text.recv_runicast
                0x00000000002063f0       0xc8 obj_zoul/DGHS_neighbor_discovery.o
 .text.broadcast_recv
                0x00000000002064b8       0xd0 obj_zoul/DGHS_neighbor_discovery.o
 .text.process_thread_analyze_agreement
                0x0000000000206588       0x74 obj_zoul/DGHS_neighbor_discovery.o
 .text.process_thread_broadcast_control
                0x00000000002065fc      0x110 obj_zoul/DGHS_neighbor_discovery.o
 .text.process_thread_runicast_control
                0x000000000020670c       0xc0 obj_zoul/DGHS_neighbor_discovery.o
 .text.different_fragments
                0x00000000002067cc       0x4c obj_zoul/Gallager_Humblet_Spira.o
                0x00000000002067cc                different_fragments
 .text.is_basic
                0x0000000000206818       0x3c obj_zoul/Gallager_Humblet_Spira.o
                0x0000000000206818                is_basic
 .text.is_branch
                0x0000000000206854       0x3c obj_zoul/Gallager_Humblet_Spira.o
                0x0000000000206854                is_branch
 .text.weight   0x0000000000206890       0x34 obj_zoul/Gallager_Humblet_Spira.o
                0x0000000000206890                weight
 .text.become_branch
                0x00000000002068c4       0x48 obj_zoul/Gallager_Humblet_Spira.o
                0x00000000002068c4                become_branch
 .text.become_rejected
                0x000000000020690c       0x48 obj_zoul/Gallager_Humblet_Spira.o
                0x000000000020690c                become_rejected
 .text.init_SE  0x0000000000206954       0x24 obj_zoul/Gallager_Humblet_Spira.o
                0x0000000000206954                init_SE
 .text.sort_neighbor_list
                0x0000000000206978       0x54 obj_zoul/Gallager_Humblet_Spira.o
                0x0000000000206978                sort_neighbor_list
 .text.process_thread_procedure_wakeup
                0x00000000002069cc      0x12c obj_zoul/DGHS_Gallager_Humblet_Spira.o
 .text.process_thread_send_Gallager_Humblet_Spira
                0x0000000000206af8      0x2a0 obj_zoul/DGHS_Gallager_Humblet_Spira.o
 .text.timedout_runicast
                0x0000000000206d98       0x18 obj_zoul/DGHS_Gallager_Humblet_Spira.o
 .text.sent_runicast
                0x0000000000206db0       0x18 obj_zoul/DGHS_Gallager_Humblet_Spira.o
 .text.recv_runicast
                0x0000000000206dc8      0x280 obj_zoul/DGHS_Gallager_Humblet_Spira.o
 .text.process_thread_response_to_report
                0x0000000000207048      0x218 obj_zoul/DGHS_Gallager_Humblet_Spira.o
 .text.process_thread_response_to_change_root
                0x0000000000207260       0x54 obj_zoul/DGHS_Gallager_Humblet_Spira.o
 .text.process_thread_out_union_evaluation
                0x00000000002072b4      0x130 obj_zoul/DGHS_Gallager_Humblet_Spira.o
 .text.process_thread_in_union_evaluation
                0x00000000002073e4      0x114 obj_zoul/DGHS_Gallager_Humblet_Spira.o
 .text.process_thread_response_to_connect
                0x00000000002074f8      0x1c4 obj_zoul/DGHS_Gallager_Humblet_Spira.o
 .text.process_thread_response_to_accept
                0x00000000002076bc       0xd4 obj_zoul/DGHS_Gallager_Humblet_Spira.o
 .text.process_thread_response_to_initiate
                0x0000000000207790      0x1bc obj_zoul/DGHS_Gallager_Humblet_Spira.o
 .text.process_thread_procedure_test
                0x000000000020794c      0x110 obj_zoul/DGHS_Gallager_Humblet_Spira.o
 .text.process_thread_procedure_report
                0x0000000000207a5c       0xc0 obj_zoul/DGHS_Gallager_Humblet_Spira.o
 .text.process_thread_response_to_reject
                0x0000000000207b1c       0x74 obj_zoul/DGHS_Gallager_Humblet_Spira.o
 .text.process_thread_response_to_test
                0x0000000000207b90      0x220 obj_zoul/DGHS_Gallager_Humblet_Spira.o
 .text.process_thread_procedure_change_root
                0x0000000000207db0       0xe8 obj_zoul/DGHS_Gallager_Humblet_Spira.o
 .text.I_am_the_sink
                0x0000000000207e98       0x20 obj_zoul/Dynamic_Gallager_Humblet_Spira.o
                0x0000000000207e98                I_am_the_sink
 .text.timedout_runicast
                0x0000000000207eb8       0x18 obj_zoul/DGHS_Dynamic_Gallager_Humblet_Spira.o
 .text.sent_runicast
                0x0000000000207ed0       0x18 obj_zoul/DGHS_Dynamic_Gallager_Humblet_Spira.o
 .text.process_thread_start_dynamic_ghs
                0x0000000000207ee8       0xec obj_zoul/DGHS_Dynamic_Gallager_Humblet_Spira.o
 .text.process_thread_response_to_end_ghs
                0x0000000000207fd4       0x80 obj_zoul/DGHS_Dynamic_Gallager_Humblet_Spira.o
 .text.process_thread_response_to_point_to_sink
                0x0000000000208054       0x84 obj_zoul/DGHS_Dynamic_Gallager_Humblet_Spira.o
 .text.recv_runicast
                0x00000000002080d8      0x104 obj_zoul/DGHS_Dynamic_Gallager_Humblet_Spira.o
 .text.process_thread_send_Dynamic_Gallager_Humblet_Spira
                0x00000000002081dc       0xb4 obj_zoul/DGHS_Dynamic_Gallager_Humblet_Spira.o
 .text.process_thread_procedure_retransmit
                0x0000000000208290      0x19c obj_zoul/DGHS_Dynamic_Gallager_Humblet_Spira.o
 .text.process_thread_out_evaluation_dghs
                0x000000000020842c       0xd0 obj_zoul/DGHS_Dynamic_Gallager_Humblet_Spira.o
 .text.process_thread_in_evaluation_dghs
                0x00000000002084fc       0xbc obj_zoul/DGHS_Dynamic_Gallager_Humblet_Spira.o
 .text.process_thread_start_data_collection
                0x00000000002085b8       0x80 obj_zoul/DGHS_Data_Collection.o
 .text.process_thread_out_evaluation_data_collection
                0x0000000000208638       0xc4 obj_zoul/DGHS_Data_Collection.o
 .text.process_thread_in_evaluation_data_collection
                0x00000000002086fc       0xb0 obj_zoul/DGHS_Data_Collection.o
 .text.process_thread_send_Data_Collection
                0x00000000002087ac       0x94 obj_zoul/DGHS_Data_Collection.o
 .text.timedout_runicast
                0x0000000000208840       0x18 obj_zoul/DGHS_Data_Collection.o
 .text.sent_runicast
                0x0000000000208858       0x18 obj_zoul/DGHS_Data_Collection.o
 .text.recv_runicast
                0x0000000000208870       0xe8 obj_zoul/DGHS_Data_Collection.o
 .text          0x0000000000208958      0x370 /usr/lib/gcc/arm-none-eabi/4.9.3/armv7-m/libgcc.a(_arm_addsubdf3.o)
                0x0000000000208958                __aeabi_drsub
                0x0000000000208960                __aeabi_dsub
                0x0000000000208960                __subdf3
                0x0000000000208964                __adddf3
                0x0000000000208964                __aeabi_dadd
                0x0000000000208bdc                __aeabi_ui2d
                0x0000000000208bdc                __floatunsidf
                0x0000000000208bfc                __floatsidf
                0x0000000000208bfc                __aeabi_i2d
                0x0000000000208c20                __extendsfdf2
                0x0000000000208c20                __aeabi_f2d
                0x0000000000208c5c                __aeabi_ul2d
                0x0000000000208c5c                __floatundidf
                0x0000000000208c6c                __floatdidf
                0x0000000000208c6c                __aeabi_l2d
 .text          0x0000000000208cc8      0x424 /usr/lib/gcc/arm-none-eabi/4.9.3/armv7-m/libgcc.a(_arm_muldivdf3.o)
                0x0000000000208cc8                __aeabi_dmul
                0x0000000000208cc8                __muldf3
                0x0000000000208f1c                __aeabi_ddiv
                0x0000000000208f1c                __divdf3
 .text          0x00000000002090ec       0xa0 /usr/lib/gcc/arm-none-eabi/4.9.3/armv7-m/libgcc.a(_arm_truncdfsf2.o)
                0x00000000002090ec                __aeabi_d2f
                0x00000000002090ec                __truncdfsf2
 .text          0x000000000020918c      0x21c /usr/lib/gcc/arm-none-eabi/4.9.3/armv7-m/libgcc.a(_arm_addsubsf3.o)
                0x000000000020918c                __aeabi_frsub
                0x0000000000209194                __subsf3
                0x0000000000209194                __aeabi_fsub
                0x0000000000209198                __aeabi_fadd
                0x0000000000209198                __addsf3
                0x00000000002092f8                __aeabi_ui2f
                0x00000000002092f8                __floatunsisf
                0x0000000000209300                __aeabi_i2f
                0x0000000000209300                __floatsisf
                0x000000000020931c                __floatundisf
                0x000000000020931c                __aeabi_ul2f
                0x000000000020932c                __floatdisf
                0x000000000020932c                __aeabi_l2f
 .text          0x00000000002093a8      0x2a0 /usr/lib/gcc/arm-none-eabi/4.9.3/armv7-m/libgcc.a(_arm_muldivsf3.o)
                0x00000000002093a8                __mulsf3
                0x00000000002093a8                __aeabi_fmul
                0x0000000000209510                __divsf3
                0x0000000000209510                __aeabi_fdiv
 .text          0x0000000000209648       0x4c /usr/lib/gcc/arm-none-eabi/4.9.3/armv7-m/libgcc.a(_arm_fixsfsi.o)
                0x0000000000209648                __fixsfsi
                0x0000000000209648                __aeabi_f2iz
 .text          0x0000000000209694       0x40 /usr/lib/gcc/arm-none-eabi/4.9.3/armv7-m/libgcc.a(_arm_fixunssfsi.o)
                0x0000000000209694                __aeabi_f2uiz
                0x0000000000209694                __fixunssfsi
 .text          0x00000000002096d4       0x30 /usr/lib/gcc/arm-none-eabi/4.9.3/armv7-m/libgcc.a(_aeabi_uldivmod.o)
                0x00000000002096d4                __aeabi_uldivmod
 .text          0x0000000000209704       0x60 /usr/lib/gcc/arm-none-eabi/4.9.3/armv7-m/libgcc.a(bpabi.o)
                0x0000000000209704                __gnu_ldivmod_helper
                0x0000000000209734                __gnu_uldivmod_helper
 .text          0x0000000000209764        0x4 /usr/lib/gcc/arm-none-eabi/4.9.3/armv7-m/libgcc.a(_dvmd_tls.o)
                0x0000000000209764                __aeabi_ldiv0
                0x0000000000209764                __aeabi_idiv0
 .text          0x0000000000209768      0x2ac /usr/lib/gcc/arm-none-eabi/4.9.3/armv7-m/libgcc.a(_divdi3.o)
                0x0000000000209768                __divdi3
 .text          0x0000000000209a14      0x270 /usr/lib/gcc/arm-none-eabi/4.9.3/armv7-m/libgcc.a(_udivdi3.o)
                0x0000000000209a14                __udivdi3
 .text.memcmp   0x0000000000209c84       0x64 /usr/lib/gcc/arm-none-eabi/4.9.3/../../../arm-none-eabi/lib/armv7-m/libc.a(lib_a-memcmp.o)
                0x0000000000209c84                memcmp
 .text          0x0000000000209ce8       0xec /usr/lib/gcc/arm-none-eabi/4.9.3/../../../arm-none-eabi/lib/armv7-m/libc.a(lib_a-memcpy.o)
                0x0000000000209ce8                memcpy
 .text.memset   0x0000000000209dd4       0x9c /usr/lib/gcc/arm-none-eabi/4.9.3/../../../arm-none-eabi/lib/armv7-m/libc.a(lib_a-memset.o)
                0x0000000000209dd4                memset
 .text.default_handler
                0x0000000000209e70        0x2 obj_zoul/startup-gcc.o
                0x0000000000209e70                default_handler
 .text.nmi_handler
                0x0000000000209e72        0x6 obj_zoul/startup-gcc.o
                0x0000000000209e72                nmi_handler
 .text.fade     0x0000000000209e78       0x54 obj_zoul/contiki-main.o
 .text.board_init
                0x0000000000209ecc        0x4 obj_zoul/board.o
                0x0000000000209ecc                board_init
 .text.clock_isr
                0x0000000000209ed0        0x4 obj_zoul/clock.o
                0x0000000000209ed0                clock_isr
 .text.rtimer_arch_init
                0x0000000000209ed4        0x2 obj_zoul/rtimer-arch.o
                0x0000000000209ed4                rtimer_arch_init
 .text.uart0_isr
                0x0000000000209ed6        0x6 obj_zoul/uart.o
                0x0000000000209ed6                uart0_isr
 .text.uart1_isr
                0x0000000000209edc        0x6 obj_zoul/uart.o
                0x0000000000209edc                uart1_isr
 .text.gpio_port_a_isr
                0x0000000000209ee2        0x6 obj_zoul/gpio.o
                0x0000000000209ee2                gpio_port_a_isr
 .text.gpio_port_b_isr
                0x0000000000209ee8        0x6 obj_zoul/gpio.o
                0x0000000000209ee8                gpio_port_b_isr
 .text.gpio_port_c_isr
                0x0000000000209eee        0x6 obj_zoul/gpio.o
                0x0000000000209eee                gpio_port_c_isr
 .text.gpio_port_d_isr
                0x0000000000209ef4        0x6 obj_zoul/gpio.o
                0x0000000000209ef4                gpio_port_d_isr
 .text.send     0x0000000000209efa       0x12 obj_zoul/cc2538-rf.o
 .text.putchar  0x0000000000209f0c       0x10 obj_zoul/dbg.o
                0x0000000000209f0c                putchar
 .text.dbg_send_bytes
                0x0000000000209f1c       0x20 obj_zoul/dbg.o
                0x0000000000209f1c                dbg_send_bytes
 .text.puts     0x0000000000209f3c       0x20 obj_zoul/dbg.o
                0x0000000000209f3c                puts
 .text.configure
                0x0000000000209f5c        0x4 obj_zoul/cc2538-temp-sensor.o
 .text.status   0x0000000000209f60        0x4 obj_zoul/cc2538-temp-sensor.o
 .text.value    0x0000000000209f64       0x34 obj_zoul/cc2538-temp-sensor.o
 .text.configure
                0x0000000000209f98        0x4 obj_zoul/vdd3-sensor.o
 .text.status   0x0000000000209f9c        0x4 obj_zoul/vdd3-sensor.o
 .text.value    0x0000000000209fa0       0x2a obj_zoul/vdd3-sensor.o
 .text.write_str
                0x0000000000209fca       0x10 obj_zoul/dbg-printf.o
 .text.autostart_start
                0x0000000000209fda       0x14 obj_zoul/autostart.o
                0x0000000000209fda                autostart_start
 .text.energest_init
                0x0000000000209fee        0x2 obj_zoul/energest.o
                0x0000000000209fee                energest_init
 .text.etimer_set
                0x0000000000209ff0       0x12 obj_zoul/etimer.o
                0x0000000000209ff0                etimer_set
 .text.etimer_restart
                0x000000000020a002       0x12 obj_zoul/etimer.o
                0x000000000020a002                etimer_restart
 .text.etimer_expired
                0x000000000020a014        0xa obj_zoul/etimer.o
                0x000000000020a014                etimer_expired
 .text.call_process
                0x000000000020a01e        0xc obj_zoul/process.o
 .text.rtimer_init
                0x000000000020a02a        0x4 obj_zoul/rtimer.o
                0x000000000020a02a                rtimer_init
 .text.timer_set
                0x000000000020a02e        0xe obj_zoul/timer.o
                0x000000000020a02e                timer_set
 .text.timer_restart
                0x000000000020a03c        0xc obj_zoul/timer.o
                0x000000000020a03c                timer_restart
 .text.timer_expired
                0x000000000020a048       0x1c obj_zoul/timer.o
                0x000000000020a048                timer_expired
 .text.list_init
                0x000000000020a064        0x6 obj_zoul/list.o
                0x000000000020a064                list_init
 .text.list_head
                0x000000000020a06a        0x4 obj_zoul/list.o
                0x000000000020a06a                list_head
 .text.list_tail
                0x000000000020a06e       0x10 obj_zoul/list.o
                0x000000000020a06e                list_tail
 .text.list_chop
                0x000000000020a07e       0x1e obj_zoul/list.o
                0x000000000020a07e                list_chop
 .text.list_remove
                0x000000000020a09c       0x28 obj_zoul/list.o
                0x000000000020a09c                list_remove
 .text.list_add
                0x000000000020a0c4       0x1e obj_zoul/list.o
                0x000000000020a0c4                list_add
 .text.list_push
                0x000000000020a0e2       0x12 obj_zoul/list.o
                0x000000000020a0e2                list_push
 .text.list_length
                0x000000000020a0f4        0xe obj_zoul/list.o
                0x000000000020a0f4                list_length
 .text.list_item_next
                0x000000000020a102        0x6 obj_zoul/list.o
                0x000000000020a102                list_item_next
 .text.memb_init
                0x000000000020a108       0x20 obj_zoul/memb.o
                0x000000000020a108                memb_init
 .text.memb_alloc
                0x000000000020a128       0x28 obj_zoul/memb.o
                0x000000000020a128                memb_alloc
 .text.memb_free
                0x000000000020a150       0x2c obj_zoul/memb.o
                0x000000000020a150                memb_free
 .text.memb_inmemb
                0x000000000020a17c       0x1c obj_zoul/memb.o
                0x000000000020a17c                memb_inmemb
 .text.ringbuf_init
                0x000000000020a198        0xe obj_zoul/ringbuf.o
                0x000000000020a198                ringbuf_init
 .text.ringbuf_put
                0x000000000020a1a6       0x28 obj_zoul/ringbuf.o
                0x000000000020a1a6                ringbuf_put
 .text.ringbuf_get
                0x000000000020a1ce       0x20 obj_zoul/ringbuf.o
                0x000000000020a1ce                ringbuf_get
 .text.header_size
                0x000000000020a1ee       0x16 obj_zoul/chameleon-bitopt.o
 .text.get_bits
                0x000000000020a204       0x74 obj_zoul/chameleon-bitopt.o
                0x000000000020a204                get_bits
 .text.unpack_header
                0x000000000020a278       0xa6 obj_zoul/chameleon-bitopt.o
 .text.set_bits
                0x000000000020a31e       0xa0 obj_zoul/chameleon-bitopt.o
                0x000000000020a31e                set_bits
 .text.pack_header
                0x000000000020a3be       0x8a obj_zoul/chameleon-bitopt.o
 .text.adv_packet_sent
                0x000000000020a448        0x2 obj_zoul/broadcast-announcement.o
 .text.adv_packet_received
                0x000000000020a44a       0x44 obj_zoul/broadcast-announcement.o
 .text.sent_by_abc
                0x000000000020a48e        0xa obj_zoul/broadcast.o
 .text.recv_from_abc
                0x000000000020a498       0x22 obj_zoul/broadcast.o
 .text.broadcast_close
                0x000000000020a4ba        0x4 obj_zoul/broadcast.o
                0x000000000020a4ba                broadcast_close
 .text.channel_set_attributes
                0x000000000020a4be       0x18 obj_zoul/channel.o
                0x000000000020a4be                channel_set_attributes
 .text.recv_from_stunicast
                0x000000000020a4d6       0xa0 obj_zoul/runicast.o
 .text.sent_by_stunicast
                0x000000000020a576       0x52 obj_zoul/runicast.o
 .text.runicast_close
                0x000000000020a5c8        0x4 obj_zoul/runicast.o
                0x000000000020a5c8                runicast_close
 .text.runicast_is_transmitting
                0x000000000020a5cc        0x6 obj_zoul/runicast.o
                0x000000000020a5cc                runicast_is_transmitting
 .text.runicast_send
                0x000000000020a5d2       0x54 obj_zoul/runicast.o
                0x000000000020a5d2                runicast_send
 .text.recv_from_uc
                0x000000000020a626        0xa obj_zoul/stunicast.o
 .text.sent_by_uc
                0x000000000020a630        0xa obj_zoul/stunicast.o
 .text.send     0x000000000020a63a       0x24 obj_zoul/stunicast.o
 .text.stunicast_receiver
                0x000000000020a65e        0x4 obj_zoul/stunicast.o
                0x000000000020a65e                stunicast_receiver
 .text.stunicast_send
                0x000000000020a662        0x4 obj_zoul/stunicast.o
                0x000000000020a662                stunicast_send
 .text.stunicast_cancel
                0x000000000020a666       0x18 obj_zoul/stunicast.o
                0x000000000020a666                stunicast_cancel
 .text.stunicast_close
                0x000000000020a67e       0x12 obj_zoul/stunicast.o
                0x000000000020a67e                stunicast_close
 .text.chameleon_init
                0x000000000020a690        0x4 obj_zoul/chameleon.o
                0x000000000020a690                chameleon_init
 .text.abc_close
                0x000000000020a694        0x4 obj_zoul/abc.o
                0x000000000020a694                abc_close
 .text.abc_send
                0x000000000020a698        0x4 obj_zoul/abc.o
                0x000000000020a698                abc_send
 .text.abc_input
                0x000000000020a69c        0xa obj_zoul/abc.o
                0x000000000020a69c                abc_input
 .text.abc_sent
                0x000000000020a6a6        0xa obj_zoul/abc.o
                0x000000000020a6a6                abc_sent
 .text.init     0x000000000020a6b0       0x28 obj_zoul/rime.o
 .text.sent_by_broadcast
                0x000000000020a6d8        0xa obj_zoul/unicast.o
 .text.unicast_close
                0x000000000020a6e2        0x4 obj_zoul/unicast.o
                0x000000000020a6e2                unicast_close
 .text.unicast_send
                0x000000000020a6e6       0x14 obj_zoul/unicast.o
                0x000000000020a6e6                unicast_send
 .text.svcall_handler
                0x000000000020a6fa       0x1e obj_zoul/mtarch.o
                0x000000000020a6fa                svcall_handler
 .text.pendsv_handler
                0x000000000020a718       0x18 obj_zoul/mtarch.o
                0x000000000020a718                pendsv_handler
 .text.queuebuf_update_attr_from_packetbuf
                0x000000000020a730        0xc obj_zoul/queuebuf.o
                0x000000000020a730                queuebuf_update_attr_from_packetbuf
 .text.queuebuf_update_from_packetbuf
                0x000000000020a73c       0x1c obj_zoul/queuebuf.o
                0x000000000020a73c                queuebuf_update_from_packetbuf
 .text.queuebuf_attr
                0x000000000020a758        0xc obj_zoul/queuebuf.o
                0x000000000020a758                queuebuf_attr
 .text.linkaddr_copy
                0x000000000020a764        0x6 obj_zoul/linkaddr.o
                0x000000000020a764                linkaddr_copy
 .text.linkaddr_cmp
                0x000000000020a76a       0x10 obj_zoul/linkaddr.o
                0x000000000020a76a                linkaddr_cmp
 .text.parse    0x000000000020a77a       0x9e obj_zoul/framer-802154.o
 .text.create   0x000000000020a818        0x6 obj_zoul/framer-802154.o
 .text.hdr_length
                0x000000000020a81e        0x6 obj_zoul/framer-802154.o
 .text.packet_sent
                0x000000000020a824       0xca obj_zoul/csma.o
 .text.frame802154_has_panid
                0x000000000020a8ee       0xb0 obj_zoul/frame802154.o
                0x000000000020a8ee                frame802154_has_panid
 .text.field_len
                0x000000000020a99e       0x84 obj_zoul/frame802154.o
 .text.frame802154_is_broadcast_addr
                0x000000000020aa22       0x1e obj_zoul/frame802154.o
                0x000000000020aa22                frame802154_is_broadcast_addr
 .text.frame802154_hdrlen
                0x000000000020aa40       0x32 obj_zoul/frame802154.o
                0x000000000020aa40                frame802154_hdrlen
 .text.frame802154_create_fcf
                0x000000000020aa72       0x62 obj_zoul/frame802154.o
                0x000000000020aa72                frame802154_create_fcf
 .text.frame802154_create
                0x000000000020aad4       0x92 obj_zoul/frame802154.o
                0x000000000020aad4                frame802154_create
 .text.frame802154_parse_fcf
                0x000000000020ab66       0x40 obj_zoul/frame802154.o
                0x000000000020ab66                frame802154_parse_fcf
 .text.mac_call_sent_callback
                0x000000000020aba6       0x16 obj_zoul/mac.o
                0x000000000020aba6                mac_call_sent_callback
 .text.duty_cycle
                0x000000000020abbc        0x4 obj_zoul/contikimac.o
 .text.qsend_packet
                0x000000000020abc0       0x22 obj_zoul/contikimac.o
 .text.init     0x000000000020abe2        0x2 obj_zoul/nullsec.o
 .text.fill_broadcast_msg
                0x000000000020abe4        0x6 obj_zoul/neighbor_discovery.o
                0x000000000020abe4                fill_broadcast_msg
 .text.fill_runicast_msg
                0x000000000020abea        0x6 obj_zoul/neighbor_discovery.o
                0x000000000020abea                fill_runicast_msg
 .text.fill_connect_msg
                0x000000000020abf0       0x18 obj_zoul/Gallager_Humblet_Spira.o
                0x000000000020abf0                fill_connect_msg
 .text.fill_initiate_msg
                0x000000000020ac08       0x2c obj_zoul/Gallager_Humblet_Spira.o
                0x000000000020ac08                fill_initiate_msg
 .text.fill_test_msg
                0x000000000020ac34       0x26 obj_zoul/Gallager_Humblet_Spira.o
                0x000000000020ac34                fill_test_msg
 .text.fill_report_msg
                0x000000000020ac5a       0x18 obj_zoul/Gallager_Humblet_Spira.o
                0x000000000020ac5a                fill_report_msg
 .text.fill_accept_msg
                0x000000000020ac72       0x16 obj_zoul/Gallager_Humblet_Spira.o
                0x000000000020ac72                fill_accept_msg
 .text.fill_reject_msg
                0x000000000020ac88       0x16 obj_zoul/Gallager_Humblet_Spira.o
                0x000000000020ac88                fill_reject_msg
 .text.fill_change_root_msg
                0x000000000020ac9e       0x16 obj_zoul/Gallager_Humblet_Spira.o
                0x000000000020ac9e                fill_change_root_msg
 .text.fill_fragment_name
                0x000000000020acb4       0x32 obj_zoul/Gallager_Humblet_Spira.o
                0x000000000020acb4                fill_fragment_name
 .text.change_positions
                0x000000000020ace6       0x2c obj_zoul/Gallager_Humblet_Spira.o
                0x000000000020ace6                change_positions
 .text.fill_end_ghs_msg
                0x000000000020ad12       0x16 obj_zoul/Dynamic_Gallager_Humblet_Spira.o
                0x000000000020ad12                fill_end_ghs_msg
 .text.fill_point_to_sink_msg
                0x000000000020ad28       0x16 obj_zoul/Dynamic_Gallager_Humblet_Spira.o
                0x000000000020ad28                fill_point_to_sink_msg
 .text.fill_data_collection
                0x000000000020ad3e       0x2c obj_zoul/Data_Collection.o
                0x000000000020ad3e                fill_data_collection
 *(SORT(.rodata*))
 *fill*         0x000000000020ad6a        0x2 00000000
 .rodata.button_sensor
                0x000000000020ad6c       0x10 obj_zoul/button-sensor.o
                0x000000000020ad6c                button_sensor
 .rodata.uart_regs
                0x000000000020ad7c       0x58 obj_zoul/uart.o
 .rodata.reset_cause.5159
                0x000000000020add4       0x10 obj_zoul/sys-ctrl.o
 .rodata.output_power
                0x000000000020ade4       0x70 obj_zoul/cc2538-rf.o
 .rodata.cc2538_rf_driver
                0x000000000020ae54       0x38 obj_zoul/cc2538-rf.o
                0x000000000020ae54                cc2538_rf_driver
 .rodata.cc2538_temp_sensor
                0x000000000020ae8c       0x10 obj_zoul/cc2538-temp-sensor.o
                0x000000000020ae8c                cc2538_temp_sensor
 .rodata.vdd3_sensor
                0x000000000020ae9c       0x10 obj_zoul/vdd3-sensor.o
                0x000000000020ae9c                vdd3_sensor
 .rodata.chameleon_bitopt
                0x000000000020aeac        0xc obj_zoul/chameleon-bitopt.o
                0x000000000020aeac                chameleon_bitopt
 .rodata.broadcast_callbacks
                0x000000000020aeb8        0x8 obj_zoul/broadcast-announcement.o
 .rodata.broadcast
                0x000000000020aec0        0x8 obj_zoul/broadcast.o
 .rodata.runicast
                0x000000000020aec8        0x8 obj_zoul/runicast.o
 .rodata.stunicast
                0x000000000020aed0        0x8 obj_zoul/stunicast.o
 .rodata.rime_driver
                0x000000000020aed8        0xc obj_zoul/rime.o
                0x000000000020aed8                rime_driver
 .rodata.uc     0x000000000020aee4        0x8 obj_zoul/unicast.o
 .rodata.framer_802154
                0x000000000020aeec        0xc obj_zoul/framer-802154.o
                0x000000000020aeec                framer_802154
 .rodata.csma_driver
                0x000000000020aef8       0x1c obj_zoul/csma.o
                0x000000000020aef8                csma_driver
 .rodata.contikimac_driver
                0x000000000020af14       0x20 obj_zoul/contikimac.o
                0x000000000020af14                contikimac_driver
 .rodata.contikimac_framer
                0x000000000020af34        0xc obj_zoul/contikimac-framer.o
                0x000000000020af34                contikimac_framer
 .rodata.nullsec_driver
                0x000000000020af40       0x10 obj_zoul/nullsec.o
                0x000000000020af40                nullsec_driver
 .rodata.autostart_processes
                0x000000000020af50       0x74 example-DGHS.co
                0x000000000020af50                autostart_processes
 .rodata.broadcast_call
                0x000000000020afc4        0x8 obj_zoul/DGHS_neighbor_discovery.o
 .rodata.runicast_callbacks
                0x000000000020afcc        0xc obj_zoul/DGHS_neighbor_discovery.o
 .rodata.runicast_callbacks
                0x000000000020afd8        0xc obj_zoul/DGHS_Gallager_Humblet_Spira.o
 .rodata.runicast_callbacks
                0x000000000020afe4        0xc obj_zoul/DGHS_Dynamic_Gallager_Humblet_Spira.o
 .rodata.runicast_callbacks
                0x000000000020aff0        0xc obj_zoul/DGHS_Data_Collection.o
 .rodata.linkaddr_null
                0x000000000020affc        0x2 obj_zoul/linkaddr.o
                0x000000000020affc                linkaddr_null
 .rodata.str1.1
                0x000000000020affe       0x70 obj_zoul/contiki-main.o
 .rodata.str1.1
                0x000000000020b06e        0x7 obj_zoul/button-sensor.o
 .rodata.str1.1
                0x000000000020b075       0x94 obj_zoul/soc.o
 .rodata.str1.1
                0x000000000020b109       0x2d obj_zoul/sys-ctrl.o
 .rodata.str1.1
                0x000000000020b136       0x11 obj_zoul/cc2538-rf.o
 .rodata.str1.1
                0x000000000020b147       0x14 obj_zoul/cc2538-temp-sensor.o
 .rodata.str1.1
                0x000000000020b15b        0x5 obj_zoul/vdd3-sensor.o
 .rodata.buffer.4159
                0x000000000020b160       0x10 obj_zoul/strformat.o
 .rodata.str1.1
                0x000000000020b170       0x33 obj_zoul/strformat.o
                                         0x37 (size before relaxing)
 .rodata.buffer.4150
                0x000000000020b1a3       0x10 obj_zoul/strformat.o
 .rodata.str1.1
                0x000000000020b1b3        0xf obj_zoul/ctimer.o
 .rodata.str1.1
                0x000000000020b1c2        0xc obj_zoul/etimer.o
 .rodata.str1.1
                0x000000000020b1ce        0xe obj_zoul/serial-line.o
 .rodata.str1.1
                0x000000000020b1dc        0x8 obj_zoul/sensors.o
 .rodata.bitmask
                0x000000000020b1e4        0x9 obj_zoul/chameleon-bitopt.o
 .rodata.attributes
                0x000000000020b1ed        0x4 obj_zoul/broadcast.o
 .rodata.attributes
                0x000000000020b1f1        0xc obj_zoul/runicast.o
 .rodata.attributes
                0x000000000020b1fd        0x2 obj_zoul/abc.o
 .rodata.str1.1
                0x000000000020b1ff        0x5 obj_zoul/rime.o
 .rodata.attributes
                0x000000000020b204        0x6 obj_zoul/unicast.o
 .rodata.str1.1
                0x000000000020b20a        0x5 obj_zoul/csma.o
 .rodata.str1.1
                0x000000000020b20f        0xb obj_zoul/contikimac.o
 .rodata.str1.1
                0x000000000020b21a        0x8 obj_zoul/nullsec.o
 .rodata.str1.1
                0x000000000020b222       0x29 example-DGHS.co
 .rodata.str1.1
                0x000000000020b24b       0x5d obj_zoul/neighbor_discovery.o
 .rodata.str1.1
                0x000000000020b2a8      0x2af obj_zoul/DGHS_neighbor_discovery.o
 .rodata.str1.1
                0x000000000020b557      0x254 obj_zoul/Gallager_Humblet_Spira.o
                                        0x278 (size before relaxing)
 .rodata.str1.1
                0x000000000020b7ab      0xc87 obj_zoul/DGHS_Gallager_Humblet_Spira.o
                                        0xc98 (size before relaxing)
 .rodata.str1.1
                0x000000000020c432        0xe obj_zoul/Dynamic_Gallager_Humblet_Spira.o
 .rodata.str1.1
                0x000000000020c440      0x36d obj_zoul/DGHS_Dynamic_Gallager_Humblet_Spira.o
                                        0x3fa (size before relaxing)
 .rodata.str1.1
                0x000000000020c7ad      0x31c obj_zoul/DGHS_Data_Collection.o
                                        0x428 (size before relaxing)
                0x000000000020cac9                _etext = .

.glue_7         0x000000000020cacc        0x0
 .glue_7        0x000000000020cacc        0x0 linker stubs

.glue_7t        0x000000000020cacc        0x0
 .glue_7t       0x000000000020cacc        0x0 linker stubs

.vfp11_veneer   0x000000000020cacc        0x0
 .vfp11_veneer  0x000000000020cacc        0x0 linker stubs

.v4_bx          0x000000000020cacc        0x0
 .v4_bx         0x000000000020cacc        0x0 linker stubs

.iplt           0x000000000020cacc        0x0
 .iplt          0x000000000020cacc        0x0 obj_zoul/startup-gcc.o

.socdata        0x0000000020004000       0x40
 *(SORT(.udma_channel_control_table))
 .udma_channel_control_table
                0x0000000020004000       0x40 obj_zoul/udma.o

.data           0x0000000020004040      0x338 load address 0x000000000020cacc
                0x0000000020004040                _data = .
 *(SORT(.data*))
 .data.sensors  0x0000000020004040       0x10 obj_zoul/zoul-sensors.o
                0x0000000020004040                sensors
 .data.cc2538_rf_process
                0x0000000020004050       0x10 obj_zoul/cc2538-rf.o
                0x0000000020004050                cc2538_rf_process
 .data.ctxt     0x0000000020004060        0x8 obj_zoul/dbg-printf.o
 .data.ctimer_process
                0x0000000020004068       0x10 obj_zoul/ctimer.o
                0x0000000020004068                ctimer_process
 .data.etimer_process
                0x0000000020004078       0x10 obj_zoul/etimer.o
                0x0000000020004078                etimer_process
 .data.serial_line_process
                0x0000000020004088       0x10 obj_zoul/serial-line.o
                0x0000000020004088                serial_line_process
 .data.sensors_process
                0x0000000020004098       0x10 obj_zoul/sensors.o
                0x0000000020004098                sensors_process
 .data.bufmem   0x00000000200040a8        0xc obj_zoul/queuebuf.o
 .data.buframmem
                0x00000000200040b4        0xc obj_zoul/queuebuf.o
 .data.metadata_memb
                0x00000000200040c0        0xc obj_zoul/csma.o
 .data.neighbor_memb
                0x00000000200040cc        0xc obj_zoul/csma.o
 .data.packet_memb
                0x00000000200040d8        0xc obj_zoul/csma.o
 .data.master_DGHS
                0x00000000200040e4       0x10 example-DGHS.co
                0x00000000200040e4                master_DGHS
 .data.broadcast_control
                0x00000000200040f4       0x10 obj_zoul/DGHS_neighbor_discovery.o
                0x00000000200040f4                broadcast_control
 .data.master_neighbor_discovery
                0x0000000020004104       0x10 obj_zoul/DGHS_neighbor_discovery.o
                0x0000000020004104                master_neighbor_discovery
 .data.analyze_agreement
                0x0000000020004114       0x10 obj_zoul/DGHS_neighbor_discovery.o
                0x0000000020004114                analyze_agreement
 .data.neighbors_memb
                0x0000000020004124        0xc obj_zoul/DGHS_neighbor_discovery.o
 .data.history_mem_1
                0x0000000020004130        0xc obj_zoul/DGHS_neighbor_discovery.o
 .data.send_neighbor_discovery
                0x000000002000413c       0x10 obj_zoul/DGHS_neighbor_discovery.o
                0x000000002000413c                send_neighbor_discovery
 .data.runicast_agreement_memb
                0x000000002000414c        0xc obj_zoul/DGHS_neighbor_discovery.o
 .data.runicast_control
                0x0000000020004158       0x10 obj_zoul/DGHS_neighbor_discovery.o
                0x0000000020004158                runicast_control
 .data.history_mem_2
                0x0000000020004168        0xc obj_zoul/DGHS_Gallager_Humblet_Spira.o
 .data.procedure_report
                0x0000000020004174       0x10 obj_zoul/DGHS_Gallager_Humblet_Spira.o
                0x0000000020004174                procedure_report
 .data.response_to_reject
                0x0000000020004184       0x10 obj_zoul/DGHS_Gallager_Humblet_Spira.o
                0x0000000020004184                response_to_reject
 .data.procedure_change_root
                0x0000000020004194       0x10 obj_zoul/DGHS_Gallager_Humblet_Spira.o
                0x0000000020004194                procedure_change_root
 .data.response_to_accept
                0x00000000200041a4       0x10 obj_zoul/DGHS_Gallager_Humblet_Spira.o
                0x00000000200041a4                response_to_accept
 .data.response_to_report
                0x00000000200041b4       0x10 obj_zoul/DGHS_Gallager_Humblet_Spira.o
                0x00000000200041b4                response_to_report
 .data.in_union_evaluation
                0x00000000200041c4       0x10 obj_zoul/DGHS_Gallager_Humblet_Spira.o
                0x00000000200041c4                in_union_evaluation
 .data.response_to_initiate
                0x00000000200041d4       0x10 obj_zoul/DGHS_Gallager_Humblet_Spira.o
                0x00000000200041d4                response_to_initiate
 .data.response_to_test
                0x00000000200041e4       0x10 obj_zoul/DGHS_Gallager_Humblet_Spira.o
                0x00000000200041e4                response_to_test
 .data.out_union_evaluation
                0x00000000200041f4       0x10 obj_zoul/DGHS_Gallager_Humblet_Spira.o
                0x00000000200041f4                out_union_evaluation
 .data.response_to_connect
                0x0000000020004204       0x10 obj_zoul/DGHS_Gallager_Humblet_Spira.o
                0x0000000020004204                response_to_connect
 .data.procedure_test
                0x0000000020004214       0x10 obj_zoul/DGHS_Gallager_Humblet_Spira.o
                0x0000000020004214                procedure_test
 .data.response_to_change_root
                0x0000000020004224       0x10 obj_zoul/DGHS_Gallager_Humblet_Spira.o
                0x0000000020004224                response_to_change_root
 .data.in_union_mem
                0x0000000020004234        0xc obj_zoul/DGHS_Gallager_Humblet_Spira.o
 .data.procedure_wakeup
                0x0000000020004240       0x10 obj_zoul/DGHS_Gallager_Humblet_Spira.o
                0x0000000020004240                procedure_wakeup
 .data.send_Gallager_Humblet_Spira
                0x0000000020004250       0x10 obj_zoul/DGHS_Gallager_Humblet_Spira.o
                0x0000000020004250                send_Gallager_Humblet_Spira
 .data.out_union_mem
                0x0000000020004260        0xc obj_zoul/DGHS_Gallager_Humblet_Spira.o
 .data.start_dynamic_ghs
                0x000000002000426c       0x10 obj_zoul/DGHS_Dynamic_Gallager_Humblet_Spira.o
                0x000000002000426c                start_dynamic_ghs
 .data.procedure_retransmit
                0x000000002000427c       0x10 obj_zoul/DGHS_Dynamic_Gallager_Humblet_Spira.o
                0x000000002000427c                procedure_retransmit
 .data.send_Dynamic_Gallager_Humblet_Spira
                0x000000002000428c       0x10 obj_zoul/DGHS_Dynamic_Gallager_Humblet_Spira.o
                0x000000002000428c                send_Dynamic_Gallager_Humblet_Spira
 .data.in_union_mem
                0x000000002000429c        0xc obj_zoul/DGHS_Dynamic_Gallager_Humblet_Spira.o
 .data.out_evaluation_dghs
                0x00000000200042a8       0x10 obj_zoul/DGHS_Dynamic_Gallager_Humblet_Spira.o
                0x00000000200042a8                out_evaluation_dghs
 .data.in_evaluation_dghs
                0x00000000200042b8       0x10 obj_zoul/DGHS_Dynamic_Gallager_Humblet_Spira.o
                0x00000000200042b8                in_evaluation_dghs
 .data.out_union_mem
                0x00000000200042c8        0xc obj_zoul/DGHS_Dynamic_Gallager_Humblet_Spira.o
 .data.response_to_point_to_sink
                0x00000000200042d4       0x10 obj_zoul/DGHS_Dynamic_Gallager_Humblet_Spira.o
                0x00000000200042d4                response_to_point_to_sink
 .data.response_to_end_ghs
                0x00000000200042e4       0x10 obj_zoul/DGHS_Dynamic_Gallager_Humblet_Spira.o
                0x00000000200042e4                response_to_end_ghs
 .data.history_mem_3
                0x00000000200042f4        0xc obj_zoul/DGHS_Dynamic_Gallager_Humblet_Spira.o
 .data.send_Data_Collection
                0x0000000020004300       0x10 obj_zoul/DGHS_Data_Collection.o
                0x0000000020004300                send_Data_Collection
 .data.start_data_collection
                0x0000000020004310       0x10 obj_zoul/DGHS_Data_Collection.o
                0x0000000020004310                start_data_collection
 .data.in_union_mem
                0x0000000020004320        0xc obj_zoul/DGHS_Data_Collection.o
 .data.out_evaluation_data_collection
                0x000000002000432c       0x10 obj_zoul/DGHS_Data_Collection.o
                0x000000002000432c                out_evaluation_data_collection
 .data.in_evaluation_data_collection
                0x000000002000433c       0x10 obj_zoul/DGHS_Data_Collection.o
                0x000000002000433c                in_evaluation_data_collection
 .data.out_union_mem
                0x000000002000434c        0xc obj_zoul/DGHS_Data_Collection.o
 .data.response_to_data_collection
                0x0000000020004358       0x10 obj_zoul/DGHS_Data_Collection.o
                0x0000000020004358                response_to_data_collection
 .data.history_mem_4
                0x0000000020004368        0xc obj_zoul/DGHS_Data_Collection.o
 .data.mac_pan_id
                0x0000000020004374        0x2 obj_zoul/frame802154.o
 .data.send_on_cca
                0x0000000020004376        0x1 obj_zoul/cc2538-rf.o
 .data.rf_channel
                0x0000000020004377        0x1 obj_zoul/cc2538-rf.o
                0x0000000020004378                _edata = .
                0x000000000020cacc                _ldata = LOADADDR (.data)

.igot.plt       0x0000000020004378        0x0 load address 0x000000000020ce04
 .igot.plt      0x0000000020004378        0x0 obj_zoul/startup-gcc.o

.ARM.exidx      0x000000000020ce04        0x8
 *(SORT(.ARM.exidx*))
 .ARM.exidx     0x000000000020ce04        0x8 /usr/lib/gcc/arm-none-eabi/4.9.3/armv7-m/libgcc.a(_divdi3.o)
 .ARM.exidx     0x000000000020ce0c        0x0 /usr/lib/gcc/arm-none-eabi/4.9.3/armv7-m/libgcc.a(_udivdi3.o)
                                          0x8 (size before relaxing)

.bss            0x0000000020004378     0x29d6
                0x0000000020004378                _bss = .
 *(SORT(.bss*))
 .bss.rt_ticks_startup
                0x0000000020004378        0x8 obj_zoul/clock.o
 .bss.rt_ticks_epoch
                0x0000000020004380        0x8 obj_zoul/clock.o
 .bss.press_counter
                0x0000000020004388       0x20 obj_zoul/button-sensor.o
 .bss.debouncetimer
                0x00000000200043a8        0x8 obj_zoul/button-sensor.o
 .bss.press_duration
                0x00000000200043b0        0x4 obj_zoul/button-sensor.o
 .bss.next_trigger
                0x00000000200043b4        0x4 obj_zoul/rtimer-arch.o
 .bss.input_handler
                0x00000000200043b8        0x8 obj_zoul/uart.o
 .bss.gpio_callbacks
                0x00000000200043c0       0x80 obj_zoul/gpio.o
 .bss.ioc_sel   0x0000000020004440        0x4 obj_zoul/ioc.o
 .bss.ioc_over  0x0000000020004444        0x4 obj_zoul/ioc.o
 .bss.notification_process
                0x0000000020004448        0x4 obj_zoul/crypto.o
 .bss.periph_permit_pm1_funcs
                0x000000002000444c       0x14 obj_zoul/lpm.o
 .bss.notification_process
                0x0000000020004460        0x4 obj_zoul/pka.o
 .bss.ctimer_list_list
                0x0000000020004464        0x4 obj_zoul/ctimer.o
 .bss.timerlist
                0x0000000020004468        0x4 obj_zoul/etimer.o
 .bss.next_expiration
                0x000000002000446c        0x4 obj_zoul/etimer.o
 .bss.process_current
                0x0000000020004470        0x4 obj_zoul/process.o
                0x0000000020004470                process_current
 .bss.process_list
                0x0000000020004474        0x4 obj_zoul/process.o
                0x0000000020004474                process_list
 .bss.events    0x0000000020004478      0x180 obj_zoul/process.o
 .bss.next_rtimer
                0x00000000200045f8        0x4 obj_zoul/rtimer.o
 .bss.rxbuf     0x00000000200045fc        0x8 obj_zoul/serial-line.o
 .bss.ptr.5178  0x0000000020004604        0x4 obj_zoul/serial-line.o
 .bss.events.5194
                0x0000000020004608        0x4 obj_zoul/sensors.o
 .bss.i.5193    0x000000002000460c        0x4 obj_zoul/sensors.o
 .bss.c         0x0000000020004610       0x6c obj_zoul/broadcast-announcement.o
 .bss.channel_list_list
                0x000000002000467c        0x4 obj_zoul/channel.o
 .bss.sniffers_list
                0x0000000020004680        0x4 obj_zoul/rime.o
 .bss.announcements_list
                0x0000000020004684        0x4 obj_zoul/announcement.o
 .bss.observer_callback
                0x0000000020004688        0x4 obj_zoul/announcement.o
 .bss.bufmem_memb_mem
                0x000000002000468c       0x20 obj_zoul/queuebuf.o
 .bss.packetbuf_aligned
                0x00000000200046ac       0x80 obj_zoul/packetbuf.o
 .bss.received_seqnos
                0x000000002000472c       0xc0 obj_zoul/mac-sequence.o
 .bss.metadata_memb_memb_mem
                0x00000000200047ec       0x60 obj_zoul/csma.o
 .bss.neighbor_list_list
                0x000000002000484c        0x4 obj_zoul/csma.o
 .bss.packet_memb_memb_mem
                0x0000000020004850       0x60 obj_zoul/csma.o
 .bss.neighbor_memb_memb_mem
                0x00000000200048b0       0x68 obj_zoul/csma.o
 .bss.cycle_start
                0x0000000020004918        0x4 obj_zoul/contikimac.o
 .bss.we_are_receiving_burst
                0x000000002000491c        0x4 obj_zoul/contikimac.o
 .bss.rt        0x0000000020004920        0xc obj_zoul/contikimac.o
 .bss.ct.7564   0x000000002000492c       0x20 obj_zoul/contikimac.o
 .bss.start.7489
                0x000000002000494c        0x4 obj_zoul/contikimac.o
 .bss.et.7570   0x0000000020004950       0x10 example-DGHS.co
 .bss.neighbors_list_list
                0x0000000020004960        0x4 obj_zoul/DGHS_neighbor_discovery.o
 .bss.ru_msg.7603
                0x0000000020004964        0x8 obj_zoul/DGHS_neighbor_discovery.o
 .bss.et.7666   0x000000002000496c       0x10 obj_zoul/DGHS_neighbor_discovery.o
 .bss.n.7665    0x000000002000497c        0x4 obj_zoul/DGHS_neighbor_discovery.o
 .bss.history_table_1_list
                0x0000000020004980        0x4 obj_zoul/DGHS_neighbor_discovery.o
 .bss.runicast_1
                0x0000000020004984       0x50 obj_zoul/DGHS_neighbor_discovery.o
 .bss.runicast_agreement_list_list
                0x00000000200049d4        0x4 obj_zoul/DGHS_neighbor_discovery.o
 .bss.et.7653   0x00000000200049d8       0x10 obj_zoul/DGHS_neighbor_discovery.o
 .bss.broadcast
                0x00000000200049e8       0x18 obj_zoul/DGHS_neighbor_discovery.o
 .bss.ru_list.7641
                0x0000000020004a00        0x4 obj_zoul/DGHS_neighbor_discovery.o
 .bss.ru_msg.7576
                0x0000000020004a04        0x4 obj_zoul/DGHS_neighbor_discovery.o
 .bss.et1.7679  0x0000000020004a08       0x10 obj_zoul/DGHS_neighbor_discovery.o
 .bss.history_mem_1_memb_mem
                0x0000000020004a18      0x100 obj_zoul/DGHS_neighbor_discovery.o
 .bss.runicast_agreement_memb_memb_mem
                0x0000000020004b18       0xc0 obj_zoul/DGHS_neighbor_discovery.o
 .bss.ru_list.7681
                0x0000000020004bd8        0x4 obj_zoul/DGHS_neighbor_discovery.o
 .bss.et2.7680  0x0000000020004bdc       0x10 obj_zoul/DGHS_neighbor_discovery.o
 .bss.neighbors_memb_memb_mem
                0x0000000020004bec      0x1c0 obj_zoul/DGHS_neighbor_discovery.o
 .bss.ru_msg.7695
                0x0000000020004dac        0x8 obj_zoul/DGHS_neighbor_discovery.o
 .bss.history_table_2_list
                0x0000000020004db4        0x4 obj_zoul/DGHS_Gallager_Humblet_Spira.o
 .bss.rep_msg.7771
                0x0000000020004db8        0x8 obj_zoul/DGHS_Gallager_Humblet_Spira.o
 .bss.i_msg.7837
                0x0000000020004dc0       0x14 obj_zoul/DGHS_Gallager_Humblet_Spira.o
 .bss.in_union_list_list
                0x0000000020004dd4        0x4 obj_zoul/DGHS_Gallager_Humblet_Spira.o
 .bss.i_msg_temp.7696
                0x0000000020004dd8       0x14 obj_zoul/DGHS_Gallager_Humblet_Spira.o
 .bss.runicast_2
                0x0000000020004dec       0x50 obj_zoul/DGHS_Gallager_Humblet_Spira.o
 .bss.out_l.7683
                0x0000000020004e3c        0x4 obj_zoul/DGHS_Gallager_Humblet_Spira.o
 .bss.t_msg.7838
                0x0000000020004e40       0x10 obj_zoul/DGHS_Gallager_Humblet_Spira.o
 .bss.n.7713    0x0000000020004e50        0x4 obj_zoul/DGHS_Gallager_Humblet_Spira.o
 .bss.in_l.7647
                0x0000000020004e54        0x4 obj_zoul/DGHS_Gallager_Humblet_Spira.o
 .bss.history_mem_2_memb_mem
                0x0000000020004e58      0x100 obj_zoul/DGHS_Gallager_Humblet_Spira.o
 .bss.F.7685    0x0000000020004f58        0x8 obj_zoul/DGHS_Gallager_Humblet_Spira.o
 .bss.in_l.7684
                0x0000000020004f60        0x4 obj_zoul/DGHS_Gallager_Humblet_Spira.o
 .bss.n.7697    0x0000000020004f64        0x4 obj_zoul/DGHS_Gallager_Humblet_Spira.o
 .bss.et1.7820  0x0000000020004f68       0x10 obj_zoul/DGHS_Gallager_Humblet_Spira.o
 .bss.out_union_list_list
                0x0000000020004f78        0x4 obj_zoul/DGHS_Gallager_Humblet_Spira.o
 .bss.out_l.7761
                0x0000000020004f7c        0x4 obj_zoul/DGHS_Gallager_Humblet_Spira.o
 .bss.out_l.7784
                0x0000000020004f80        0x4 obj_zoul/DGHS_Gallager_Humblet_Spira.o
 .bss.t_msg.7726
                0x0000000020004f84       0x10 obj_zoul/DGHS_Gallager_Humblet_Spira.o
 .bss.out_l.7671
                0x0000000020004f94        0x4 obj_zoul/DGHS_Gallager_Humblet_Spira.o
 .bss.in_l.7727
                0x0000000020004f98        0x4 obj_zoul/DGHS_Gallager_Humblet_Spira.o
 .bss.out_l.7822
                0x0000000020004f9c        0x4 obj_zoul/DGHS_Gallager_Humblet_Spira.o
 .bss.in_union_mem_memb_mem
                0x0000000020004fa0      0x348 obj_zoul/DGHS_Gallager_Humblet_Spira.o
 .bss.out_l.7698
                0x00000000200052e8        0x4 obj_zoul/DGHS_Gallager_Humblet_Spira.o
 .bss.rep_msg.7760
                0x00000000200052ec        0x8 obj_zoul/DGHS_Gallager_Humblet_Spira.o
 .bss.et2.7805  0x00000000200052f4       0x10 obj_zoul/DGHS_Gallager_Humblet_Spira.o
 .bss.in_l.7806
                0x0000000020005304        0x4 obj_zoul/DGHS_Gallager_Humblet_Spira.o
 .bss.out_l.7711
                0x0000000020005308        0x4 obj_zoul/DGHS_Gallager_Humblet_Spira.o
 .bss.out_l.7730
                0x000000002000530c        0x4 obj_zoul/DGHS_Gallager_Humblet_Spira.o
 .bss.et1.7804  0x0000000020005310       0x10 obj_zoul/DGHS_Gallager_Humblet_Spira.o
 .bss.rep_msg.7841
                0x0000000020005320        0x8 obj_zoul/DGHS_Gallager_Humblet_Spira.o
 .bss.out_union_mem_memb_mem
                0x0000000020005328      0x348 obj_zoul/DGHS_Gallager_Humblet_Spira.o
 .bss.i_msg.7682
                0x0000000020005670       0x14 obj_zoul/DGHS_Gallager_Humblet_Spira.o
 .bss.t_msg.7712
                0x0000000020005684       0x10 obj_zoul/DGHS_Gallager_Humblet_Spira.o
 .bss.i_msg.7695
                0x0000000020005694       0x14 obj_zoul/DGHS_Gallager_Humblet_Spira.o
 .bss.et2.7821  0x00000000200056a8       0x10 obj_zoul/DGHS_Gallager_Humblet_Spira.o
 .bss.in_l.7772
                0x00000000200056b8        0x4 obj_zoul/DGHS_Gallager_Humblet_Spira.o
 .bss.et2.7687  0x00000000200056bc       0x10 obj_zoul/DGHS_Dynamic_Gallager_Humblet_Spira.o
 .bss.history_mem_3_memb_mem
                0x00000000200056cc      0x100 obj_zoul/DGHS_Dynamic_Gallager_Humblet_Spira.o
 .bss.history_table_3_list
                0x00000000200057cc        0x4 obj_zoul/DGHS_Dynamic_Gallager_Humblet_Spira.o
 .bss.in_l.7704
                0x00000000200057d0        0x4 obj_zoul/DGHS_Dynamic_Gallager_Humblet_Spira.o
 .bss.runicast_3
                0x00000000200057d4       0x50 obj_zoul/DGHS_Dynamic_Gallager_Humblet_Spira.o
 .bss.out_l.7688
                0x0000000020005824        0x4 obj_zoul/DGHS_Dynamic_Gallager_Humblet_Spira.o
 .bss.in_union_mem_memb_mem
                0x0000000020005828      0x168 obj_zoul/DGHS_Dynamic_Gallager_Humblet_Spira.o
 .bss.et1.7702  0x0000000020005990       0x10 obj_zoul/DGHS_Dynamic_Gallager_Humblet_Spira.o
 .bss.out_union_mem_memb_mem
                0x00000000200059a0      0x168 obj_zoul/DGHS_Dynamic_Gallager_Humblet_Spira.o
 .bss.in_union_list_list
                0x0000000020005b08        0x4 obj_zoul/DGHS_Dynamic_Gallager_Humblet_Spira.o
 .bss.et1.7686  0x0000000020005b0c       0x10 obj_zoul/DGHS_Dynamic_Gallager_Humblet_Spira.o
 .bss.out_union_list_list
                0x0000000020005b1c        0x4 obj_zoul/DGHS_Dynamic_Gallager_Humblet_Spira.o
 .bss.in_l.7577
                0x0000000020005b20        0x4 obj_zoul/DGHS_Dynamic_Gallager_Humblet_Spira.o
 .bss.et2.7703  0x0000000020005b24       0x10 obj_zoul/DGHS_Dynamic_Gallager_Humblet_Spira.o
 .bss.out_l.7647
                0x0000000020005b34        0x4 obj_zoul/DGHS_Dynamic_Gallager_Humblet_Spira.o
 .bss.n.7646    0x0000000020005b38        0x4 obj_zoul/DGHS_Dynamic_Gallager_Humblet_Spira.o
 .bss.et1.8205  0x0000000020005b3c       0x10 obj_zoul/DGHS_Data_Collection.o
 .bss.out_union_list_list
                0x0000000020005b4c        0x4 obj_zoul/DGHS_Data_Collection.o
 .bss.et1.8221  0x0000000020005b50       0x10 obj_zoul/DGHS_Data_Collection.o
 .bss.frac_humidity.8195
                0x0000000020005b60        0x4 obj_zoul/DGHS_Data_Collection.o
 .bss.in_l.8223
                0x0000000020005b64        0x4 obj_zoul/DGHS_Data_Collection.o
 .bss.s_humidity.8193
                0x0000000020005b68        0x4 obj_zoul/DGHS_Data_Collection.o
 .bss.data_coll_msg.8237
                0x0000000020005b6c       0x14 obj_zoul/DGHS_Data_Collection.o
 .bss.dec_humidity.8194
                0x0000000020005b80        0x4 obj_zoul/DGHS_Data_Collection.o
 .bss.history_mem_4_memb_mem
                0x0000000020005b84      0x100 obj_zoul/DGHS_Data_Collection.o
 .bss.runicast_4
                0x0000000020005c84       0x50 obj_zoul/DGHS_Data_Collection.o
 .bss.dec_temperature.8188
                0x0000000020005cd4        0x4 obj_zoul/DGHS_Data_Collection.o
 .bss.frac_light.8192
                0x0000000020005cd8        0x4 obj_zoul/DGHS_Data_Collection.o
 .bss.out_union_mem_memb_mem
                0x0000000020005cdc      0x348 obj_zoul/DGHS_Data_Collection.o
 .bss.in_union_list_list
                0x0000000020006024        0x4 obj_zoul/DGHS_Data_Collection.o
 .bss.data_coll_msg_temp.8186
                0x0000000020006028       0x14 obj_zoul/DGHS_Data_Collection.o
 .bss.et2.8206  0x000000002000603c       0x10 obj_zoul/DGHS_Data_Collection.o
 .bss.s_light.8190
                0x000000002000604c        0x4 obj_zoul/DGHS_Data_Collection.o
 .bss.in_union_mem_memb_mem
                0x0000000020006050      0x348 obj_zoul/DGHS_Data_Collection.o
 .bss.in_l.8127
                0x0000000020006398        0x4 obj_zoul/DGHS_Data_Collection.o
 .bss.et2.8222  0x000000002000639c       0x10 obj_zoul/DGHS_Data_Collection.o
 .bss.history_table_4_list
                0x00000000200063ac        0x4 obj_zoul/DGHS_Data_Collection.o
 .bss.out_l.8207
                0x00000000200063b0        0x4 obj_zoul/DGHS_Data_Collection.o
 .bss.s_temperature.8187
                0x00000000200063b4        0x4 obj_zoul/DGHS_Data_Collection.o
 .bss.out_l.8184
                0x00000000200063b8        0x4 obj_zoul/DGHS_Data_Collection.o
 .bss.data_coll_msg.8185
                0x00000000200063bc       0x14 obj_zoul/DGHS_Data_Collection.o
 .bss.frac_temperature.8189
                0x00000000200063d0        0x4 obj_zoul/DGHS_Data_Collection.o
 .bss.dec_light.8191
                0x00000000200063d4        0x4 obj_zoul/DGHS_Data_Collection.o
 .bss.buframmem_memb_mem
                0x00000000200063d8      0x600 obj_zoul/queuebuf.o
 .bss.buflen    0x00000000200069d8        0x2 obj_zoul/packetbuf.o
 .bss.bufptr    0x00000000200069da        0x2 obj_zoul/packetbuf.o
 .bss.seqno.6764
                0x00000000200069dc        0x2 obj_zoul/csma.o
 .bss.pt        0x00000000200069de        0x2 obj_zoul/contikimac.o
 .bss.co_msg.7783
                0x00000000200069e0        0x6 obj_zoul/DGHS_Gallager_Humblet_Spira.o
 .bss.a_msg.7740
                0x00000000200069e6        0x4 obj_zoul/DGHS_Gallager_Humblet_Spira.o
 .bss.a_msg.7728
                0x00000000200069ea        0x4 obj_zoul/DGHS_Gallager_Humblet_Spira.o
 .bss.cha_root_msg.7794
                0x00000000200069ee        0x4 obj_zoul/DGHS_Gallager_Humblet_Spira.o
 .bss.co_msg.7670
                0x00000000200069f2        0x6 obj_zoul/DGHS_Gallager_Humblet_Spira.o
 .bss.msg_type.7646
                0x00000000200069f8        0x2 obj_zoul/DGHS_Gallager_Humblet_Spira.o
 .bss.a_msg.7839
                0x00000000200069fa        0x4 obj_zoul/DGHS_Gallager_Humblet_Spira.o
 .bss.co_msg.7681
                0x00000000200069fe        0x6 obj_zoul/DGHS_Gallager_Humblet_Spira.o
 .bss.rej_msg.7840
                0x0000000020006a04        0x4 obj_zoul/DGHS_Gallager_Humblet_Spira.o
 .bss.rej_msg.7729
                0x0000000020006a08        0x4 obj_zoul/DGHS_Gallager_Humblet_Spira.o
 .bss.cha_root_msg.7842
                0x0000000020006a0c        0x4 obj_zoul/DGHS_Gallager_Humblet_Spira.o
 .bss.cha_root_msg.7782
                0x0000000020006a10        0x4 obj_zoul/DGHS_Gallager_Humblet_Spira.o
 .bss.rej_msg.7750
                0x0000000020006a14        0x4 obj_zoul/DGHS_Gallager_Humblet_Spira.o
 .bss.co_msg.7836
                0x0000000020006a18        0x6 obj_zoul/DGHS_Gallager_Humblet_Spira.o
 .bss.point_to_sink.7675
                0x0000000020006a1e        0x4 obj_zoul/DGHS_Dynamic_Gallager_Humblet_Spira.o
 .bss.point_to_sink.7719
                0x0000000020006a22        0x4 obj_zoul/DGHS_Dynamic_Gallager_Humblet_Spira.o
 .bss.end_ghs.7648
                0x0000000020006a26        0x4 obj_zoul/DGHS_Dynamic_Gallager_Humblet_Spira.o
 .bss.msg_type.7576
                0x0000000020006a2a        0x2 obj_zoul/DGHS_Dynamic_Gallager_Humblet_Spira.o
 .bss.end_ghs.7718
                0x0000000020006a2c        0x4 obj_zoul/DGHS_Dynamic_Gallager_Humblet_Spira.o
 .bss.point_to_sink.7649
                0x0000000020006a30        0x4 obj_zoul/DGHS_Dynamic_Gallager_Humblet_Spira.o
 .bss.msg_type.8126
                0x0000000020006a34        0x2 obj_zoul/DGHS_Data_Collection.o
 .bss.leds      0x0000000020006a36        0x1 obj_zoul/leds.o
 .bss.press_event_counter
                0x0000000020006a37        0x1 obj_zoul/button-sensor.o
 .bss.initialized
                0x0000000020006a38        0x1 obj_zoul/antenna-sw.o
 .bss.crc_corr  0x0000000020006a39        0x1 obj_zoul/cc2538-rf.o
 .bss.rssi      0x0000000020006a3a        0x1 obj_zoul/cc2538-rf.o
 .bss.poll_mode
                0x0000000020006a3b        0x1 obj_zoul/cc2538-rf.o
 .bss.rf_flags  0x0000000020006a3c        0x1 obj_zoul/cc2538-rf.o
 .bss.max_pm    0x0000000020006a3d        0x1 obj_zoul/lpm.o
 .bss.initialized
                0x0000000020006a3e        0x1 obj_zoul/ctimer.o
 .bss.fevent    0x0000000020006a3f        0x1 obj_zoul/process.o
 .bss.nevents   0x0000000020006a40        0x1 obj_zoul/process.o
 .bss.poll_requested
                0x0000000020006a41        0x1 obj_zoul/process.o
 .bss.lastevent
                0x0000000020006a42        0x1 obj_zoul/process.o
 .bss.rxbuf_data
                0x0000000020006a43       0x80 obj_zoul/serial-line.o
 .bss.overflow.5171